./gradlew : e: file:///
  ed: (e: file:///D:   
e: file:///D:/mediascro