02-23 12:41:27.286  1596  1878 D OemPaidWifiNetworkFactory: got request NetworkRequest [ REQUEST id=7672, [ Capabilities: INTERNET&NOT_RESTRICTED&TRUSTED&NOT_VCN_MANAGED&NOT_BANDWIDTH_CONSTRAINED Uid: 10237 RequestorUid: 10237 RequestorPkg: com.instagram.android UnderlyingNetworks: Null] ]
02-23 12:41:27.286  1596  1878 D MultiInternetWifiNetworkFactory: got request NetworkRequest [ REQUEST id=7672, [ Capabilities: INTERNET&NOT_RESTRICTED&TRUSTED&NOT_VCN_MANAGED&NOT_BANDWIDTH_CONSTRAINED Uid: 10237 RequestorUid: 10237 RequestorPkg: com.instagram.android UnderlyingNetworks: Null] ]
02-23 12:41:27.286  1596  1878 D WifiNetworkFactory: got request NetworkRequest [ REQUEST id=7672, [ Capabilities: INTERNET&NOT_RESTRICTED&TRUSTED&NOT_VCN_MANAGED&NOT_BANDWIDTH_CONSTRAINED Uid: 10237 RequestorUid: 10237 RequestorPkg: com.instagram.android UnderlyingNetworks: Null] ]
02-23 12:41:27.287  1596  1889 D ConnectivityService: NetReassign [7672 : null ΓåÆ 122] [c 0] [a 2] [i 5]
02-23 12:41:27.289  1596  1878 D UntrustedWifiNetworkFactory: got request NetworkRequest [ REQUEST id=7672, [ Capabilities: INTERNET&NOT_RESTRICTED&TRUSTED&NOT_VCN_MANAGED&NOT_BANDWIDTH_CONSTRAINED Uid: 10237 RequestorUid: 10237 RequestorPkg: com.instagram.android UnderlyingNetworks: Null] ]
02-23 12:41:27.303  4202 26891 I fabn    : (REDACTED) appOpsListener %s %s
02-23 12:41:27.303  4202 26891 I fabn    : (REDACTED) Ignoring irrelevant audio permission changes for package %s
02-23 12:41:27.317 16015 16084 W SoLoader: SoLoader already initialized
02-23 12:41:27.319 16015 16149 W SoLoader: SoLoader already initialized
02-23 12:41:27.320 16015 16084 W AppInitScheduler|Run:   Finished AnalyticsInitializer in 49ms
02-23 12:41:27.320 16015 16084 W AppInitScheduler|Schedule:   Executing 80:PendingMediaInitializer
02-23 12:41:27.320 16015 16084 W AppInitScheduler|Run: Running PendingMediaInitializer
02-23 12:41:27.321 16015 16084 W AppInitScheduler|Run:   Finished PendingMediaInitializer in 0ms
02-23 12:41:27.321 16015 16084 W AppInitScheduler|Schedule:   Executing 140:DirectInitializer
02-23 12:41:27.321 16015 16084 W AppInitScheduler|Run: Running DirectInitializer
02-23 12:41:27.321 16015 16084 W AppInitScheduler|Run:   Finished DirectInitializer in 0ms
02-23 12:41:27.321 16015 16084 W AppInitScheduler|Schedule:   Executing 79:PandoGraphQLInitializer
02-23 12:41:27.321 16015 16084 W AppInitScheduler|Run: Running PandoGraphQLInitializer
02-23 12:41:27.321 16015 16084 W AppInitScheduler|Run:   Finished PandoGraphQLInitializer in 1ms
02-23 12:41:27.322 16015 16084 W AppInitScheduler|Schedule:   Executing 135:SDBInitializer
02-23 12:41:27.322 16015 16084 W AppInitScheduler|Run: Running SDBInitializer
02-23 12:41:27.322 16015 16084 W AppInitScheduler|Run:   Finished SDBInitializer in 1ms
02-23 12:41:27.322 16015 16084 W AppInitScheduler|Schedule:   Executing 142:DirectBootstrapInitializer
02-23 12:41:27.322 16015 16084 W AppInitScheduler|Run: Running DirectBootstrapInitializer
02-23 12:41:27.322 16015 16084 W AppInitScheduler|Run:   Finished DirectBootstrapInitializer in 0ms
02-23 12:41:27.322 16015 16084 W AppInitScheduler|Schedule:   Executing 93:SessionScopedProviderInitializer
02-23 12:41:27.322 16015 16084 W AppInitScheduler|Run: Running SessionScopedProviderInitializer
02-23 12:41:27.323 16015 16086 W SessionScopedProviderInitializer: Initialize com.instagram.ui.widget.keyboardlistenerprovider.KeyboardChangeDetectorProvider.SessionStartHook start
02-23 12:41:27.324 16015 16086 W SessionScopedProviderInitializer: Initialize com.instagram.ui.widget.keyboardlistenerprovider.KeyboardChangeDetectorProvider.SessionStartHook end
02-23 12:41:27.324 16015 16108 W SessionScopedProviderInitializer: Initialize com.instagram.preferences.user.UserSessionStart start
02-23 12:41:27.324 16015 16108 W SessionScopedProviderInitializer: Initialize com.instagram.preferences.user.UserSessionStart end
02-23 12:41:27.324 16015 16086 W SessionScopedProviderInitializer: Initialize com.facebook.papaya.fb.instagram.lightweight.UserSessionStart start
02-23 12:41:27.324 16015 16108 W SessionScopedProviderInitializer: Initialize com.instagram.common.lifecycle.lifecyclelistener.LifecycleDetector.LifecycleListenersUserSessionManager start
02-23 12:41:27.324 16015 16086 W SessionScopedProviderInitializer: Initialize com.facebook.papaya.fb.instagram.lightweight.UserSessionStart end
02-23 12:41:27.324 16015 16108 W SessionScopedProviderInitializer: Initialize com.instagram.common.lifecycle.lifecyclelistener.LifecycleDetector.LifecycleListenersUserSessionManager end
02-23 12:41:27.324 16015 16086 W SessionScopedProviderInitializer: Initialize com.instagram.distribgw.client.DGWZeroUrlUpdaterOnUserSessionStart start
02-23 12:41:27.324 16015 16086 W SessionScopedProviderInitializer: Initialize com.instagram.distribgw.client.DGWZeroUrlUpdaterOnUserSessionStart end
02-23 12:41:27.324 16015 16086 W SessionScopedProviderInitializer: Initialize com.instagram.audio.AudioFocusUserSessionStart start
02-23 12:41:27.324 16015 16086 W SessionScopedProviderInitializer: Initialize com.instagram.audio.AudioFocusUserSessionStart end
02-23 12:41:27.324 16015 16108 W SessionScopedProviderInitializer: Initialize com.instagram.analytics.videoqpl.UserSessionStart start
02-23 12:41:27.324 16015 16108 W SessionScopedProviderInitializer: Initialize com.instagram.analytics.videoqpl.UserSessionStart end
02-23 12:41:27.324 16015 16088 W SessionScopedProviderInitializer: Initialize com.instagram.lazyload.downloadablemodules.impl.IgFallbackPrefetcherImpl start
02-23 12:41:27.324 16015 16067 W SessionScopedProviderInitializer: Initialize com.instagram.fxcache.fetainfo.UserSessionStart start
02-23 12:41:27.325 16015 16108 W SessionScopedProviderInitializer: Initialize com.instagram.video.player.hero.IgHeroServiceController.IgHeroServiceControllerInitializerProvider start
02-23 12:41:27.325 16015 16067 W SessionScopedProviderInitializer: Initialize com.instagram.fxcache.fetainfo.UserSessionStart end
02-23 12:41:27.325 16015 16097 W SessionScopedProviderInitializer: Initialize com.facebook.papaya.fb.instagram.UserSessionStart start
02-23 12:41:27.325 16015 16067 W SessionScopedProviderInitializer: Initialize com.instagram.video.player.common.VideoBoundaryTestHelper start
02-23 12:41:27.325 16015 16097 W SessionScopedProviderInitializer: Initialize com.facebook.papaya.fb.instagram.UserSessionStart end
02-23 12:41:27.325 16015 16099 W SessionScopedProviderInitializer: Initialize com.facebook.mobileboost.apps.instagram.BoostSessionScopedUpdater start
02-23 12:41:27.325 16015 16099 W SessionScopedProviderInitializer: Initialize com.facebook.mobileboost.apps.instagram.BoostSessionScopedUpdater end
02-23 12:41:27.325 16015 16099 W SessionScopedProviderInitializer: Initialize com.instagram.creation.capture.quickcapture.lifecyclemanager.UserSessionStart start
02-23 12:41:27.325 16015 16097 W SessionScopedProviderInitializer: Initialize com.instagram.creation.capture.quickcapture.analytics.UserSessionStart start
02-23 12:41:27.325 16015 16086 W SessionScopedProviderInitializer: Initialize com.instagram.model.sponsored.UserSessionStart start
02-23 12:41:27.325 16015 16101 W SessionScopedProviderInitializer: Initialize com.facebook.papaya.fb.instagram.papaya.UserSessionStart start
02-23 12:41:27.325 16015 16086 W SessionScopedProviderInitializer: Initialize com.instagram.model.sponsored.UserSessionStart end
02-23 12:41:27.325 16015 16101 W SessionScopedProviderInitializer: Initialize com.facebook.papaya.fb.instagram.papaya.UserSessionStart end
02-23 12:41:27.325 16015 16086 W SessionScopedProviderInitializer: Initialize com.instagram.prefetch.PrefetchScheduler.PrefetchSchedulerInitializerProvider start
02-23 12:41:27.325 16015 16067 W SessionScopedProviderInitializer: Initialize com.instagram.video.player.common.VideoBoundaryTestHelper end
02-23 12:41:27.325 16015 16086 W SessionScopedProviderInitializer: Initialize com.instagram.prefetch.PrefetchScheduler.PrefetchSchedulerInitializerProvider end
02-23 12:41:27.325 16015 16086 W SessionScopedProviderInitializer: Initialize com.facebook.showreelnativesdk.instagram.dependencyprovider.UserSessionStart start
02-23 12:41:27.325 16015 16086 W SessionScopedProviderInitializer: Initialize com.facebook.showreelnativesdk.instagram.dependencyprovider.UserSessionStart end
02-23 12:41:27.325 16015 16067 W SessionScopedProviderInitializer: Initialize com.instagram.privacy.cpdp.loggers.UserSessionStartListener start
02-23 12:41:27.325 16015 16086 W SessionScopedProviderInitializer: Initialize com.instagram.analytics.datausage.DataUsageReporterStatic start
02-23 12:41:27.325 16015 16086 W SessionScopedProviderInitializer: Initialize com.instagram.analytics.datausage.DataUsageReporterStatic end
02-23 12:41:27.325 16015 16086 W SessionScopedProviderInitializer: Initialize com.instagram.api.tigon.appnetsessionid.igsessionidgenerator.UserSessionStart start
02-23 12:41:27.325 16015 16086 W SessionScopedProviderInitializer: Initialize com.instagram.api.tigon.appnetsessionid.igsessionidgenerator.UserSessionStart end
02-23 12:41:27.325 16015 16101 W SessionScopedProviderInitializer: Initialize com.facebook.security.detectkitv2.ig4a.DetectController.OnSessionStart start
02-23 12:41:27.326 16015 16099 W SessionScopedProviderInitializer: Initialize com.instagram.creation.capture.quickcapture.lifecyclemanager.UserSessionStart end
02-23 12:41:27.326 16015 16110 W SessionScopedProviderInitializer: Initialize com.instagram.quickexperiment.early.UserSessionStart start
02-23 12:41:27.326 16015 16110 W SessionScopedProviderInitializer: Initialize com.instagram.quickexperiment.early.UserSessionStart end
02-23 12:41:27.326 16015 16099 W SessionScopedProviderInitializer: Initialize com.instagram.appinitializer.session.UserSessionStart start
02-23 12:41:27.326 16015 16067 W SessionScopedProviderInitializer: Initialize com.instagram.privacy.cpdp.loggers.UserSessionStartListener end
02-23 12:41:27.326 16015 16101 W SessionScopedProviderInitializer: Initialize com.facebook.security.detectkitv2.ig4a.DetectController.OnSessionStart end
02-23 12:41:27.326 16015 16101 W SessionScopedProviderInitializer: Initialize com.instagram.pendingmedia.store.UserSessionStart start
02-23 12:41:27.326 16015 16067 W SessionScopedProviderInitializer: Initialize com.instagram.appinitializer.imageinfra.ImageInfraSessionInitializerProvider start
02-23 12:41:27.327 16015 16086 W SessionScopedProviderInitializer: Initialize com.instagram.analytics.traffic.UserSessionStart start
02-23 12:41:27.327 16015 16086 W SessionScopedProviderInitializer: Initialize com.instagram.analytics.traffic.UserSessionStart end
02-23 12:41:27.327 16015 16086 W SessionScopedProviderInitializer: Initialize com.instagram.mainfeed.delivery.logging.UserSessionStart start
02-23 12:41:27.327 16015 16086 W SessionScopedProviderInitializer: Initialize com.instagram.mainfeed.delivery.logging.UserSessionStart end
02-23 12:41:27.327 16015 16086 W SessionScopedProviderInitializer: Initialize com.instagram.appinitializer.requeststreamclient.RequestStreamClientInitializer.UserSessionStart start
02-23 12:41:27.328 16015 16110 W SessionScopedProviderInitializer: Initialize com.instagram.direct.send.deduplication.UserSessionStart start
02-23 12:41:27.328 16015 16099 W SessionScopedProviderInitializer: Initialize com.instagram.appinitializer.session.UserSessionStart end
02-23 12:41:27.328 16015 16099 W SessionScopedProviderInitializer: Initialize com.instagram.appinstallnotification.UserSessionStart start
02-23 12:41:27.328 16015 16110 W SessionScopedProviderInitializer: Initialize com.instagram.direct.send.deduplication.UserSessionStart end
02-23 12:41:27.328 16015 16110 W SessionScopedProviderInitializer: Initialize com.instagram.autocomplete.ChallengeUserSessionStart start
02-23 12:41:27.329 16015 16110 W SessionScopedProviderInitializer: Initialize com.instagram.autocomplete.ChallengeUserSessionStart end
02-23 12:41:27.329 16015 16110 W SessionScopedProviderInitializer: Initialize com.instagram.autocomplete.HashtagUserSessionStart start
02-23 12:41:27.329 16015 16099 W SessionScopedProviderInitializer: Initialize com.instagram.appinstallnotification.UserSessionStart end
02-23 12:41:27.330 16015 16101 W SessionScopedProviderInitializer: Initialize com.instagram.pendingmedia.store.UserSessionStart end
02-23 12:41:27.330 16015 16099 W SessionScopedProviderInitializer: Initialize com.instagram.avatars.store.UserSessionStart start
02-23 12:41:27.330 16015 16101 W SessionScopedProviderInitializer: Initialize com.instagram.barcelona.libraries.access.accountmanager.listener.BarcelonaAccountManagerListenerSessionBinder start
02-23 12:41:27.330 16015 16110 W SessionScopedProviderInitializer: Initialize com.instagram.autocomplete.HashtagUserSessionStart end
02-23 12:41:27.330 16015 16099 W SessionScopedProviderInitializer: Initialize com.instagram.avatars.store.UserSessionStart end
02-23 12:41:27.330 16015 16099 W SessionScopedProviderInitializer: Initialize com.instagram.basel.logging.creation.UserSessionStart start
02-23 12:41:27.330 16015 16110 W SessionScopedProviderInitializer: Initialize com.instagram.maps.analytics.MapAnalyticsLogger.UserSessionStart start
02-23 12:41:27.330 16015 16101 W SessionScopedProviderInitializer: Initialize com.instagram.barcelona.libraries.access.accountmanager.listener.BarcelonaAccountManagerListenerSessionBinder end
02-23 12:41:27.330 16015 16101 W SessionScopedProviderInitializer: Initialize com.instagram.igpermissions.igpermissionsutil.IGPermissionSharedAccountAccessInviteInfoSessionStart start
02-23 12:41:27.330 16015 16110 W SessionScopedProviderInitializer: Initialize com.instagram.maps.analytics.MapAnalyticsLogger.UserSessionStart end
02-23 12:41:27.330 16015 16110 W SessionScopedProviderInitializer: Initialize com.instagram.igpermissions.igpermissionsutil.IGPermissionsFeatureControlsSessionStart start
02-23 12:41:27.330 16015 16084 W FrscLanguagePack: FRSC English string not found for ID #0x7f1301be
02-23 12:41:27.331 16015 16084 W FrscLanguagePack: FRSC English string not found for ID #0x7f1301bd
02-23 12:41:27.331 16015 16084 W FrscLanguagePack: FRSC English string not found for ID #0x7f1301bb
02-23 12:41:27.331 16015 16084 W FrscLanguagePack: FRSC English string not found for ID #0x7f1301c3
02-23 12:41:27.331 16015 16084 W FrscLanguagePack: FRSC English string not found for ID #0x7f1301bc
02-23 12:41:27.332 16015 16084 W MDCLLight: Failed to load class from parent: com.google.firebase.dynamicloading.DynamicLoadingRegistrar
02-23 12:41:27.332 16015 16084 W MDCLLight: java.lang.ClassNotFoundException: com.google.firebase.dynamicloading.DynamicLoadingRegistrar
02-23 12:41:27.332 16015 16084 W MDCLLight: 	at java.lang.Class.classForName(Native Method)
02-23 12:41:27.332 16015 16084 W MDCLLight: 	at java.lang.BootClassLoader.findClass(ClassLoader.java:2703)
02-23 12:41:27.332 16015 16084 W MDCLLight: 	at java.lang.BootClassLoader.loadClass(ClassLoader.java:2763)
02-23 12:41:27.332 16015 16084 W MDCLLight: 	at java.lang.ClassLoader.loadClass(ClassLoader.java:578)
02-23 12:41:27.332 16015 16084 W MDCLLight: 	at com.facebook.common.dextricks.MultiDexClassLoaderLight.loadFromParent(:4)
02-23 12:41:27.332 16015 16084 W MDCLLight: 	at com.facebook.common.dextricks.MultiDexClassLoaderLight.loadClass(:38)
02-23 12:41:27.332 16015 16084 W MDCLLight: 	at java.lang.ClassLoader.loadClass(ClassLoader.java:630)
02-23 12:41:27.332 16015 16084 W MDCLLight: 	at java.lang.ClassLoader.loadClass(ClassLoader.java:578)
02-23 12:41:27.332 16015 16084 W MDCLLight: 	at java.lang.Class.classForName(Native Method)
02-23 12:41:27.332 16015 16084 W MDCLLight: 	at java.lang.Class.forName(Class.java:591)
02-23 12:41:27.332 16015 16084 W MDCLLight: 	at java.lang.Class.forName(Class.java:496)
02-23 12:41:27.332 16015 16084 W MDCLLight: 	at X.6hp.get(:7)
02-23 12:41:27.332 16015 16084 W MDCLLight: 	at X.6ik.<init>(:146)
02-23 12:41:27.332 16015 16084 W MDCLLight: 	at X.6dA.<init>(:142)
02-23 12:41:27.332 16015 16084 W MDCLLight: 	at X.AHV.A02(:863)
02-23 12:41:27.332 16015 16084 W MDCLLight: 	at X.AHV.invoke(:5)
02-23 12:41:27.332 16015 16084 W MDCLLight: 	at X.458.getValue(:25)
02-23 12:41:27.332 16015 16084 W MDCLLight: 	at X.AGM.invoke(:340)
02-23 12:41:27.332 16015 16084 W MDCLLight: 	at X.458.getValue(:25)
02-23 12:41:27.332 16015 16084 W MDCLLight: 	at X.5zn.FFV(:157)
02-23 12:41:27.332 16015 16084 W MDCLLight: 	at X.1sc.A00(:53)
02-23 12:41:27.332 16015 16084 W MDCLLight: 	at X.1zb.A05(:39)
02-23 12:41:27.332 16015 16084 W MDCLLight: 	at X.1ss.DIg(:78)
02-23 12:41:27.332 16015 16084 W MDCLLight: 	at X.1bn.A00(:82)
02-23 12:41:27.332 16015 16084 W MDCLLight: 	at X.1bn.run(:0)
02-23 12:41:27.332 16015 16084 W MDCLLight: 	at java.util.concurrent.ThreadPoolExecutor.runWorker(ThreadPoolExecutor.java:1154)
02-23 12:41:27.332 16015 16084 W MDCLLight: 	at java.util.concurrent.ThreadPoolExecutor$Worker.run(ThreadPoolExecutor.java:652)
02-23 12:41:27.332 16015 16084 W MDCLLight: 	at X.1bp.run(:15)
02-23 12:41:27.332 16015 16084 W MDCLLight: 	at java.lang.Thread.run(Thread.java:1564)
02-23 12:41:27.332 16015 16084 W MDCLLight: Caused by: java.lang.NoClassDefFoundError: Class not found using the boot class loader; no stack trace available
02-23 12:41:27.332 16015 16084 W MDCLLight: Trying to fallback load dexcom.google.firebase.dynamicloading.DynamicLoadingRegistrar moduleHint = null
02-23 12:41:27.333 16015 16084 E MDCLLight: Fallback load dex failed for com.google.firebase.dynamicloading.DynamicLoadingRegistrar
02-23 12:41:27.333 16015 16086 W SessionScopedProviderInitializer: Initialize com.instagram.appinitializer.requeststreamclient.RequestStreamClientInitializer.UserSessionStart end
02-23 12:41:27.333 16015 16084 W ComponentDiscovery: Class com.google.firebase.dynamicloading.DynamicLoadingRegistrar is not an found.
02-23 12:41:27.333 16015 16086 W SessionScopedProviderInitializer: Initialize com.instagram.igpermissions.igpermissionsutil.IGPermissionsMessagingControlsSessionStart start
02-23 12:41:27.337 16015 16088 W SessionScopedProviderInitializer: Initialize com.instagram.lazyload.downloadablemodules.impl.IgFallbackPrefetcherImpl end
02-23 12:41:27.337 16015 16088 W SessionScopedProviderInitializer: Initialize com.instagram.igpermissions.igpermissionsutil.IGPermissionsSharedAccountsSessionStart start
02-23 12:41:27.340 16015 16101 W SessionScopedProviderInitializer: Initialize com.instagram.igpermissions.igpermissionsutil.IGPermissionSharedAccountAccessInviteInfoSessionStart end
02-23 12:41:27.340 16015 16110 W SessionScopedProviderInitializer: Initialize com.instagram.igpermissions.igpermissionsutil.IGPermissionsFeatureControlsSessionStart end
02-23 12:41:27.341 16015 16101 W SessionScopedProviderInitializer: Initialize com.instagram.creation.capture.quickcapture.abtest.qccmodularization.QccModularizationQeUtil start
02-23 12:41:27.341 16015 16110 W SessionScopedProviderInitializer: Initialize com.instagram.zero.experiments.ZeroEarlyExperimentsUserSessionStart start
02-23 12:41:27.341 16015 16101 W SessionScopedProviderInitializer: Initialize com.instagram.creation.capture.quickcapture.abtest.qccmodularization.QccModularizationQeUtil end
02-23 12:41:27.341 16015 16101 W SessionScopedProviderInitializer: Initialize com.instagram.zero.main.IgZeroMainInitializer start
02-23 12:41:27.341 16015 16101 W SessionScopedProviderInitializer: Initialize com.instagram.zero.main.IgZeroMainInitializer end
02-23 12:41:27.341 16015 16101 W SessionScopedProviderInitializer: Initialize com.instagram.zero.main.IgZeroMainStartupLog start
02-23 12:41:27.341 16015 16086 W SessionScopedProviderInitializer: Initialize com.instagram.igpermissions.igpermissionsutil.IGPermissionsMessagingControlsSessionStart end
02-23 12:41:27.341 16015 16086 W SessionScopedProviderInitializer: Initialize com.instagram.wellbeing.timespent.listeners.InstagramLastActiveTimeLogger start
02-23 12:41:27.341 16015 16101 W SessionScopedProviderInitializer: Initialize com.instagram.zero.main.IgZeroMainStartupLog end
02-23 12:41:27.341 16015 16101 W SessionScopedProviderInitializer: Initialize com.instagram.wellbeing.timespent.listeners.InstagramTimeSpentManagerInitializer start
02-23 12:41:27.341 16015 16086 W SessionScopedProviderInitializer: Initialize com.instagram.wellbeing.timespent.listeners.InstagramLastActiveTimeLogger end
02-23 12:41:27.341 16015 16086 W SessionScopedProviderInitializer: Initialize com.instagram.perf.scroll.UserSessionStart start
02-23 12:41:27.341 16015 16086 W SessionScopedProviderInitializer: Initialize com.instagram.perf.scroll.UserSessionStart end
02-23 12:41:27.342 16015 16088 W SessionScopedProviderInitializer: Initialize com.instagram.igpermissions.igpermissionsutil.IGPermissionsSharedAccountsSessionStart end
02-23 12:41:27.342 16015 16086 W SessionScopedProviderInitializer: Initialize com.instagram.monetization.util.UserSessionStart start
02-23 12:41:27.342 16015 16099 W SessionScopedProviderInitializer: Initialize com.instagram.basel.logging.creation.UserSessionStart end
02-23 12:41:27.342 16015 16088 W SessionScopedProviderInitializer: Initialize com.instagram.bugreporter.rageshake.UserSessionStart start
02-23 12:41:27.342 16015 16086 W SessionScopedProviderInitializer: Initialize com.instagram.monetization.util.UserSessionStart end
02-23 12:41:27.342 16015 16099 W SessionScopedProviderInitializer: Initialize com.instagram.uxlogging.functioncorrectness.AwareInteractionQPLLogger start
02-23 12:41:27.342 16015 16088 W RageShakeDialogProviderImpl: onUserSessionStart start
02-23 12:41:27.342 16015 16097 W SessionScopedProviderInitializer: Initialize com.instagram.creation.capture.quickcapture.analytics.UserSessionStart end
02-23 12:41:27.342 16015 16097 W SessionScopedProviderInitializer: Initialize com.instagram.metacasper.UserSessionStart start
02-23 12:41:27.342 16015 16099 W SessionScopedProviderInitializer: Initialize com.instagram.uxlogging.functioncorrectness.AwareInteractionQPLLogger end
02-23 12:41:27.342 16015 16099 W SessionScopedProviderInitializer: Initialize com.instagram.casper.UserSessionStart start
02-23 12:41:27.342 16015 16088 W RageShakeSensorHelper: initInstance Initialized | rageShakeEnabled=true | shakeForceThreshold=18.042845
02-23 12:41:27.342 16015 16088 W SessionScopedProviderInitializer: Initialize com.instagram.bugreporter.rageshake.UserSessionStart end
02-23 12:41:27.342 16015 16085 W SessionScopedProviderInitializer: Initialize com.instagram.bugreporter.store.initializer.PendingBugReportInitializer start
02-23 12:41:27.343 16015 16088 W SessionScopedProviderInitializer: Initialize com.instagram.common.fxcacheinit.FxClientCacheOnUserSessionStart start
02-23 12:41:27.343 16015 16085 W SessionScopedProviderInitializer: Initialize com.instagram.bugreporter.store.initializer.PendingBugReportInitializer end
02-23 12:41:27.343 16015 16085 W SessionScopedProviderInitializer: Initialize com.instagram.common.memory.memoryredlogger.MemoryRedLogger.MemoryRedLoggerInitializer start
02-23 12:41:27.343 16015 16088 W SessionScopedProviderInitializer: Initialize com.instagram.common.fxcacheinit.FxClientCacheOnUserSessionStart end
02-23 12:41:27.343 16015 16088 W SessionScopedProviderInitializer: Initialize com.instagram.common.resources.qce.init.QuickContentExperimentStringResourcesInitializer start
02-23 12:41:27.343 16015 16088 W SessionScopedProviderInitializer: Initialize com.instagram.common.resources.qce.init.QuickContentExperimentStringResourcesInitializer end
02-23 12:41:27.343 16015 16085 W SessionScopedProviderInitializer: Initialize com.instagram.common.memory.memoryredlogger.MemoryRedLogger.MemoryRedLoggerInitializer end
02-23 12:41:27.343 16015 16085 W SessionScopedProviderInitializer: Initialize com.instagram.crossposting.noticestate.manager.UserSessionStart start
02-23 12:41:27.343 16015 16088 W SessionScopedProviderInitializer: Initialize com.instagram.deadcodedetection.IgDeadCodeDetectionManager start
02-23 12:41:27.343 16015 16088 W SessionScopedProviderInitializer: Initialize com.instagram.deadcodedetection.IgDeadCodeDetectionManager end
02-23 12:41:27.343 16015 16088 W SessionScopedProviderInitializer: Initialize com.instagram.screentime.IgScreenTimeSyncListenerStart start
02-23 12:41:27.343 16015 16088 W SessionScopedProviderInitializer: Initialize com.instagram.screentime.IgScreenTimeSyncListenerStart end
02-23 12:41:27.343 16015 16088 W SessionScopedProviderInitializer: Initialize com.instagram.debug.image.sessionhelper.UserSessionStart start
02-23 12:41:27.344 16015 16085 W SessionScopedProviderInitializer: Initialize com.instagram.crossposting.noticestate.manager.UserSessionStart end
02-23 12:41:27.344 16015 16085 W SessionScopedProviderInitializer: Initialize com.instagram.debug.quickexperiment.dumper.QuickExperimentDumperPlugin.UserSessionListener start
02-23 12:41:27.344 16015 16085 W SessionScopedProviderInitializer: Initialize com.instagram.debug.quickexperiment.dumper.QuickExperimentDumperPlugin.UserSessionListener end
02-23 12:41:27.344 16015 16088 W SessionScopedProviderInitializer: Initialize com.instagram.debug.image.sessionhelper.UserSessionStart end
02-23 12:41:27.344 16015 16085 W SessionScopedProviderInitializer: Initialize com.instagram.direct.mutation.util.DirectMutationUserSessionStartListener start
02-23 12:41:27.344 16015 16085 W SessionScopedProviderInitializer: Initialize com.instagram.direct.mutation.util.DirectMutationUserSessionStartListener end
02-23 12:41:27.344 16015 16088 W SessionScopedProviderInitializer: Initialize com.instagram.presence.dgw.IgPresenceDgwListener.UserSessionStart start
02-23 12:41:27.344 16015 16085 W SessionScopedProviderInitializer: Initialize com.instagram.rtc.dgw.IGRTCDGWStartupService start
02-23 12:41:27.344 16015 16088 W SessionScopedProviderInitializer: Initialize com.instagram.presence.dgw.IgPresenceDgwListener.UserSessionStart end
02-23 12:41:27.344 16015 16085 W SessionScopedProviderInitializer: Initialize com.instagram.rtc.dgw.IGRTCDGWStartupService end
02-23 12:41:27.344 16015 16085 W SessionScopedProviderInitializer: Initialize com.instagram.direct.msys.bugreporter.UserSessionStart start
02-23 12:41:27.344 16015 16088 W SessionScopedProviderInitializer: Initialize com.instagram.direct.initialization.DirectUserScopedInitializerUserSessionStart start
02-23 12:41:27.344 16015 16088 W DirectUserScopedInitializerUserSessionStart: onUserSessionStart, isColdStart: true
02-23 12:41:27.345 16015 16085 W SessionScopedProviderInitializer: Initialize com.instagram.direct.msys.bugreporter.UserSessionStart end
02-23 12:41:27.345 16015 16085 W SessionScopedProviderInitializer: Initialize com.instagram.emergencypush.EmergencyPushPeriodicFetchWorkerInitializer start
02-23 12:41:27.347 16015 16099 W SessionScopedProviderInitializer: Initialize com.instagram.casper.UserSessionStart end
02-23 12:41:27.347 16015 16099 W SessionScopedProviderInitializer: Initialize com.instagram.fbpay.config.UserSessionStart start
02-23 12:41:27.347 16015 16099 W SessionScopedProviderInitializer: Initialize com.instagram.fbpay.config.UserSessionStart end
02-23 12:41:27.347 16015 16099 W SessionScopedProviderInitializer: Initialize com.instagram.fbpay.ptt.pttmanagerprovider.UserSessionStart start
02-23 12:41:27.347 16015 16099 W SessionScopedProviderInitializer: Initialize com.instagram.fbpay.ptt.pttmanagerprovider.UserSessionStart end
02-23 12:41:27.348 16015 16099 W SessionScopedProviderInitializer: Initialize com.instagram.fbpay.w3c.jobs.StartKeyMigrationJob start
02-23 12:41:27.349 16015 16097 W SessionScopedProviderInitializer: Initialize com.instagram.metacasper.UserSessionStart end
02-23 12:41:27.349 16015 16097 W SessionScopedProviderInitializer: Initialize com.instagram.fbpay.w3c.jobs.UserSessionStart start
02-23 12:41:27.349 16015 16097 W SessionScopedProviderInitializer: Initialize com.instagram.fbpay.w3c.jobs.UserSessionStart end
02-23 12:41:27.350 16015 16097 W SessionScopedProviderInitializer: Initialize com.instagram.fileregistry.impl.UserSessionStart start
02-23 12:41:27.350 16015 16097 W SessionScopedProviderInitializer: Initialize com.instagram.fileregistry.impl.UserSessionStart end
02-23 12:41:27.350 16015 16097 W SessionScopedProviderInitializer: Initialize com.instagram.firstpartyinstalltracker.UserSessionStart start
02-23 12:41:27.350 16015 16067 W IgMetaConfig: Could not obtain MC: null_user_session 
02-23 12:41:27.350 16015 16067 W IgMetaConfig: java.lang.RuntimeException: Could not obtain MC, call-site will receive default values
02-23 12:41:27.350 16015 16067 W IgMetaConfig: 	at X.2kA.A06(:4)
02-23 12:41:27.350 16015 16067 W IgMetaConfig: 	at X.2kA.A05(:8)
02-23 12:41:27.350 16015 16067 W IgMetaConfig: 	at X.2kA.A03(:2)
02-23 12:41:27.350 16015 16067 W IgMetaConfig: 	at X.6ql.<init>(:3)
02-23 12:41:27.350 16015 16067 W IgMetaConfig: 	at X.6qi.<init>(:20)
02-23 12:41:27.350 16015 16067 W IgMetaConfig: 	at X.4a1.A09(:125)
02-23 12:41:27.350 16015 16067 W IgMetaConfig: 	at X.4bo.A00(:112)
02-23 12:41:27.350 16015 16067 W IgMetaConfig: 	at X.6ke.ETg(:45)
02-23 12:41:27.350 16015 16067 W IgMetaConfig: 	at X.9op.A07(:7)
02-23 12:41:27.350 16015 16067 W IgMetaConfig: 	at X.5zg.invoke(:1171)
02-23 12:41:27.350 16015 16067 W IgMetaConfig: 	at X.9vv.invokeSuspend(:1759)
02-23 12:41:27.350 16015 16067 W IgMetaConfig: 	at X.6lD.resumeWith(:15)
02-23 12:41:27.350 16015 16067 W IgMetaConfig: 	at X.6lI.run(:97)
02-23 12:41:27.350 16015 16067 W IgMetaConfig: 	at X.3mj.run(:3)
02-23 12:41:27.350 16015 16067 W IgMetaConfig: 	at X.5zm.run(:97)
02-23 12:41:27.350 16015 16067 W IgMetaConfig: 	at X.3is.run(:2)
02-23 12:41:27.350 16015 16067 W IgMetaConfig: 	at X.1ql.run(:25)
02-23 12:41:27.350 16015 16067 W IgMetaConfig: 	at java.util.concurrent.ThreadPoolExecutor.runWorker(ThreadPoolExecutor.java:1154)
02-23 12:41:27.350 16015 16067 W IgMetaConfig: 	at java.util.concurrent.ThreadPoolExecutor$Worker.run(ThreadPoolExecutor.java:652)
02-23 12:41:27.350 16015 16067 W IgMetaConfig: 	at X.1ra.run(:111)
02-23 12:41:27.350 16015 16067 W IgMetaConfig: 	at java.lang.Thread.run(Thread.java:1564)
02-23 12:41:27.350 16015 16067 W IgMetaConfig: 	at X.1rb.run(:8)
02-23 12:41:27.351 16015 16085 W SessionScopedProviderInitializer: Initialize com.instagram.emergencypush.EmergencyPushPeriodicFetchWorkerInitializer end
02-23 12:41:27.351 16015 16085 W SessionScopedProviderInitializer: Initialize com.instagram.fx.helper.companyidentityswitcher.prefetch.SwitcherFetchFBNTAEligibilitySessionStartUtil start
02-23 12:41:27.351 16015 16085 W SessionScopedProviderInitializer: Initialize com.instagram.fx.helper.companyidentityswitcher.prefetch.SwitcherFetchFBNTAEligibilitySessionStartUtil end
02-23 12:41:27.351 16015 16085 W SessionScopedProviderInitializer: Initialize com.instagram.fxcache.cache.onsessionstart.FxIgOnSessionStartUtil start
02-23 12:41:27.351 16015 16085 W SessionScopedProviderInitializer: Initialize com.instagram.fxcache.cache.onsessionstart.FxIgOnSessionStartUtil end
02-23 12:41:27.351 16015 16067 W SessionScopedProviderInitializer: Initialize com.instagram.appinitializer.imageinfra.ImageInfraSessionInitializerProvider end
02-23 12:41:27.351 16015 16085 W SessionScopedProviderInitializer: Initialize com.instagram.igsignalsproducts.clips.tab.UserSessionStart start
02-23 12:41:27.351 16015 16067 W SessionScopedProviderInitializer: Initialize com.instagram.inappbrowser.launcher.clickidhelper.UserSessionStart start
02-23 12:41:27.352 16015 16085 W SessionScopedProviderInitializer: Initialize com.instagram.igsignalsproducts.clips.tab.UserSessionStart end
02-23 12:41:27.352 16015 16085 W SessionScopedProviderInitializer: Initialize com.instagram.jobscheduler.bgfetch.scheduler.IgBgFetchConfigOnUserSessionStart start
02-23 12:41:27.352 16015 16067 W SessionScopedProviderInitializer: Initialize com.instagram.inappbrowser.launcher.clickidhelper.UserSessionStart end
02-23 12:41:27.352 16015 16085 W SessionScopedProviderInitializer: Initialize com.instagram.jobscheduler.bgfetch.scheduler.IgBgFetchConfigOnUserSessionStart end
02-23 12:41:27.352 16015 16067 W SessionScopedProviderInitializer: Initialize com.instagram.jobscheduler.bgfetch.scheduler.UserSessionStart start
02-23 12:41:27.352 16015 16085 W SessionScopedProviderInitializer: Initialize com.instagram.launcherbadges.UserSessionStart start
02-23 12:41:27.353 16015 16085 W SessionScopedProviderInitializer: Initialize com.instagram.launcherbadges.UserSessionStart end
02-23 12:41:27.353 16015 16085 W SessionScopedProviderInitializer: Initialize com.instagram.memory.mediauploadobserver.MediaUploadObserver.UserSessionStart start
02-23 12:41:27.353 16015 16085 W SessionScopedProviderInitializer: Initialize com.instagram.memory.mediauploadobserver.MediaUploadObserver.UserSessionStart end
02-23 12:41:27.353 16015 16085 W SessionScopedProviderInitializer: Initialize com.instagram.messagingconnectivitylogger.appjobdelegate.MCLAppJobDelegate.UserSessionStart start
02-23 12:41:27.353 16015 16085 W SessionScopedProviderInitializer: Initialize com.instagram.messagingconnectivitylogger.appjobdelegate.MCLAppJobDelegate.UserSessionStart end
02-23 12:41:27.353 16015 16110 W SessionScopedProviderInitializer: Initialize com.instagram.zero.experiments.ZeroEarlyExperimentsUserSessionStart end
02-23 12:41:27.353 16015 16085 W SessionScopedProviderInitializer: Initialize com.instagram.ml.remotepresence.start.UserSessionStart start
02-23 12:41:27.354 16015 16110 W SessionScopedProviderInitializer: Initialize com.instagram.odml.p13n.PersonalizationManager.UserSessionStart start
02-23 12:41:27.355 16015 16015 W SWPool2_t1of2: type=1400 audit(0.0:25366): avc:  granted  { execute } for  path="/data/data/com.instagram.android/lib-compressed/libmclbase-jni.so" dev="dm-55" ino=732516 scontext=u:r:untrusted_app:s0:c237,c256,c512,c768 tcontext=u:object_r:app_data_file:s0:c237,c256,c512,c768 tclass=file app=com.instagram.android
02-23 12:41:27.354 16015 16110 W SessionScopedProviderInitializer: Initialize com.instagram.odml.p13n.PersonalizationManager.UserSessionStart end
02-23 12:41:27.354 16015 16110 W SessionScopedProviderInitializer: Initialize com.instagram.ondevicetech.ondeviceapphistorytopspendapps.UserSessionStart start
02-23 12:41:27.354 16015 16086 W SessionScopedProviderInitializer: Initialize com.instagram.ondevicetech.ondeviceapphistory.UserSessionStart start
02-23 12:41:27.354 16015 16110 W SessionScopedProviderInitializer: Initialize com.instagram.ondevicetech.ondeviceapphistorytopspendapps.UserSessionStart end
02-23 12:41:27.354 16015 16086 W SessionScopedProviderInitializer: Initialize com.instagram.ondevicetech.ondeviceapphistory.UserSessionStart end
02-23 12:41:27.354 16015 16110 W SessionScopedProviderInitializer: Initialize com.instagram.partneranalytics.igfamilyappinstallations.IGFamilyAppInstallationsLogWorkerInitializer start
02-23 12:41:27.354 16015 16086 W SessionScopedProviderInitializer: Initialize com.instagram.partneranalytics.igfamilyapplastusedstates.IGFamilyAppLastUsedStatesLogWorkerInitializer start
02-23 12:41:27.355 16015 16110 W SessionScopedProviderInitializer: Initialize com.instagram.partneranalytics.igfamilyappinstallations.IGFamilyAppInstallationsLogWorkerInitializer end
02-23 12:41:27.355 16015 16110 W SessionScopedProviderInitializer: Initialize com.instagram.partneranalytics.simcarrier.SimCarrierInfoLogWorkerInitializer start
02-23 12:41:27.355 16015 16110 W SessionScopedProviderInitializer: Initialize com.instagram.partneranalytics.simcarrier.SimCarrierInfoLogWorkerInitializer end
02-23 12:41:27.355 16015 16101 W SessionScopedProviderInitializer: Initialize com.instagram.wellbeing.timespent.listeners.InstagramTimeSpentManagerInitializer end
02-23 12:41:27.355 16015 16110 W SessionScopedProviderInitializer: Initialize com.instagram.pendingmedia.service.initializer.PendingMediaStoreInitializer start
02-23 12:41:27.355 16015 16101 W SessionScopedProviderInitializer: Initialize com.instagram.perf.sampling.UserSessionStart start
02-23 12:41:27.356 16015 16101 W SessionScopedProviderInitializer: Initialize com.instagram.perf.sampling.UserSessionStart end
02-23 12:41:27.356 16015 16101 W SessionScopedProviderInitializer: Initialize com.instagram.periodicreporter.UserSessionStart start
02-23 12:41:27.356 16015 16101 W SessionScopedProviderInitializer: Initialize com.instagram.periodicreporter.UserSessionStart end
02-23 12:41:27.356 16015 16110 W SessionScopedProviderInitializer: Initialize com.instagram.pendingmedia.service.initializer.PendingMediaStoreInitializer end
02-23 12:41:27.356 16015 16110 W SessionScopedProviderInitializer: Initialize com.instagram.redex.dynamicanalysis.IgDynamicAnalysisUserSessionStart start
02-23 12:41:27.356 16015 16110 W SessionScopedProviderInitializer: Initialize com.instagram.redex.dynamicanalysis.IgDynamicAnalysisUserSessionStart end
02-23 12:41:27.356 16015 16110 W SessionScopedProviderInitializer: Initialize com.instagram.reels.network.realtime.UserSessionStart start
02-23 12:41:27.356 16015 16101 W SessionScopedProviderInitializer: Initialize com.instagram.realtime.requeststream.PulsarScheduler start
02-23 12:41:27.356 16015 16110 W SessionScopedProviderInitializer: Initialize com.instagram.reels.network.realtime.UserSessionStart end
02-23 12:41:27.356 16015 16110 W SessionScopedProviderInitializer: Initialize com.instagram.reliability.experiments.ReliabilityExperimentInitializer start
02-23 12:41:27.356 16015 16101 W SessionScopedProviderInitializer: Initialize com.instagram.realtime.requeststream.PulsarScheduler end
02-23 12:41:27.356 16015 16110 W SessionScopedProviderInitializer: Initialize com.instagram.reliability.experiments.ReliabilityExperimentInitializer end
02-23 12:41:27.356 16015 16110 W SessionScopedProviderInitializer: Initialize com.instagram.rtc.impl.UserSessionStart start
02-23 12:41:27.356 16015 16110 W SessionScopedProviderInitializer: Initialize com.instagram.rtc.impl.UserSessionStart end
02-23 12:41:27.357 16015 16101 W SessionScopedProviderInitializer: Initialize com.instagram.reliablemedia.UserSessionStart start
02-23 12:41:27.357 16015 16067 W SessionScopedProviderInitializer: Initialize com.instagram.jobscheduler.bgfetch.scheduler.UserSessionStart end
02-23 12:41:27.357 16015 16067 W SessionScopedProviderInitializer: Initialize com.instagram.settings2.core.services.Settings2ServiceInitializer start
02-23 12:41:27.357 16015 16101 W SessionScopedProviderInitializer: Initialize com.instagram.reliablemedia.UserSessionStart end
02-23 12:41:27.357 16015 16101 W SessionScopedProviderInitializer: Initialize com.instagram.shopping.analytics.shopsbau.IGShopsBAU.IGShopsBAUInitializerProvider start
02-23 12:41:27.357 16015 16067 W SessionScopedProviderInitializer: Initialize com.instagram.settings2.core.services.Settings2ServiceInitializer end
02-23 12:41:27.357 16015 16067 W SessionScopedProviderInitializer: Initialize com.instagram.shortcuts.init.ShortcutsInitializer start
02-23 12:41:27.357 16015 16067 W SessionScopedProviderInitializer: Initialize com.instagram.shortcuts.init.ShortcutsInitializer end
02-23 12:41:27.357 16015 16067 W SessionScopedProviderInitializer: Initialize com.instagram.sponsored.asyncads.logging.qpl.UserSessionStart start
02-23 12:41:27.357 16015 16067 W SessionScopedProviderInitializer: Initialize com.instagram.sponsored.asyncads.logging.qpl.UserSessionStart end
02-23 12:41:27.357 16015 16067 W SessionScopedProviderInitializer: Initialize com.instagram.sponsored.asyncads.ondevicesignals.OnDeviceSignalKnotsEventListener.UserSessionStart start
02-23 12:41:27.358 16015 16101 W SessionScopedProviderInitializer: Initialize com.instagram.shopping.analytics.shopsbau.IGShopsBAU.IGShopsBAUInitializerProvider end
02-23 12:41:27.358 16015 16067 W SessionScopedProviderInitializer: Initialize com.instagram.sponsored.asyncads.ondevicesignals.OnDeviceSignalKnotsEventListener.UserSessionStart end
02-23 12:41:27.358 16015 16101 W SessionScopedProviderInitializer: Initialize com.instagram.sponsored.asyncads.requestpathsignals.sessionlevelsignals.sessiontime.SessionTimeTrackerStarting start
02-23 12:41:27.358 16015 16067 W SessionScopedProviderInitializer: Initialize com.instagram.supervision.data.SupervisionUserSessionStart start
02-23 12:41:27.358 16015 16101 W SessionScopedProviderInitializer: Initialize com.instagram.sponsored.asyncads.requestpathsignals.sessionlevelsignals.sessiontime.SessionTimeTrackerStarting end
02-23 12:41:27.358 16015 16067 W SessionScopedProviderInitializer: Initialize com.instagram.supervision.data.SupervisionUserSessionStart end
02-23 12:41:27.358 16015 16085 W SessionScopedProviderInitializer: Initialize com.instagram.service.tigon.interceptors.zerorewritenative.UserRewriteDataOnUserSessionStart start
02-23 12:41:27.358 16015 16101 W SessionScopedProviderInitializer: Initialize com.instagram.traffic.nts.iglib.IGTrafficNTSUserSessionStarting start
02-23 12:41:27.358 16015 16067 W SessionScopedProviderInitializer: Initialize com.instagram.trust.noncemanager.jobs.IGNonceManagerJob start
02-23 12:41:27.358 16015 16101 W SessionScopedProviderInitializer: Initialize com.instagram.traffic.nts.iglib.IGTrafficNTSUserSessionStarting end
02-23 12:41:27.358 16015 16067 W SessionScopedProviderInitializer: Initialize com.instagram.trust.noncemanager.jobs.IGNonceManagerJob end
02-23 12:41:27.358 16015 16067 W SessionScopedProviderInitializer: Initialize com.instagram.util.startup.tracking.trigger.StartupManagerHook start
02-23 12:41:27.358 16015 16067 W SessionScopedProviderInitializer: Initialize com.instagram.util.startup.tracking.trigger.StartupManagerHook end
02-23 12:41:27.358 16015 16089 W SessionScopedProviderInitializer: Initialize com.instagram.trusteddevice.registration.jobs.StartTrustedDeviceAppJob start
02-23 12:41:27.358 16015 16067 W SessionScopedProviderInitializer: Initialize com.instagram.util.startup.transitions.EnableColdStartTransitionsTask start
02-23 12:41:27.358 16015 16067 W SessionScopedProviderInitializer: Initialize com.instagram.util.startup.transitions.EnableColdStartTransitionsTask end
02-23 12:41:27.358 16015 16067 W SessionScopedProviderInitializer: Initialize com.instagram.wearable.warp.impl.WarpIgPluginManagerImpl.UserSessionStartListener start
02-23 12:41:27.359 16015 16067 W SessionScopedProviderInitializer: Initialize com.instagram.wearable.warp.impl.WarpIgPluginManagerImpl.UserSessionStartListener end
02-23 12:41:27.359 16015 16067 W SessionScopedProviderInitializer: Initialize com.instagram.wellbeing.privacyflow.util.PrivacyFlowHelper start
02-23 12:41:27.359 16015 16067 W SessionScopedProviderInitializer: Initialize com.instagram.wellbeing.privacyflow.util.PrivacyFlowHelper end
02-23 12:41:27.360 16015 16085 W SessionScopedProviderInitializer: Initialize com.instagram.service.tigon.interceptors.zerorewritenative.UserRewriteDataOnUserSessionStart end
02-23 12:41:27.360 16015 16060 D nativeloader: Load /data/data/com.instagram.android/lib-compressed/libmclbase-jni.so using class loader ns clns-10 (caller=/data/app/~~HP-5ww1_67Hxw1PHW-oBLw==/com.instagram.android-zcg1WShpcwLEK7Q3XB4oeg==/base.apk!classes11.dex): ok
02-23 12:41:27.360 16015 16085 W SessionScopedProviderInitializer: Initialize com.instagram.wellbeing.timespent.provider.QuietTimeUserSessionStart start
02-23 12:41:27.360 16015 16085 W SessionScopedProviderInitializer: Initialize com.instagram.wellbeing.timespent.provider.QuietTimeUserSessionStart end
02-23 12:41:27.360 16015 16085 W SessionScopedProviderInitializer: Initialize com.instagram.wellbeing.timespent.provider.ScreenTimeUserSessionStart start
02-23 12:41:27.360 16015 16085 W SessionScopedProviderInitializer: Initialize com.instagram.wellbeing.timespent.provider.ScreenTimeUserSessionStart end
02-23 12:41:27.360 16015 16085 W SessionScopedProviderInitializer: Initialize X.V4z start
02-23 12:41:27.361 16015 16085 W SessionScopedProviderInitializer: Initialize X.V4z end
02-23 12:41:27.361 16015 16085 W SessionScopedProviderInitializer: Initialize X.V4j start
02-23 12:41:27.362 16015 16088 D nativeloader: Load /data/data/com.instagram.android/lib-compressed/libmcicomponentattributionlogger-jni.so using class loader ns clns-10 (caller=/data/app/~~HP-5ww1_67Hxw1PHW-oBLw==/com.instagram.android-zcg1WShpcwLEK7Q3XB4oeg==/base.apk!classes11.dex): ok
02-23 12:41:27.359 16015 16015 W com.instagram.android: type=1400 audit(0.0:25367): avc:  granted  { execute } for  comm=49674578656375746F725632202334 path="/data/data/com.instagram.android/lib-compressed/libmcicomponentattributionlogger-jni.so" dev="dm-55" ino=726342 scontext=u:r:untrusted_app:s0:c237,c256,c512,c768 tcontext=u:object_r:app_data_file:s0:c237,c256,c512,c768 tclass=file app=com.instagram.android
02-23 12:41:27.367 16015 16158 W SessionScopedProviderInitializer: Initialize com.instagram.wellbeing.timeinapp.instrumentation.IgTimeInAppActivityListener start
02-23 12:41:27.369 16015 16085 W SessionScopedProviderInitializer: Initialize X.V4j end
02-23 12:41:27.369  1596  4804 D ConnectivityService: requestNetwork for uid/pid:10237/16015 activeRequest: null callbackRequest: 7673 [NetworkRequest [ REQUEST id=7674, [ Capabilities: INTERNET&NOT_RESTRICTED&TRUSTED&NOT_VCN_MANAGED&NOT_BANDWIDTH_CONSTRAINED Uid: 10237 RequestorUid: 10237 RequestorPkg: com.instagram.android UnderlyingNetworks: Null] ]] callback flags: 0 order: 2147483647 isUidTracked: false declaredMethods: AVAIL
02-23 12:41:27.369 16015 16085 W SessionScopedProviderInitializer: Initialize X.V4k start
02-23 12:41:27.369 16015 16086 W SessionScopedProviderInitializer: Initialize com.instagram.partneranalytics.igfamilyapplastusedstates.IGFamilyAppLastUsedStatesLogWorkerInitializer end
02-23 12:41:27.369 16015 16108 W SessionScopedProviderInitializer: Initialize com.instagram.video.player.hero.IgHeroServiceController.IgHeroServiceControllerInitializerProvider end
02-23 12:41:27.370 16015 16086 W SessionScopedProviderInitializer: Initialize X.7rc start
02-23 12:41:27.370 16015 16085 W SessionScopedProviderInitializer: Initialize X.V4k end
02-23 12:41:27.370 16015 16108 W SessionScopedProviderInitializer: Initialize X.V6L start
02-23 12:41:27.370 16015 16085 W SessionScopedProviderInitializer: Initialize X.V6M start
02-23 12:41:27.370 16015 16108 W SessionScopedProviderInitializer: Initialize X.V6L end
02-23 12:41:27.370 16015 16108 W SessionScopedProviderInitializer: Initialize X.V6N start
02-23 12:41:27.370 16015 16085 W SessionScopedProviderInitializer: Initialize X.V6M end
02-23 12:41:27.370 16015 16108 W SessionScopedProviderInitializer: Initialize X.V6N end
02-23 12:41:27.370 16015 16085 W SessionScopedProviderInitializer: Initialize instagram.features.direct.stella.impl.DirectStellaPluginImpl.UserSessionStart start
02-23 12:41:27.370 16015 16108 W SessionScopedProviderInitializer: Initialize X.V7y start
02-23 12:41:27.370 16015 16085 W DirectStellaPluginImpl: Stella starting new user session, registering call and contact change listeners
02-23 12:41:27.370 16015 16084 W IgMetaConfig: Could not obtain MC: not_user_session session=X.AqB@e003959
02-23 12:41:27.370 16015 16084 W IgMetaConfig: java.lang.RuntimeException: Could not obtain MC, call-site will receive default values
02-23 12:41:27.370 16015 16084 W IgMetaConfig: 	at X.2kA.A06(:4)
02-23 12:41:27.370 16015 16084 W IgMetaConfig: 	at X.2kA.A05(:8)
02-23 12:41:27.370 16015 16084 W IgMetaConfig: 	at X.2kA.A03(:2)
02-23 12:41:27.370 16015 16084 W IgMetaConfig: 	at X.AHW.invoke(:649)
02-23 12:41:27.370 16015 16084 W IgMetaConfig: 	at X.Asd.invoke(:209)
02-23 12:41:27.370 16015 16084 W IgMetaConfig: 	at X.458.getValue(:25)
02-23 12:41:27.370 16015 16084 W IgMetaConfig: 	at X.8Sm.A01(:8)
02-23 12:41:27.370 16015 16084 W IgMetaConfig: 	at X.5vf.A00(:9)
02-23 12:41:27.370 16015 16084 W IgMetaConfig: 	at X.5ux.A02(:278)
02-23 12:41:27.370 16015 16084 W IgMetaConfig: 	at X.5us.A00(:30)
02-23 12:41:27.370 16015 16084 W IgMetaConfig: 	at X.2og.<init>(:0)
02-23 12:41:27.370 16015 16084 W IgMetaConfig: 	at X.AIT.invoke(:1135)
02-23 12:41:27.370 16015 16084 W IgMetaConfig: 	at X.Asd.invoke(:209)
02-23 12:41:27.370 16015 16084 W IgMetaConfig: 	at X.458.getValue(:25)
02-23 12:41:27.370 16015 16084 W IgMetaConfig: 	at X.8Sm.A01(:8)
02-23 12:41:27.370 16015 16084 W IgMetaConfig: 	at X.2od.A00(:45)
02-23 12:41:27.370 16015 16084 W IgMetaConfig: 	at X.6ti.<init>(:8)
02-23 12:41:27.370 16015 16084 W IgMetaConfig: 	at X.6ss.A00(:435)
02-23 12:41:27.370 16015 16084 W IgMetaConfig: 	at X.6ss.A05(:0)
02-23 12:41:27.370 16015 16084 W IgMetaConfig: 	at X.1zb.A05(:49)
02-23 12:41:27.370 16015 16084 W IgMetaConfig: 	at X.1ss.DIg(:78)
02-23 12:41:27.370 16015 16084 W IgMetaConfig: 	at X.1bn.A00(:82)
02-23 12:41:27.370 16015 16084 W IgMetaConfig: 	at X.1bn.run(:0)
02-23 12:41:27.370 16015 16084 W IgMetaConfig: 	at java.util.concurrent.ThreadPoolExecutor.runWorker(ThreadPoolExecutor.java:1154)
02-23 12:41:27.370 16015 16084 W IgMetaConfig: 	at java.util.concurrent.ThreadPoolExecutor$Worker.run(ThreadPoolExecutor.java:652)
02-23 12:41:27.370 16015 16084 W IgMetaConfig: 	at X.1bp.run(:15)
02-23 12:41:27.370 16015 16084 W IgMetaConfig: 	at java.lang.Thread.run(Thread.java:1564)
02-23 12:41:27.370 16015 16108 W SessionScopedProviderInitializer: Initialize X.V7y end
02-23 12:41:27.370 16015 16085 W StellaCallStateDispatcher: registerListeners with session as null: false
02-23 12:41:27.370 16015 16108 W SessionScopedProviderInitializer: Initialize X.V8N start
02-23 12:41:27.370 16015 16085 W DirectContactChangeObserver: registerListeners with session as null: false
02-23 12:41:27.370 16015 16085 W SessionScopedProviderInitializer: Initialize instagram.features.direct.stella.impl.DirectStellaPluginImpl.UserSessionStart end
02-23 12:41:27.370 16015 16085 W SessionScopedProviderInitializer: Initialize com.instagram.profilo.IgProfiloSessionManager start
