02-23 12:41:54.685  2200  3072 D SHANNON_RCS: 5717 [0][PROX][TELE] onCapabilitiesChanged, Network: 122, NetworkCapabilities: [ Transports: WIFI Capabilities: NOT_METERED&INTERNET&NOT_RESTRICTED&TRUSTED&NOT_VPN&VALIDATED&NOT_ROAMING&FOREGROUND&NOT_CONGESTED&NOT_SUSPENDED&NOT_VCN_MANAGED&NOT_BANDWIDTH_CONSTRAINED LinkUpBandwidth>=25119Kbps LinkDnBandwidth>=26144Kbps TransportInfo: <SSID: <unknown ssid>, BSSID: 02:00:00:00:00:00, MAC: 02:00:00:00:00:00, IP: /192.168.29.2, Security type: 2, Supplicant state: COMPLETED, Wi-Fi standard: 11ac, RSSI: -61, Link speed: 468Mbps, Tx Link speed: 468Mbps, Max Supported Tx Link speed: 866Mbps, Rx Link speed: 526Mbps, Max Supported Rx Link speed: 866Mbps, Frequency: 5785MHz, Net ID: -1, Metered hint: false, score: 60, isUsable: true, CarrierMerged: false, SubscriptionId: -1, IsPrimary: -1, Trusted: true, Restricted: false, Ephemeral: false, OEM paid: false, OEM private: false, OSU AP: false, FQDN: <none>, Provider friendly name: <none>, Requesting package name: <none><none>MLO Information: , Is TID-To-Link negotiation supported by the AP: false, AP MLD Address: <none>, AP MLO Link Id: <none>, AP MLO Affiliated links: <none>, Vendor Data: <none>> SignalStrength: -61 UnderlyingNetworks: Null] (DefaultNetworkCallback%onCapabilitiesChanged:76)
02-23 12:41:54.685  2241  3190 W SHANNON_IMS: 8187 [CONN] NetworkSpecifier and TransportInfo are not valid (DefaultNetworkCallback%updateSubscriptionId:121)
02-23 12:41:54.685  2241  3190 I SHANNON_IMS: 8189 [CONN] network:122 WIFI connected, subId: -1 [SLID:0] (DefaultNetworkCallback%onCapabilitiesChanged:76)
02-23 12:41:54.689  4221  5150 I BugleRcsEngine: handleMessage processing message:[NOTIFY_UPTIME_IGNORE_STATE_CHANGED] with [non-null]:RcsEngineImpl reference [CONTEXT log_prefix="RcsEngineImpl[DUAL_REG]:[7321d208-4616]>Handler" thread_id=64 ]
02-23 12:41:54.691  4221  4925 I BugleRcsEngine: Connected state: [1], networkType: [WIFI] [CONTEXT thread_id=53 ]
02-23 12:41:54.694  1596  1940 D BackgroundInstallControlService: Package event received: 0
02-23 12:41:54.702   929   966 D CHRE    : @ 113337.487: Parsed nanoapp message from host: app ID 0x476f6f676c00100b endpoint 0xd msgType 112 payload size 14
02-23 12:41:54.702   929   966 I CHRE    : @ 113337.487: [NanoMinion] received MSG Type 0x70, Version 1, 10 bytes
02-23 12:41:54.702   929   966 I CHRE    : @ 113337.487: [AR] context-signal: has_bt=0, bt=0, has_wifi=1, wifi=1
02-23 12:41:54.703  4221  5150 I BugleRcsEngine: Rcs is enabled from user settings: true [CONTEXT log_prefix="ProvisioningEngineDataRetriever" thread_id=64 ]
02-23 12:41:54.704 25853 25925 D DeviceStateHelper: Wifi freq: 5785
02-23 12:41:54.706 25853 25930 I WifiSignalInfo: onCapabilitiesChanged: rssi:-61
02-23 12:41:54.708  1596  1889 D ConnectivityService: NetReassign [no changes] [c 0] [a 1] [i 2]
02-23 12:41:56.422  1203  1203 D AOC     : A3:MSG: lsm6dsr_device.cc, 763: USF: Lsm6dsrDevice: Sensor 4: Enabled 0, odr_index 0.
02-23 12:41:56.423  1203  1203 D AOC     : A3:MSG: lsm6dsr_fifo.cc, 750: USF: Lsm6dsrFifo: ODR: XL/G/T/TS: 52/208/13/26 WM: 1 Intr: 208.
02-23 12:41:56.423  1203  1203 D AOC     : A3:MSG: lsm6dsr_device.cc, 671: USF: Lsm6dsrDevice: Fifo was disabled for 633789ns.
02-23 12:41:56.424  1203  1203 D AOC     : A3:MSG: usf_sensor.cc, 1581: USF: Received stop sampling request for LSM6DSR Stationary Detect (active:-1).
02-23 12:41:56.424  1203  1203 D AOC     : A3:MSG: usf_sensor.cc, 2037: USF: Sampling configuration 15155 not found.
02-23 12:41:56.424  1203  1203 D AOC     : A3:MSG: usf_sensor_client.cc, 161: USF: Received kErrNotFound when disabling one shot sensor.
02-23 12:41:56.424  1203  1203 D AOC     : A3:MSG: usf_sensor.cc, 1573: USF: Received start sampling request for LSM6DSR Motion Detect (active:1).
02-23 12:41:56.424  1203  1203 D AOC     : A3:MSG: lsm6dsr_device.cc, 763: USF: Lsm6dsrDevice: Sensor 3: Enabled 1, odr_index 1.
02-23 12:41:56.425  1203  1203 D AOC     : A3:MSG: lsm6dsr_fifo.cc, 750: USF: Lsm6dsrFifo: ODR: XL/G/T/TS: 52/208/13/26 WM: 1 Intr: 208.
02-23 12:41:56.425  1203  1203 D AOC     : A3:MSG: lsm6dsr_device.cc, 671: USF: Lsm6dsrDevice: Fifo was disabled for 555420ns.
02-23 12:41:56.427  1203  1203 D AOC     : A3:MSG: motion_state_sensor.cc, 327: USF: MoSt: MotionDetect sampling started with sampling ID 15158.
02-23 12:41:56.428  1203  1203 D AOC     : A3:MSG: usf_sensor.cc, 1573: USF: Received start sampling request for LSM6DSR Motion Detect (active:2).
02-23 12:41:56.430  1203  1203 D AOC     : A3:MSG: usf_sensor.cc, 1581: USF: Received stop sampling request for LSM6DSR FreeFall Detect (active:0).
02-23 12:41:56.430  1203  1203 D AOC     : A3:MSG: lsm6dsr_device.cc, 763: USF: Lsm6dsrDevice: Sensor 5: Enabled 0, odr_index 0.
02-23 12:41:56.430  1203  1203 D AOC     : A3:MSG: lsm6dsr_fifo.cc, 750: USF: Lsm6dsrFifo: ODR: XL/G/T/TS: 52/208/13/26 WM: 1 Intr: 208.
02-23 12:41:56.432  1203  1203 D AOC     : A3:MSG: lsm6dsr_device.cc, 671: USF: Lsm6dsrDevice: Fifo was disabled for 405762ns.
02-23 12:41:56.433  1203  1203 D AOC     : A3:MSG: usf_sensor.cc, 1581: USF: Received stop sampling request for LSM6DSR Stationary Detect (active:-1).
02-23 12:41:56.434  1203  1203 D AOC     : A3:MSG: usf_sensor.cc, 2037: USF: Sampling configuration 15157 not found.
02-23 12:41:56.434  1203  1203 D AOC     : A3:MSG: usf_sensor_client.cc, 145: USF: Received kErrNotFound when disabling one shot sensor.
02-23 12:41:57.025  2085  2426 D IpClient/wlan0: interfaceLinkStateChanged: ifindex 47 up
02-23 12:41:57.501  3545  3545 W fb4a.InitStatus: Not blocking Service (247914592)
02-23 12:41:57.673   986   986 I WifiHAL : Creating message to get link statistics; iface = 47
02-23 12:41:57.805  2518  2746 D IwlanNetworkService: onCapabilitiesChanged: 122
02-23 12:41:57.806  2241  3190 W SHANNON_IMS: 8191 [CONN] NetworkSpecifier and TransportInfo are not valid (DefaultNetworkCallback%updateSubscriptionId:121)
02-23 12:41:57.806  2241  3190 I SHANNON_IMS: 8192 [CONN] network:122 WIFI connected, subId: -1 [SLID:0] (DefaultNetworkCallback%onCapabilitiesChanged:76)
02-23 12:41:57.808  2518  2566 D IwlanDataService: onCapabilitiesChanged: 122 [ Transports: WIFI Capabilities: NOT_METERED&INTERNET&NOT_RESTRICTED&TRUSTED&NOT_VPN&VALIDATED&NOT_ROAMING&FOREGROUND&NOT_CONGESTED&NOT_SUSPENDED&NOT_VCN_MANAGED&NOT_BANDWIDTH_CONSTRAINED LinkUpBandwidth>=25119Kbps LinkDnBandwidth>=26144Kbps TransportInfo: <SSID: "JioFiber-vaibhav 5g", BSSID: a8:da:0c:38:cb:a4, MAC: 02:23:cd:2a:72:6c, IP: /192.168.29.2, Security type: 2, Supplicant state: COMPLETED, Wi-Fi standard: 11ac, RSSI: -59, Link speed: 351Mbps, Tx Link speed: 351Mbps, Max Supported Tx Link speed: 866Mbps, Rx Link speed: 526Mbps, Max Supported Rx Link speed: 866Mbps, Frequency: 5785MHz, Net ID: 55, Metered hint: false, score: 60, isUsable: true, CarrierMerged: false, SubscriptionId: -1, IsPrimary: 1, Trusted: true, Restricted: false, Ephemeral: false, OEM paid: false, OEM private: false, OSU AP: false, FQDN: <none>, Provider friendly name: <none>, Requesting package name: <none>"JioFiber-vaibhav 5g"wpa2-pskMLO Information: , Is TID-To-Link negotiation supported by the AP: false, AP MLD Address: <none>, AP MLO Link Id: <none>, AP MLO Affiliated links: <none>, Vendor Data: <none>> SignalStrength: -59 OwnerUid: 1000 AdminUids: [1000] SSID: "JioFiber-vaibhav 5g" UnderlyingNetworks: Null]
02-23 12:41:57.808  2518  2566 D IwlanDataService: Network 122 connected using transport WIFI
02-23 12:41:57.809  4221  5150 I BugleRcsEngine: handleMessage processing message:[NOTIFY_UPTIME_IGNORE_STATE_CHANGED] with [non-null]:RcsEngineImpl reference [CONTEXT log_prefix="RcsEngineImpl[DUAL_REG]:[7321d208-4616]>Handler" thread_id=64 ]
02-23 12:41:57.810  4221  4925 I BugleRcsEngine: Connected state: [1], networkType: [WIFI] [CONTEXT thread_id=53 ]
02-23 12:41:57.817  2200  3072 D SHANNON_RCS: 5718 [0][PROX][TELE] onCapabilitiesChanged, Network: 122, NetworkCapabilities: [ Transports: WIFI Capabilities: NOT_METERED&INTERNET&NOT_RESTRICTED&TRUSTED&NOT_VPN&VALIDATED&NOT_ROAMING&FOREGROUND&NOT_CONGESTED&NOT_SUSPENDED&NOT_VCN_MANAGED&NOT_BANDWIDTH_CONSTRAINED LinkUpBandwidth>=25119Kbps LinkDnBandwidth>=26144Kbps TransportInfo: <SSID: <unknown ssid>, BSSID: 02:00:00:00:00:00, MAC: 02:00:00:00:00:00, IP: /192.168.29.2, Security type: 2, Supplicant state: COMPLETED, Wi-Fi standard: 11ac, RSSI: -59, Link speed: 351Mbps, Tx Link speed: 351Mbps, Max Supported Tx Link speed: 866Mbps, Rx Link speed: 526Mbps, Max Supported Rx Link speed: 866Mbps, Frequency: 5785MHz, Net ID: -1, Metered hint: false, score: 60, isUsable: true, CarrierMerged: false, SubscriptionId: -1, IsPrimary: -1, Trusted: true, Restricted: false, Ephemeral: false, OEM paid: false, OEM private: false, OSU AP: false, FQDN: <none>, Provider friendly name: <none>, Requesting package name: <none><none>MLO Information: , Is TID-To-Link negotiation supported by the AP: false, AP MLD Address: <none>, AP MLO Link Id: <none>, AP MLO Affiliated links: <none>, Vendor Data: <none>> SignalStrength: -59 UnderlyingNetworks: Null] (DefaultNetworkCallback%onCapabilitiesChanged:76)
02-23 12:41:57.818  4221  5150 I BugleRcsEngine: Rcs is enabled from user settings: true [CONTEXT log_prefix="ProvisioningEngineDataRetriever" thread_id=64 ]
02-23 12:41:57.818   929   966 D CHRE    : @ 113340.603: Parsed nanoapp message from host: app ID 0x476f6f676c00100b endpoint 0xd msgType 112 payload size 14
02-23 12:41:57.819   929   966 I CHRE    : @ 113340.604: [NanoMinion] received MSG Type 0x70, Version 1, 10 bytes
02-23 12:41:57.819   929   966 I CHRE    : @ 113340.604: [AR] context-signal: has_bt=0, bt=0, has_wifi=1, wifi=1
02-23 12:41:57.820 25853 25930 I WifiSignalInfo: onCapabilitiesChanged: rssi:-59
02-23 12:41:57.820 25853 25925 D DeviceStateHelper: Wifi freq: 5785
02-23 12:41:57.824  1596  1889 D ConnectivityService: NetReassign [no changes] [c 0] [a 1] [i 2]
02-23 12:41:57.855  1596  1889 D InetDiagMessage: Destroyed 0 sockets, proto=IPPROTO_TCP, family=AF_INET, states=14
02-23 12:41:57.856  1596  1889 D InetDiagMessage: Destroyed 0 sockets, proto=IPPROTO_TCP, family=AF_INET6, states=14
02-23 12:41:57.856  1596  1889 D InetDiagMessage: Destroyed live tcp sockets for uids={10163} in 3ms
02-23 12:41:57.859  1596  1889 D InetDiagMessage: Destroyed 0 sockets, proto=IPPROTO_TCP, family=AF_INET, states=14
02-23 12:41:57.861  1596  1889 D InetDiagMessage: Destroyed 0 sockets, proto=IPPROTO_TCP, family=AF_INET6, states=14
02-23 12:41:57.861  1596  1889 D InetDiagMessage: Destroyed live tcp sockets for uids={20163} in 4ms
02-23 12:41:57.862  1596  1889 D InetDiagMessage: Destroyed 0 sockets, proto=IPPROTO_TCP, family=AF_INET, states=14
02-23 12:41:57.863  1596  1889 D InetDiagMessage: Destroyed 0 sockets, proto=IPPROTO_TCP, family=AF_INET6, states=14
02-23 12:41:57.863  1596  1889 D InetDiagMessage: Destroyed live tcp sockets for uids={10112} in 2ms
02-23 12:41:57.864  1596  1889 D InetDiagMessage: Destroyed 0 sockets, proto=IPPROTO_TCP, family=AF_INET, states=14
02-23 12:41:57.866  1596  1889 D InetDiagMessage: Destroyed 0 sockets, proto=IPPROTO_TCP, family=AF_INET6, states=14
02-23 12:41:57.866  1596  1889 D InetDiagMessage: Destroyed live tcp sockets for uids={20112} in 3ms
02-23 12:41:58.162  1596  1889 D InetDiagMessage: Destroyed 0 sockets, proto=IPPROTO_TCP, family=AF_INET, states=14
02-23 12:41:58.165  1596  1889 D InetDiagMessage: Destroyed 2 sockets, proto=IPPROTO_TCP, family=AF_INET6, states=14
02-23 12:41:58.165  1596  1889 D InetDiagMessage: Destroyed live tcp sockets for uids={10487} in 5ms
02-23 12:41:58.167  1596  1889 D InetDiagMessage: Destroyed 0 sockets, proto=IPPROTO_TCP, family=AF_INET, states=14
02-23 12:41:58.169  1596  1889 D InetDiagMessage: Destroyed 0 sockets, proto=IPPROTO_TCP, family=AF_INET6, states=14
02-23 12:41:58.169  1596  1889 D InetDiagMessage: Destroyed live tcp sockets for uids={20487} in 4ms
02-23 12:41:58.451  1596  1889 D InetDiagMessage: Destroyed 2 sockets, proto=IPPROTO_TCP, family=AF_INET, states=14
02-23 12:41:58.454  1596  1889 D InetDiagMessage: Destroyed 0 sockets, proto=IPPROTO_TCP, family=AF_INET6, states=14
02-23 12:41:58.454  1596  1889 D InetDiagMessage: Destroyed live tcp sockets for uids={10239} in 7ms
02-23 12:41:58.457  1596  1889 D InetDiagMessage: Destroyed 0 sockets, proto=IPPROTO_TCP, family=AF_INET, states=14
02-23 12:41:58.459  1596  1889 D InetDiagMessage: Destroyed 0 sockets, proto=IPPROTO_TCP, family=AF_INET6, states=14
02-23 12:41:58.460  1596  1889 D InetDiagMessage: Destroyed live tcp sockets for uids={20239} in 5ms
02-23 12:41:59.041 16305 16319 V ClearcutMetricXmitter: Transmission is done.
02-23 12:41:59.042 16305 16319 V ClearcutMetricXmitter: Transmission is done.
02-23 12:41:59.267  1596  1889 D InetDiagMessage: Destroyed 0 sockets, proto=IPPROTO_TCP, family=AF_INET, states=14
02-23 12:41:59.271  1596  1889 D InetDiagMessage: Destroyed 1 sockets, proto=IPPROTO_TCP, family=AF_INET6, states=14
02-23 12:41:59.272  1596  1889 D InetDiagMessage: Destroyed live tcp sockets for uids={10251} in 7ms
02-23 12:41:59.274  1596  1889 D InetDiagMessage: Destroyed 0 sockets, proto=IPPROTO_TCP, family=AF_INET, states=14
02-23 12:41:59.276  1596  1889 D InetDiagMessage: Destroyed 0 sockets, proto=IPPROTO_TCP, family=AF_INET6, states=14
02-23 12:41:59.276  1596  1889 D InetDiagMessage: Destroyed live tcp sockets for uids={20251} in 5ms
02-23 12:41:59.503  1602  1608 I pixel-thermal: cellular-emergency:37.8 raw data: VIRTUAL-NEUTRAL:37800 VIRTUAL-NEUTRAL-SKIN2:37577.4 VIRTUAL-QUIET-NEUTRAL:36747.4 VIRTUAL-SKIN:37800 cellular-emergency:37800 disp_therm:35823 gnss_tcxo_therm:38450 neutral_therm:36669 quiet_therm:36781 skin_therm1:38695 skin_therm2:39697 
02-23 12:41:59.506   986   986 I WifiHAL : Creating message to get link statistics; iface = 47
02-23 12:41:59.510  1602  1608 I pixel-thermal: VIRTUAL-SKIN-CPU:37.8 raw data: VIRTUAL-SKIN:37800 VIRTUAL-SKIN-CPU:37800 
02-23 12:41:59.510  1602  1608 I pixel-thermal: VIRTUAL-SKIN-CPU power_budget=2118.17 err=3.2 s_power=800 time_elapsed_ms=7015 p=1280 i=38.1711 d=0 compensation=0 budget transient=0 control target=3 excluded power budget=0
02-23 12:41:59.510  1602  1608 I pixel-thermal: VIRTUAL-SKIN-CPU binded power rails: (S4M_VDD_CPUCL0: 70.16 mW)(S2M_VDD_CPUCL2: 9.04 mW)(S3M_VDD_CPUCL1: 12.09 mW)
02-23 12:41:59.511  1602  1608 I pixel-thermal: neutral_therm:36.669 raw data: neutral_therm:36669 
02-23 12:41:59.511  1602  1608 I pixel-thermal: VIRTUAL-SKIN:37.8 raw data: VIRTUAL-SKIN:37800 
02-23 12:41:59.511  1602  1608 I pixel-thermal: VIRTUAL-SKIN-CPU-GPU:37.8 raw data: VIRTUAL-SKIN:37800 VIRTUAL-SKIN-CPU-GPU:37800 
02-23 12:41:59.511  1602  1608 I pixel-thermal: VIRTUAL-SKIN-CPU-GPU power_budget=2960 err=7.2 s_power=800 time_elapsed_ms=7015 p=2160 i=0 d=0 compensation=0 budget transient=0 control target=3 excluded power budget=0
02-23 12:41:59.511  1602  1608 I pixel-thermal: VIRTUAL-SKIN-CPU-GPU binded power rails: (S4M_VDD_CPUCL0: 70.16 mW)(S2M_VDD_CPUCL2: 9.04 mW)(S3M_VDD_CPUCL1: 12.09 mW)(S2S_VDD_G3D: 1.88 mW)
02-23 12:41:59.511  1602  1608 I pixel-thermal: VIRTUAL-SKIN-HINT:37.8 raw data: VIRTUAL-SKIN:37800 VIRTUAL-SKIN-HINT:37800 
02-23 12:41:59.511  1602  1608 I pixel-thermal: VIRTUAL-SKIN-CHARGE:37.8 raw data: VIRTUAL-SKIN:37800 VIRTUAL-SKIN-CHARGE:37800 
02-23 12:41:59.512  1602  1608 I pixel-thermal: VIRTUAL-SKIN-CHARGE's fcc binded power rail POWER_FOR_CHARGING_THROTTLING: power threshold = 500, avg power = 571.865
02-23 12:41:59.549  2137  2373 D TemperatureStateSource: sequence=6333 actualDelay=10002
02-23 12:41:59.553  2137  2373 D TemperatureStateSource: Reading temperature: sequence=6334
02-23 12:41:59.560  1602  1602 I pixel-thermal: VIRTUAL-SKIN:37.8 raw data: VIRTUAL-SKIN:37800 
02-23 12:41:59.562  2137  2373 D TemperatureStateSource: getDeviceTemperatures: sequence=6334 deviceTemperatureType=3 temperatureSource=0 temperatures=[37.800003]
02-23 12:41:59.562  2137  2373 D BusinessScope: Enqueuing the block
02-23 12:41:59.562  2137  2373 D TemperatureStateSource: sequence=6334 waitTime=10000
02-23 12:41:59.562  2137  2373 D BusinessScope: Start running the #12856 block
02-23 12:41:59.571  1602  1602 I pixel-thermal: VIRTUAL-SKIN:37.8 raw data: VIRTUAL-SKIN:37800 
02-23 12:41:59.572  2137  2373 I TemperatureStateSource: temperature was set
02-23 12:41:59.572  2137  2373 D BusinessScope: Enqueuing the block
02-23 12:41:59.573  2137  2373 D ImpulseStateSource: Notify clients: 6427
02-23 12:41:59.573  2137  2373 D BusinessScope: Finish running the #12856 block
02-23 12:41:59.573  2137  2373 D BusinessScope: Start running the #12857 block
02-23 12:41:59.575  2137  2373 D BusinessScope: Finish running the #12857 block
02-23 12:41:59.606 18564 13277 W Turbo.DeviceHealthLeversManagerImpl: applyLeversWithMaintenanceWindow: ignore the same request
02-23 12:41:59.943  1203  1203 D AOC     : A3:MSG: vsc_controller.cc, 532: VSC: [Step Counter] requestSensorEvents: sensor 0x20002, period=18446744073709 latency=
02-23 12:41:59.943  1203  1203 D AOC     : A3:MSG: usf_sensor.cc, 1573: USF: Received start sampling request for LSM6DSR Motion Detect (active:3).
02-23 12:41:59.944  1203  1203 D AOC     : A3:MSG: vsc_controller.cc, 550: VSC: [Step Counter] stopSensorEvents: sensor 0x10001
02-23 12:41:59.945  1203  1203 D AOC     : A3:MSG: usf_sensor.cc, 1573: USF: Received start sampling request for LSM6DSR Accelerometer (active:6).
02-23 12:42:00.822   986   986 I WifiHAL : Creating message to get link statistics; iface = 47
02-23 12:42:00.952   986   986 E IPCThreadState: binder thread pool (1 threads) starved for 130 ms
02-23 12:42:01.003  4169  4507 I AiAiEcho: (REDACTED) Predicting[%d]: %s
02-23 12:42:01.004  4169  4507 I AiAiEcho: (REDACTED) EchoTargets: %s
02-23 12:42:01.004  4169  4507 I AiAiEcho: Filtered by AiAi flag check: %s
02-23 12:42:01.006  4169  4507 I AiAiEcho: (REDACTED) #weatherSubItemsTwiddler: Weather removes SubtitleSupplementalItem in surface: %s
02-23 12:42:01.006  4169  4507 I AiAiEcho: #remoteViewsTwiddler: feature disabled.
02-23 12:42:01.007  4169  4507 I AiAiEcho: (REDACTED) Predicting[%d]: %s
02-23 12:42:01.008  4169  4507 I AiAiEcho: (REDACTED) EchoTargets: %s
02-23 12:42:01.008  4169  4507 I AiAiEcho: Filtered by AiAi flag check: %s
02-23 12:42:01.008  1596  1889 D ConnectivityService: NetReassign [no changes] [c 3] [a 2] [i 5]
02-23 12:42:01.009  4169  4507 I AiAiEcho: (REDACTED) #weatherSubItemsTwiddler: Weather removes SubtitleSupplementalItem in surface: %s
02-23 12:42:01.009  4169  4507 I AiAiEcho: #remoteViewsTwiddler: feature disabled.
02-23 12:42:01.014  4169  4507 W HWUI    : Image decoding logging dropped!
02-23 12:42:01.014  4169  4507 I AiAiEcho: (REDACTED) #postPredictionTargets: Sending updates to UISurface %s with targets# %s (types=[%s])
02-23 12:42:01.016  1982  1982 I WeatherSmartspaceView: setFormattedContentDescription: text=77┬░F, iconDescription=Sunny, contentDescription=Sunny, 77┬░F
02-23 12:42:01.017  1982  1982 I WeatherData: Weather data parsed SUNNY ("Sunny") 77┬░F from Bundle[{description=Sunny, feedback_intent=null, explanation_intent=Supplier{VAL_PARCELABLE@136+1744}, is_gaia_linked_data=true, use_celsius=false, state=1, temperature=77}]
02-23 12:42:01.017  1982  1982 W PageIndicator: Total number of pages invalid: 0. Assuming 1 page.
02-23 12:42:01.021  4169  4507 W HWUI    : Image decoding logging dropped!
02-23 12:42:01.022  4169  4507 I AiAiEcho: (REDACTED) #postPredictionTargets: Sending updates to UISurface %s with targets# %s (types=[%s])
02-23 12:42:01.024 20132 20132 D SsBaseTemplateCard: No text view can be set up
02-23 12:42:01.025 20132 20132 I SsBaseTemplateCard: setFormattedContentDescription: text=77┬░F, iconDescription=Sunny, contentDescription=Sunny, 77┬░F
02-23 12:42:01.025 20132 20132 D SsBaseTemplateCard: Passed-in item info is null
02-23 12:42:01.025 20132 20132 D SsBaseTemplateCard: Passed-in item info is null
02-23 12:42:01.025 20132 20132 I SsBaseTemplateCard: Secondary card pane is null
02-23 12:42:02.889  1596  1824 D ActivityManager: freezing 16305 com.google.android.partnersetup
02-23 12:42:02.902  1596  1889 D InetDiagMessage: Destroyed 0 sockets, proto=IPPROTO_TCP, family=AF_INET, states=14
02-23 12:42:02.907  1596  1889 D InetDiagMessage: Destroyed 0 sockets, proto=IPPROTO_TCP, family=AF_INET6, states=14
02-23 12:42:02.908  1596  1889 D InetDiagMessage: Destroyed live tcp sockets for uids={10112} in 11ms
02-23 12:42:03.004  1203  1203 D AOC     : A3:MSG: vsc_controller.cc, 532: VSC: [Significant Motion] requestSensorEvents: sensor 0x20002, period=18446744073709 la
02-23 12:42:03.004  1203  1203 D AOC     : A3:MSG: vsc_controller.cc, 550: VSC: [Significant Motion] stopSensorEvents: sensor 0x10001
02-23 12:42:03.004  1203  1203 D AOC     : A3:MSG: usf_sensor.cc, 1573: USF: Received start sampling request for LSM6DSR Accelerometer (active:6).
02-23 12:42:03.004  1203  1203 D AOC     : A3:MSG: lsm6dsr_device.cc, 763: USF: Lsm6dsrDevice: Sensor 0: Enabled 1, odr_index 3.
02-23 12:42:03.005  1203  1203 D AOC     : A3:MSG: lsm6dsr_fifo.cc, 750: USF: Lsm6dsrFifo: ODR: XL/G/T/TS: 52/208/13/26 WM: 1 Intr: 208.
02-23 12:42:03.006  1203  1203 D AOC     : A3:MSG: lsm6dsr_device.cc, 671: USF: Lsm6dsrDevice: Fifo was disabled for 360107ns.
02-23 12:42:03.156  1596  1824 D ActivityManager: freezing 13309 com.duolingo
02-23 12:42:03.166  1596  1889 D InetDiagMessage: Destroyed 0 sockets, proto=IPPROTO_TCP, family=AF_INET, states=14
02-23 12:42:03.169  1596  1889 D InetDiagMessage: Destroyed 0 sockets, proto=IPPROTO_TCP, family=AF_INET6, states=14
02-23 12:42:03.169  1596  1889 D InetDiagMessage: Destroyed live tcp sockets for uids={10487} in 5ms
02-23 12:42:03.445  1596  1824 D ActivityManager: freezing 15351 com.snapchat.android
02-23 12:42:03.463  1596  1889 D InetDiagMessage: Destroyed 0 sockets, proto=IPPROTO_TCP, family=AF_INET, states=14
02-23 12:42:03.466  1596  1889 D InetDiagMessage: Destroyed 0 sockets, proto=IPPROTO_TCP, family=AF_INET6, states=14
02-23 12:42:03.466  1596  1889 D InetDiagMessage: Destroyed live tcp sockets for uids={10239} in 8ms
02-23 12:42:03.951   593 16357 I keystore2: system/security/keystore2/watchdog/src/lib.rs:377 - Watchdog thread idle -> terminating. Have a great day.
02-23 12:42:03.999   986   986 I WifiHAL : Creating message to get link statistics; iface = 47
02-23 12:42:04.170  1596  1889 D ConnectivityService: NetReassign [no changes] [c 9] [a 10] [i 23]
02-23 12:42:04.257  1596  1824 D ActivityManager: freezing 30486 com.reddit.frontpage
02-23 12:42:04.270  1596  1889 D InetDiagMessage: Destroyed 0 sockets, proto=IPPROTO_TCP, family=AF_INET, states=14
02-23 12:42:04.276  1596  1889 D InetDiagMessage: Destroyed 0 sockets, proto=IPPROTO_TCP, family=AF_INET6, states=14
02-23 12:42:04.276  1596  1889 D InetDiagMessage: Destroyed live tcp sockets for uids={10251} in 11ms
02-23 12:42:04.965  1135  1143 I WPKTRT  : process_address_event: 2405:201:6813:b06d:23:cdff:fe2a:726c added to wlan0
02-23 12:42:04.966  1135  1143 I WPKTRT  : process_address_event: 2405:201:6813:b06d:e84d:309d:5b12:1fe4 added to wlan0
02-23 12:42:04.970  2085  2426 D IpClient/wlan0: addressUpdated: 2405:201:6813:b06d:23:cdff:fe2a:726c/64 on ifindex 47 flags 0x00000100 scope 0
02-23 12:42:04.971  2085  2426 D IpClient/wlan0: addressUpdated: 2405:201:6813:b06d:e84d:309d:5b12:1fe4/64 on ifindex 47 flags 0x00000001 scope 0
02-23 12:42:04.971  2085  2426 W AlarmManager: Unrecognized alarm listener com.android.networkstack.android.net.ip.IpClientLinkObserver$Dhcp6PdPreferredPrefixAlarmListener@a20166f
02-23 12:42:04.972  2085  2426 D ApfFilter: (wlan0): Ignoring RA RA fe80::aada:cff:fe38:cba2 -> ff02::1 3600s 2405:201:6813:b06d::/64 3603s/3603s DNS 3603s 2405:201:6813:b06d::c0a8:1d01  which matches RA fe80::aada:cff:fe38:cba2 -> ff02::1 3600s 2405:201:6813:b06d::/64 3603s/3603s DNS 3603s 2405:201:6813:b06d::c0a8:1d01 
02-23 12:42:06.523  1602  1608 I pixel-thermal: cellular-emergency:37.6367 raw data: VIRTUAL-NEUTRAL:37636.7 VIRTUAL-NEUTRAL-SKIN2:37437.5 VIRTUAL-QUIET-NEUTRAL:36645.2 VIRTUAL-SKIN:37636.7 cellular-emergency:37636.7 disp_therm:35823 gnss_tcxo_therm:38272 neutral_therm:36536 quiet_therm:36692 skin_therm1:38406 skin_therm2:39541 
02-23 12:42:06.529  1602  1608 I pixel-thermal: VIRTUAL-SKIN-CPU:37.6367 raw data: VIRTUAL-SKIN:37636.7 VIRTUAL-SKIN-CPU:37636.7 
02-23 12:42:06.530  1602  1608 I pixel-thermal: VIRTUAL-SKIN-CPU power_budget=2183.51 err=3.36335 s_power=800 time_elapsed_ms=7021 p=1345.34 i=38.1711 d=0 compensation=0 budget transient=0 control target=3 excluded power budget=0
02-23 12:42:06.530  1602  1608 I pixel-thermal: VIRTUAL-SKIN-CPU binded power rails: (S4M_VDD_CPUCL0: 25.40 mW)(S2M_VDD_CPUCL2: 0.91 mW)(S3M_VDD_CPUCL1: 9.03 mW)
02-23 12:42:06.530  1602  1608 I pixel-thermal: neutral_therm:36.536 raw data: neutral_therm:36536 
02-23 12:42:06.530  1602  1608 I pixel-thermal: VIRTUAL-SKIN:37.6367 raw data: VIRTUAL-SKIN:37636.7 
02-23 12:42:06.531  1602  1608 I pixel-thermal: VIRTUAL-SKIN-CPU-GPU:37.6367 raw data: VIRTUAL-SKIN:37636.7 VIRTUAL-SKIN-CPU-GPU:37636.7 
02-23 12:42:06.531  1602  1608 I pixel-thermal: VIRTUAL-SKIN-CPU-GPU power_budget=3009 err=7.36335 s_power=800 time_elapsed_ms=7021 p=2209 i=0 d=0 compensation=0 budget transient=0 control target=3 excluded power budget=0
02-23 12:42:06.531  1602  1608 I pixel-thermal: VIRTUAL-SKIN-CPU-GPU binded power rails: (S4M_VDD_CPUCL0: 25.40 mW)(S2M_VDD_CPUCL2: 0.91 mW)(S3M_VDD_CPUCL1: 9.03 mW)(S2S_VDD_G3D: 2.21 mW)
02-23 12:42:06.532  1602  1608 I pixel-thermal: VIRTUAL-SKIN-HINT:37.6367 raw data: VIRTUAL-SKIN:37636.7 VIRTUAL-SKIN-HINT:37636.7 
02-23 12:42:06.532  1602  1608 I pixel-thermal: VIRTUAL-SKIN-CHARGE:37.6367 raw data: VIRTUAL-SKIN:37636.7 VIRTUAL-SKIN-CHARGE:37636.7 
02-23 12:42:06.532  1602  1608 I pixel-thermal: VIRTUAL-SKIN-CHARGE's fcc binded power rail POWER_FOR_CHARGING_THROTTLING: power threshold = 500, avg power = 498.231
02-23 12:42:06.536  1602  1608 I pixel-thermal: Successfully update cdev fcc sysfs to 0
02-23 12:42:06.571  2709  2728 W pixelstats-vendor: Thread Pool max thread count is 0. Cannot cache binder as linkToDeath cannot be implemented. serviceName: android.frameworks.stats.IStats/default
02-23 12:42:07.128   986   986 I WifiHAL : Creating message to get link statistics; iface = 47
02-23 12:42:07.295  1596  1889 D ConnectivityService: NetReassign [no changes] [c 9] [a 10] [i 24]
02-23 12:42:07.504  1596  1824 D ActivityManager: freezing 3545 com.facebook.katana
02-23 12:42:07.523  1596  1889 D InetDiagMessage: Destroyed 0 sockets, proto=IPPROTO_TCP, family=AF_INET, states=14
02-23 12:42:07.529  1596  1889 D InetDiagMessage: Destroyed 0 sockets, proto=IPPROTO_TCP, family=AF_INET6, states=14
02-23 12:42:07.529  1596  1889 D InetDiagMessage: Destroyed live tcp sockets for uids={10571} in 10ms
