--------- beginning of main
02-23 12:41:12.201   950  1551 I sensor-suez: Vendor atom [id = 100243] reported.
02-23 12:41:12.203 14771 14771 W WindowOnBackDispatcher: sendCancelIfRunning: isInProgress=false callback=X.00x@b6b8830
--------- beginning of system
02-23 12:41:12.203  1596  5036 D CoreBackPreview: Window{ccac5ef u0 com.instagram.android/com.instagram.modal.ModalActivity}: Setting back callback OnBackInvokedCallbackInfo{mCallback=android.window.IOnBackInvokedCallback$Stub$Proxy@4628735, mPriority=-1, mIsAnimationCallback=false, mOverrideBehavior=0}
02-23 12:41:12.203 14771 14830 W MultiSignalANRDetectorLacrima: Moving to background
02-23 12:41:12.212 14771 14771 W BackgroundStartupDetector: bgMode=BACKGROUND
02-23 12:41:12.213 14771 14771 I AutofillManager: onInvisibleForAutofill(): expiringResponse
02-23 12:41:12.213  1596  5030 D PresentationStatsEventLogger: Not setting no presentation reason because it already exists
02-23 12:41:12.213  1596  5030 W PresentationStatsEventLogger: Empty dataset. Autofill ignoring log
02-23 12:41:12.215  1972  1976 I deeptouch: I0000 00:00:1771830672.215616    1976 tf_lite_classifier.cc:413] Event stream classified as kNone
02-23 12:41:12.256  1596  4778 W ActivityTaskManager: takeTaskSnapshot: taskId=410 not found or not visible
02-23 12:41:12.257  4169  5098 I AiAiConversations: (REDACTED) [MessageActivityBroadcaster][component=%s][sessionId=%s][exitReason=%s][requiresDeletion=%s] Exit Conversation
02-23 12:41:12.259  4169  4832 I AiAiPeople: (REDACTED) [%d] fragments remain to process, dispatched event [%s]
02-23 12:41:12.260  4169  4697 I AiAiTranslate: (REDACTED) onExitConversation : %s
02-23 12:41:12.260  4169  4169 I AiAiTranslate: (REDACTED) dismissChipUi() conversation id : %s
02-23 12:41:12.260  4169  4169 W AiAiTranslate: dismissChipUi() OverlayLifecycleOwner is not init yet.
02-23 12:41:12.313 14771 14771 W ScreenshotDetectorByContent: Resigning active session
02-23 12:41:12.313 14771 14771 W ScreenshotDetectorByContent: Now handling 0 active screenshot sessions
02-23 12:41:12.328 14771 14830 W MultiSignalANRDetectorLacrima: Moving to background
02-23 12:41:12.341  4105  4115 I SpellCheckerSession: SpellCheckerSession.onClose():690 com.google.android.keyboard.client.delight5.LanguageIdentifier@3dfc463 is closed
02-23 12:41:12.408  1596  5036 W FillRequestEventLogger: Shouldn't be logging AutofillFillRequestReported again for same event
02-23 12:41:12.408  1596  5036 W FillResponseEventLogger: Shouldn't be logging AutofillFillRequestReported again for same event
02-23 12:41:12.408  1596  5036 W PresentationStatsEventLogger: Shouldn't be logging AutofillPresentationEventReported again for same event
02-23 12:41:12.408  1596  5036 D AutofillSession: clearPendingIntentLocked
02-23 12:41:12.409  2333  2333 V InlineSuggestionRenderService: handleDestroySuggestionViews called for 0:1939156676
02-23 12:41:12.410 14771 14771 W WindowOnBackDispatcher: sendCancelIfRunning: isInProgress=false callback=android.app.Activity$$ExternalSyntheticLambda0@e987173
02-23 12:41:12.411  1596  1794 D CoreBackPreview: Window{ccac5ef u0 com.instagram.android/com.instagram.modal.ModalActivity}: Setting back callback null
02-23 12:41:12.415 14771 14771 D ViewRootImpl: Skipping stats log for color mode
02-23 12:41:12.419  1596  1940 D BackgroundInstallControlService: Package event received: 0
02-23 12:41:12.421 20132 20132 D RecentsView: onTaskRemoved: 411, no associated Task
02-23 12:41:12.421 20132 20132 D RecentsView: onTaskRemoved: 411, no associated Task
02-23 12:41:12.578 20132 20132 D StatsLog: LAUNCHER_TASK_DISMISS_SWIPE_UP
02-23 12:41:12.579 20132 20132 D OverviewActionsView: updateForGroupedTask() called with: isGroupedTask = [false], canSaveAppPair = [false]
02-23 12:41:12.579 20132 20132 D OverviewActionsView: updateActionButtonsVisibility() called: showSingleTaskActions = [true], showGroupActions = [false]
02-23 12:41:12.580 20132 20132 I AiAiSuggestUi: Clearing suggestions.
02-23 12:41:12.580 20132 20132 I AiAiSuggestUi: Requesting to show indicators
02-23 12:41:12.580 20132 20132 I AiAiSuggestUi: Fetching contents, isPrimaryTask = false
02-23 12:41:12.580 20132 20132 D OverviewActionsView: updateForGroupedTask() called with: isGroupedTask = [false], canSaveAppPair = [false]
02-23 12:41:12.580 20132 20132 D OverviewActionsView: updateActionButtonsVisibility() called: showSingleTaskActions = [true], showGroupActions = [false]
02-23 12:41:12.580 20132 20132 D OverviewActionsView: updateForGroupedTask() called with: isGroupedTask = [false], canSaveAppPair = [false]
02-23 12:41:12.580 20132 20132 D OverviewActionsView: updateActionButtonsVisibility() called: showSingleTaskActions = [true], showGroupActions = [false]
02-23 12:41:12.580  1596  4778 W ActivityTaskManager: getApplicationThreadForTopActivity failed: Requested task not found
02-23 12:41:12.580  1596  4778 E ActivityTaskManager: Could not find activity for task 409
02-23 12:41:12.580 20132 20132 D b/318590728: onInterceptTouchEvent: MotionEvent { action=ACTION_DOWN, actionButton=0, id[0]=0, x[0]=760.0, y[0]=1694.0, toolType[0]=TOOL_TYPE_FINGER, buttonState=0, classification=NONE, metaState=0, flags=0x0, edgeFlags=0x0, pointerCount=1, historySize=0, eventTime=66392130, downTime=66392130, deviceId=4, source=0x1002, displayId=0, eventId=136102438 }
02-23 12:41:12.602  1596  1794 W HWUI    : Image decoding logging dropped!
02-23 12:41:12.632 20132 23197 I AiAiSuggestUi: Request suggestContentSelections complete, took: 52
02-23 12:41:12.633 20132 23197 I AiAiSuggestUi: Fetched content back in callback
02-23 12:41:12.633 20132 20132 I AiAiSuggestUi: Display indicators
02-23 12:41:12.646  1972  1976 I deeptouch: I0000 00:00:1771830672.646046    1976 tf_lite_classifier.cc:413] Event stream classified as kNone
02-23 12:41:13.042 20132 20132 D StatsLog: LAUNCHER_TASK_DISMISS_SWIPE_UP
02-23 12:41:13.043 20132 20132 I AiAiSuggestUi: Clearing suggestions.
02-23 12:41:13.043 20132 20132 I AiAiSuggestUi: Clearing suggestions.
02-23 12:41:13.046 20132 20132 D StateManager: goToState - fromState: Overview, toState: Normal, partial trace:
02-23 12:41:13.046 20132 20132 D StateManager: 	at com.android.quickstep.views.LauncherRecentsView.handleStartHome(go/retraceme 72a59688580715d19f0e415c69e80376c2f062d1648c80db6730905005a27c20:36)
02-23 12:41:13.046 20132 20132 D StateManager: 	at com.android.quickstep.views.RecentsView.startHome(go/retraceme 72a59688580715d19f0e415c69e80376c2f062d1648c80db6730905005a27c20:3)
02-23 12:41:13.046 20132 20132 D StateManager: 	at com.android.quickstep.views.RecentsView.startHome(go/retraceme 72a59688580715d19f0e415c69e80376c2f062d1648c80db6730905005a27c20:1)
02-23 12:41:13.046 20132 20132 D RecentsView: finishRecentsAnimation - mRecentsAnimationController: null
02-23 12:41:13.046 20132 20132 D RecentsView: cleanupRemoteTargets - mRemoteTargetHandles: null
02-23 12:41:13.047 20132 20132 D OverviewActionsView: updateForGroupedTask() called with: isGroupedTask = [false], canSaveAppPair = [false]
02-23 12:41:13.047 20132 20132 D OverviewActionsView: updateActionButtonsVisibility() called: showSingleTaskActions = [true], showGroupActions = [false]
02-23 12:41:13.048  1596  1669 D ActivityManager: sync unfroze 13350 com.android.settings for 6
02-23 12:41:13.050 20132 20132 D StateManager: onStateTransitionStart - state: Normal
02-23 12:41:13.050 20132 20132 D RecentsView: updateTaskStackListenerState: false
02-23 12:41:13.052   950   950 D usf_sensor_hal: accelerometer: Enter Batch. Period = 200000000, latency = 0.
02-23 12:41:13.052   950   950 D usf_sensor_hal: IMU temperature: Enter Batch. Period = 615385000, latency = 0.
02-23 12:41:13.052   950  1551 I sensor-suez: Vendor atom [id = 100243] reported.
02-23 12:41:13.054  1596  1940 D BackgroundInstallControlService: Package event received: 0
02-23 12:41:13.095   608   655 E hwc-display: [PrimaryDisplay] resetColorMappingInfoForClientComp:: resetColorMappingInfo() idx=0 error(-22)
02-23 12:41:13.095   608   655 E hwc-display: Fail to open file /data/vendor/log/hwc/PrimaryDisplay_hwc_error_log0.txt, error: Permission denied
02-23 12:41:13.095   608   655 E hwc-display: Fail to open file /data/log/PrimaryDisplay_hwc_error_log0.txt, error: No such file or directory
02-23 12:41:13.095   608   655 E hwc-display: Unable to open log file for PrimaryDisplay_hwc_error_log0.txt
02-23 12:41:13.095   608   655 E hwc-display: [PrimaryDisplay] resetColorMappingInfoForClientComp:: resetColorMappingInfo() idx=1 error(-22)
02-23 12:41:13.095   608   655 E hwc-display: Fail to open file /data/vendor/log/hwc/PrimaryDisplay_hwc_error_log0.txt, error: Permission denied
02-23 12:41:13.095   608   655 E hwc-display: Fail to open file /data/log/PrimaryDisplay_hwc_error_log0.txt, error: No such file or directory
02-23 12:41:13.095   608   655 E hwc-display: Unable to open log file for PrimaryDisplay_hwc_error_log0.txt
02-23 12:41:13.091   608   608 W HwBinder:608_1: type=1400 audit(0.0:25354): avc:  denied  { search } for  name="log" dev="dm-55" ino=315 scontext=u:r:hal_graphics_composer_default:s0 tcontext=u:object_r:vendor_log_file:s0 tclass=dir permissive=0
02-23 12:41:13.091   608   608 W HwBinder:608_1: type=1400 audit(0.0:25355): avc:  denied  { search } for  name="log" dev="dm-55" ino=315 scontext=u:r:hal_graphics_composer_default:s0 tcontext=u:object_r:vendor_log_file:s0 tclass=dir permissive=0
02-23 12:41:13.091   608   608 W HwBinder:608_1: type=1400 audit(0.0:25356): avc:  denied  { search } for  name="log" dev="dm-55" ino=315 scontext=u:r:hal_graphics_composer_default:s0 tcontext=u:object_r:vendor_log_file:s0 tclass=dir permissive=0
02-23 12:41:13.091   608   608 W HwBinder:608_1: type=1400 audit(0.0:25357): avc:  denied  { search } for  name="log" dev="dm-55" ino=315 scontext=u:r:hal_graphics_composer_default:s0 tcontext=u:object_r:vendor_log_file:s0 tclass=dir permissive=0
02-23 12:41:13.147  1596  1825 D HintManagerService: Starts cleaning for 10237
02-23 12:41:13.310  1203  1203 D AOC     : A3:MSG: lsm6dsr_device.cc, 763: USF: Lsm6dsrDevice: Sensor 3: Enabled 0, odr_index 0.
02-23 12:41:13.310 20132 20132 D StateManager: onStateTransitionEnd - state: Normal
02-23 12:41:13.311  1203  1203 D AOC     : A3:MSG: lsm6dsr_fifo.cc, 750: USF: Lsm6dsrFifo: ODR: XL/G/T/TS: 52/208/13/26 WM: 1 Intr: 208.
02-23 12:41:13.311  1203  1203 D AOC     : A3:MSG: lsm6dsr_device.cc, 671: USF: Lsm6dsrDevice: Fifo was disabled for 867432ns.
02-23 12:41:13.311  1203  1203 D AOC     : A3:MSG: usf_sensor.cc, 1581: USF: Received stop sampling request for LSM6DSR Motion Detect (active:-1).
02-23 12:41:13.311  1203  1203 D AOC     : A3:MSG: usf_sensor.cc, 2037: USF: Sampling configuration 15142 not found.
02-23 12:41:13.311 20132 20132 D RecentsView: reset - mEnableDrawingLiveTile: true, mRecentsAnimationController: null
02-23 12:41:13.312 20132 20132 D ActivityAllAppsContainerView: rebindAdapters: force: false
02-23 12:41:13.312  1203  1203 D AOC     : A3:MSG: usf_sensor_client.cc, 161: USF: Received kErrNotFound when disabling one shot sensor.
02-23 12:41:13.312 20132 20132 D ActivityAllAppsContainerView: rebindAdapters: Not needed.
02-23 12:41:13.312  1203  1203 D AOC     : A3:MSG: usf_sensor.cc, 1573: USF: Received start sampling request for LSM6DSR Stationary Detect (active:1).
02-23 12:41:13.312  1203  1203 D AOC     : A3:MSG: lsm6dsr_device.cc, 763: USF: Lsm6dsrDevice: Sensor 4: Enabled 1, odr_index 1.
02-23 12:41:13.313  1203  1203 D AOC     : A3:MSG: lsm6dsr_fifo.cc, 750: USF: Lsm6dsrFifo: ODR: XL/G/T/TS: 52/208/13/26 WM: 1 Intr: 208.
02-23 12:41:13.313  1203  1203 D AOC     : A3:MSG: lsm6dsr_device.cc, 671: USF: Lsm6dsrDevice: Fifo was disabled for 638672ns.
02-23 12:41:13.314  1203  1203 D AOC     : A3:MSG: motion_state_sensor.cc, 327: USF: MoSt: StationaryDetect sampling started with sampling ID 15144.
02-23 12:41:13.314  1203  1203 D AOC     : A3:MSG: usf_sensor.cc, 1581: USF: Received stop sampling request for LSM6DSR Motion Detect (active:-1).
02-23 12:41:13.314  1203  1203 D AOC     : A3:MSG: usf_sensor.cc, 2037: USF: Sampling configuration 15143 not found.
02-23 12:41:13.316  1203  1203 D AOC     : A3:MSG: usf_sensor_client.cc, 145: USF: Received kErrNotFound when disabling one shot sensor.
02-23 12:41:13.316  1203  1203 D AOC     : A3:MSG: vsc_controller.cc, 550: VSC: [Significant Motion] stopSensorEvents: sensor 0x20002
02-23 12:41:13.317  1203  1203 D AOC     : A3:MSG: vsc_controller.cc, 532: VSC: [Significant Motion] requestSensorEvents: sensor 0x10001, period=20 latency=3200ms
02-23 12:41:13.318  1203  1203 D AOC     : A3:MSG: usf_sensor.cc, 1573: USF: Received start sampling request for LSM6DSR Accelerometer (active:6).
02-23 12:41:13.318  1203  1203 D AOC     : A3:MSG: lsm6dsr_device.cc, 763: USF: Lsm6dsrDevice: Sensor 0: Enabled 1, odr_index 3.
02-23 12:41:13.319  1203  1203 D AOC     : A3:MSG: lsm6dsr_fifo.cc, 750: USF: Lsm6dsrFifo: ODR: XL/G/T/TS: 52/208/13/26 WM: 1 Intr: 208.
02-23 12:41:13.319  1203  1203 D AOC     : A3:MSG: lsm6dsr_device.cc, 671: USF: Lsm6dsrDevice: Fifo was disabled for 271973ns.
02-23 12:41:13.321  1203  1203 D AOC     : A3:MSG: usf_sensor.cc, 1573: USF: Received start sampling request for LSM6DSR Accelerometer (active:6).
02-23 12:41:13.322  1203  1203 D AOC     : A3:MSG: usf_sensor.cc, 1573: USF: Received start sampling request for LSM6DSR FreeFall Detect (active:1).
02-23 12:41:13.323  1203  1203 D AOC     : A3:MSG: lsm6dsr_device.cc, 763: USF: Lsm6dsrDevice: Sensor 5: Enabled 1, odr_index 1.
02-23 12:41:13.323  1203  1203 D AOC     : A3:MSG: lsm6dsr_fifo.cc, 750: USF: Lsm6dsrFifo: ODR: XL/G/T/TS: 52/208/13/26 WM: 1 Intr: 208.
02-23 12:41:13.324  1203  1203 D AOC     : A3:MSG: lsm6dsr_device.cc, 671: USF: Lsm6dsrDevice: Fifo was disabled for 443359ns.
02-23 12:41:13.325  1203  1203 D AOC     : A3:MSG: usf_sensor.cc, 1573: USF: Received start sampling request for LSM6DSR Stationary Detect (active:2).
02-23 12:41:13.326   929   966 I CHRE    : @ 113296.107: [AR] IDLE => ON
02-23 12:41:13.327  1203  1203 D AOC     : A3:MSG: usf_sensor.cc, 1581: USF: Received stop sampling request for LSM6DSR Motion Detect (active:-1).
02-23 12:41:13.327  1203  1203 D AOC     : A3:MSG: usf_sensor.cc, 2037: USF: Sampling configuration 15141 not found.
02-23 12:41:13.327  1203  1203 D AOC     : A3:MSG: usf_sensor_client.cc, 145: USF: Received kErrNotFound when disabling one shot sensor.
02-23 12:41:13.974   986   986 I WifiHAL : Creating message to get link statistics; iface = 47
02-23 12:41:14.086  1596  1889 D ConnectivityService: NetReassign [no changes] [c 2] [a 2] [i 7]
02-23 12:41:14.292  2267  2581 D SatelliteController: iisInCarrierRoamingNbIotNtn: satellite is disabled
02-23 12:41:14.319  2241  2241 I SHANNON_IMS: 8173 [PROX] Received onSignalStrengthsChanged [CellSignalStrengthLte: rssi=-71 rsrp=-97 rsrq=-7 rssnr=14 cqiTableIndex=1 cqi=15 ta=2147483647 level=4 parametersUseForLevel=0] [SLID:0 APM:false] (ImsConnectivityProxyListener$ImsPhoneStateListener%onSignalStrengthsChanged:413)
02-23 12:41:14.665 14771 14830 W MultiSignalANRDetectorLacrima: Pausing error state checks
02-23 12:41:14.783   941   941 W TracingMuxer: type=1400 audit(0.0:25358): avc:  denied  { write } for  name="traced_producer" dev="tmpfs" ino=1186 scontext=u:r:hal_neuralnetworks_darwinn:s0 tcontext=u:object_r:traced_producer_socket:s0 tclass=sock_file permissive=0
02-23 12:41:15.351  1596  1596 W ProcessStats: Tracking association SourceState{553e642 com.google.android.gms.persistent/10156 BFgs #174947} whose proc state 4 is better than process ProcessState{c3a55eb com.google.android.gms/10156 pkg=com.google.android.gms} proc state 14 (342 skipped)
02-23 12:41:15.838  1596  1824 D ActivityManager: freezing 3545 com.facebook.katana
02-23 12:41:15.846  1203  1203 D AOC     : A3:MSG: usf_vsc_log.cc, 53: USF: [WO] Rejected by swing_time. Last detected 421 ms ago.
02-23 12:41:15.858  1596  1889 D InetDiagMessage: Destroyed 0 sockets, proto=IPPROTO_TCP, family=AF_INET, states=14
02-23 12:41:15.862  1596  1889 D InetDiagMessage: Destroyed 0 sockets, proto=IPPROTO_TCP, family=AF_INET6, states=14
02-23 12:41:15.863  1596  1889 D InetDiagMessage: Destroyed live tcp sockets for uids={10571} in 10ms
02-23 12:41:17.077   986   986 I WifiHAL : Creating message to get link statistics; iface = 47
02-23 12:41:17.155  4202 26891 I fabn    : (REDACTED) appOpsListener %s %s
02-23 12:41:17.155  4202 26891 I fabn    : (REDACTED) Ignoring irrelevant audio permission changes for package %s
02-23 12:41:17.213  1596  1889 D ConnectivityService: NetReassign [no changes] [c 2] [a 3] [i 7]
02-23 12:41:17.260 14771 14899 W IgMetaConfig: Could not obtain MC: not_user_session session=X.AqB@b67b91e
02-23 12:41:17.260 14771 14899 W IgMetaConfig: java.lang.RuntimeException: Could not obtain MC, call-site will receive default values
02-23 12:41:17.260 14771 14899 W IgMetaConfig: 	at X.2kA.A06(:4)
02-23 12:41:17.260 14771 14899 W IgMetaConfig: 	at X.2kA.A05(:8)
02-23 12:41:17.260 14771 14899 W IgMetaConfig: 	at X.2kA.A03(:2)
02-23 12:41:17.260 14771 14899 W IgMetaConfig: 	at X.2li.A00(:8)
02-23 12:41:17.260 14771 14899 W IgMetaConfig: 	at X.2li.A03(:7)
02-23 12:41:17.260 14771 14899 W IgMetaConfig: 	at X.5vr.A00(:6)
02-23 12:41:17.260 14771 14899 W IgMetaConfig: 	at X.5wu.GAj(:63)
02-23 12:41:17.260 14771 14899 W IgMetaConfig: 	at X.5xi.handleMessage(:76)
02-23 12:41:17.260 14771 14899 W IgMetaConfig: 	at android.os.Handler.dispatchMessage(Handler.java:110)
02-23 12:41:17.260 14771 14899 W IgMetaConfig: 	at android.os.Looper.loopOnce(Looper.java:248)
02-23 12:41:17.260 14771 14899 W IgMetaConfig: 	at android.os.Looper.loop(Looper.java:338)
02-23 12:41:17.260 14771 14899 W IgMetaConfig: 	at android.os.HandlerThread.run(HandlerThread.java:85)
02-23 12:41:17.313 14771 14917 E AppStates.cpp: Event 2 is not expected in BACKGROUND_VOIPOFF
02-23 12:41:17.409  1602  1608 I pixel-thermal: cellular-emergency:38.028 raw data: VIRTUAL-NEUTRAL:38027.9 VIRTUAL-NEUTRAL-SKIN2:37703.9 VIRTUAL-QUIET-NEUTRAL:36835.8 VIRTUAL-SKIN:38027.9 cellular-emergency:38027.9 disp_therm:36046 gnss_tcxo_therm:38739 neutral_therm:36602 quiet_therm:36936 skin_therm1:39118 skin_therm2:40275 
02-23 12:41:17.413  1602  1608 I pixel-thermal: VIRTUAL-SKIN-CPU:38.028 raw data: VIRTUAL-SKIN:38027.9 VIRTUAL-SKIN-CPU:38027.9 
02-23 12:41:17.413  1602  1608 I pixel-thermal: VIRTUAL-SKIN-CPU power_budget=2026.99 err=2.97205 s_power=800 time_elapsed_ms=7008 p=1188.82 i=38.1711 d=-0 compensation=0 budget transient=0 control target=3 excluded power budget=0
02-23 12:41:17.413  1602  1608 I pixel-thermal: VIRTUAL-SKIN-CPU binded power rails: (S4M_VDD_CPUCL0: 199.88 mW)(S2M_VDD_CPUCL2: 123.08 mW)(S3M_VDD_CPUCL1: 66.80 mW)
02-23 12:41:17.413  1602  1608 I pixel-thermal: neutral_therm:36.602 raw data: neutral_therm:36602 
02-23 12:41:17.413  1602  1608 I pixel-thermal: VIRTUAL-SKIN:38.028 raw data: VIRTUAL-SKIN:38027.9 
02-23 12:41:17.413  1602  1608 I pixel-thermal: VIRTUAL-SKIN-CPU-GPU:38.028 raw data: VIRTUAL-SKIN:38027.9 VIRTUAL-SKIN-CPU-GPU:38027.9 
02-23 12:41:17.414  1602  1608 I pixel-thermal: VIRTUAL-SKIN-CPU-GPU power_budget=2891.61 err=6.97205 s_power=800 time_elapsed_ms=7008 p=2091.61 i=0 d=-0 compensation=0 budget transient=0 control target=3 excluded power budget=0
02-23 12:41:17.414  1602  1608 I pixel-thermal: VIRTUAL-SKIN-CPU-GPU binded power rails: (S4M_VDD_CPUCL0: 199.88 mW)(S2M_VDD_CPUCL2: 123.08 mW)(S3M_VDD_CPUCL1: 66.80 mW)(S2S_VDD_G3D: 42.78 mW)
02-23 12:41:17.414  1602  1608 I pixel-thermal: VIRTUAL-SKIN-HINT:38.028 raw data: VIRTUAL-SKIN:38027.9 VIRTUAL-SKIN-HINT:38027.9 
02-23 12:41:17.414  1602  1608 I pixel-thermal: VIRTUAL-SKIN-CHARGE:38.028 raw data: VIRTUAL-SKIN:38027.9 VIRTUAL-SKIN-CHARGE:38027.9 
02-23 12:41:17.414  1602  1608 I pixel-thermal: VIRTUAL-SKIN-CHARGE's fcc binded power rail POWER_FOR_CHARGING_THROTTLING: power threshold = 500, avg power = 1025.55
02-23 12:41:17.423 21213 21429 I IPCThreadState: oneway function results for code 1 on binder at 0xb400006e587aa880 will be dropped but finished with status UNKNOWN_TRANSACTION and reply parcel size 80
02-23 12:41:18.204 14771 15031 W SoLoader[NativeDeps]: Couldn't find libpytorch_jni_lite.so in native deps file
02-23 12:41:18.204 14771 15031 W SoLoader[NativeDeps]: Falling back to custom ELF parsing when loading libpytorch_jni_lite.so, this can be slow
02-23 12:41:18.213 14771 15031 W SoLoader[NativeDeps]: Couldn't find libxplat_caffe2_android_pytorch_jni_common.so in native deps file
02-23 12:41:18.213 14771 15031 W SoLoader[NativeDeps]: Falling back to custom ELF parsing when loading libxplat_caffe2_android_pytorch_jni_common.so, this can be slow
02-23 12:41:18.230 14771 15031 D nativeloader: Load /data/data/com.instagram.android/modules/pytorch_2a11e1e79b026688ba96506d416d1d28875cdb31b86be794206c67864d59be7e/lib-compressed/arm64-v8a/813748055/asset-libs/libxplat_caffe2_android_pytorch_jni_common.so using class loader ns clns-10 (caller=/data/app/~~HP-5ww1_67Hxw1PHW-oBLw==/com.instagram.android-zcg1WShpcwLEK7Q3XB4oeg==/base.apk!classes11.dex): ok
02-23 12:41:18.223 14771 14771 W SWPool3_t1of1: type=1400 audit(0.0:25359): avc:  granted  { execute } for  path="/data/data/com.instagram.android/modules/pytorch_2a11e1e79b026688ba96506d416d1d28875cdb31b86be794206c67864d59be7e/lib-compressed/arm64-v8a/813748055/asset-libs/libxplat_caffe2_android_pytorch_jni_common.so" dev="dm-55" ino=835747 scontext=u:r:untrusted_app:s0:c237,c256,c512,c768 tcontext=u:object_r:app_data_file:s0:c237,c256,c512,c768 tclass=file app=com.instagram.android
02-23 12:41:18.231 14771 14771 W SWPool3_t1of1: type=1400 audit(0.0:25360): avc:  granted  { execute } for  path="/data/data/com.instagram.android/modules/pytorch_2a11e1e79b026688ba96506d416d1d28875cdb31b86be794206c67864d59be7e/lib-compressed/arm64-v8a/813748055/asset-libs/libpytorch_jni_lite.so" dev="dm-55" ino=835493 scontext=u:r:untrusted_app:s0:c237,c256,c512,c768 tcontext=u:object_r:app_data_file:s0:c237,c256,c512,c768 tclass=file app=com.instagram.android
02-23 12:41:18.240 14771 15031 D nativeloader: Load /data/data/com.instagram.android/modules/pytorch_2a11e1e79b026688ba96506d416d1d28875cdb31b86be794206c67864d59be7e/lib-compressed/arm64-v8a/813748055/asset-libs/libpytorch_jni_lite.so using class loader ns clns-10 (caller=/data/app/~~HP-5ww1_67Hxw1PHW-oBLw==/com.instagram.android-zcg1WShpcwLEK7Q3XB4oeg==/base.apk!classes11.dex): ok
02-23 12:41:18.247 14771 15031 E stagram.android: No implementation found for int com.facebook.soloader.MergedSoMapping$Invoke_JNI_OnLoad.libtorch_code_gen_so() (tried Java_com_facebook_soloader_MergedSoMapping_00024Invoke_1JNI_1OnLoad_libtorch_1code_1gen_1so and Java_com_facebook_soloader_MergedSoMapping_00024Invoke_1JNI_1OnLoad_libtorch_1code_1gen_1so__) - is the library loaded, e.g. System.loadLibrary?
02-23 12:41:18.252 14771 15031 W LegacyTypeDispatch.h: Warning:  (function operator())
02-23 12:41:18.305 14771 15031 W MobileModuleQPLObserver.cpp: Ignored unsupported key type: string
02-23 12:41:18.336  1203  1203 D AOC     : A3:MSG: lsm6dsr_device.cc, 763: USF: Lsm6dsrDevice: Sensor 4: Enabled 0, odr_index 0.
02-23 12:41:18.336  1203  1203 D AOC     : A3:MSG: lsm6dsr_fifo.cc, 750: USF: Lsm6dsrFifo: ODR: XL/G/T/TS: 52/208/13/26 WM: 1 Intr: 208.
02-23 12:41:18.337  1203  1203 D AOC     : A3:MSG: lsm6dsr_device.cc, 671: USF: Lsm6dsrDevice: Fifo was disabled for 562989ns.
02-23 12:41:18.337  1203  1203 D AOC     : A3:MSG: usf_sensor.cc, 1581: USF: Received stop sampling request for LSM6DSR Stationary Detect (active:-1).
02-23 12:41:18.338  1203  1203 D AOC     : A3:MSG: usf_sensor.cc, 2037: USF: Sampling configuration 15144 not found.
02-23 12:41:18.338  1203  1203 D AOC     : A3:MSG: usf_sensor_client.cc, 161: USF: Received kErrNotFound when disabling one shot sensor.
02-23 12:41:18.338  1203  1203 D AOC     : A3:MSG: usf_sensor.cc, 1573: USF: Received start sampling request for LSM6DSR Motion Detect (active:1).
02-23 12:41:18.339  1203  1203 D AOC     : A3:MSG: lsm6dsr_device.cc, 763: USF: Lsm6dsrDevice: Sensor 3: Enabled 1, odr_index 1.
02-23 12:41:18.339  1203  1203 D AOC     : A3:MSG: lsm6dsr_fifo.cc, 750: USF: Lsm6dsrFifo: ODR: XL/G/T/TS: 52/208/13/26 WM: 1 Intr: 208.
02-23 12:41:18.339  1203  1203 D AOC     : A3:MSG: lsm6dsr_device.cc, 249: USF: Lsm6dsrDevice: Config sampling too slow. Took 549316ns.
02-23 12:41:18.340  1203  1203 D AOC     : A3:MSG: lsm6dsr_device.cc, 671: USF: Lsm6dsrDevice: Fifo was disabled for 549316ns.
02-23 12:41:18.340  1203  1203 D AOC     : A3:MSG: motion_state_sensor.cc, 327: USF: MoSt: MotionDetect sampling started with sampling ID 15147.
02-23 12:41:18.345  1203  1203 D AOC     : A3:MSG: usf_sensor.cc, 1573: USF: Received start sampling request for LSM6DSR Motion Detect (active:2).
02-23 12:41:18.346  1203  1203 D AOC     : A3:MSG: usf_sensor.cc, 1581: USF: Received stop sampling request for LSM6DSR FreeFall Detect (active:0).
02-23 12:41:18.347  1203  1203 D AOC     : A3:MSG: lsm6dsr_device.cc, 763: USF: Lsm6dsrDevice: Sensor 5: Enabled 0, odr_index 0.
02-23 12:41:18.347  1203  1203 D AOC     : A3:MSG: lsm6dsr_fifo.cc, 750: USF: Lsm6dsrFifo: ODR: XL/G/T/TS: 52/208/13/26 WM: 1 Intr: 208.
02-23 12:41:18.348  1203  1203 D AOC     : A3:MSG: lsm6dsr_device.cc, 671: USF: Lsm6dsrDevice: Fifo was disabled for 406982ns.
02-23 12:41:18.350  1203  1203 D AOC     : A3:MSG: usf_sensor.cc, 1581: USF: Received stop sampling request for LSM6DSR Stationary Detect (active:-1).
02-23 12:41:18.350  1203  1203 D AOC     : A3:MSG: usf_sensor.cc, 2037: USF: Sampling configuration 15146 not found.
02-23 12:41:18.350  1203  1203 D AOC     : A3:MSG: usf_sensor_client.cc, 145: USF: Received kErrNotFound when disabling one shot sensor.
02-23 12:41:18.941  1596  1889 D InetDiagMessage: Destroyed 0 sockets, proto=IPPROTO_TCP, family=AF_INET, states=14
02-23 12:41:18.946  1596  1889 D InetDiagMessage: Destroyed 2 sockets, proto=IPPROTO_TCP, family=AF_INET6, states=14
02-23 12:41:18.946  1596  1889 D InetDiagMessage: Destroyed live tcp sockets for uids={10251} in 9ms
02-23 12:41:18.949  1596  1889 D InetDiagMessage: Destroyed 0 sockets, proto=IPPROTO_TCP, family=AF_INET, states=14
02-23 12:41:18.952  1596  1889 D InetDiagMessage: Destroyed 0 sockets, proto=IPPROTO_TCP, family=AF_INET6, states=14
02-23 12:41:18.952  1596  1889 D InetDiagMessage: Destroyed live tcp sockets for uids={20251} in 6ms
02-23 12:41:19.088  1135  1143 I WPKTRT  : process_address_event: 2405:201:6813:b06d:23:cdff:fe2a:726c added to wlan0
02-23 12:41:19.088  1135  1143 I WPKTRT  : process_address_event: 2405:201:6813:b06d:e84d:309d:5b12:1fe4 added to wlan0
02-23 12:41:19.093  2085  2426 D IpClient/wlan0: addressUpdated: 2405:201:6813:b06d:23:cdff:fe2a:726c/64 on ifindex 47 flags 0x00000100 scope 0
02-23 12:41:19.093  2085  2426 D IpClient/wlan0: addressUpdated: 2405:201:6813:b06d:e84d:309d:5b12:1fe4/64 on ifindex 47 flags 0x00000001 scope 0
02-23 12:41:19.094  2085  2426 W AlarmManager: Unrecognized alarm listener com.android.networkstack.android.net.ip.IpClientLinkObserver$Dhcp6PdPreferredPrefixAlarmListener@a20166f
02-23 12:41:19.095  2085  2426 D ApfFilter: (wlan0): Ignoring RA RA fe80::aada:cff:fe38:cba2 -> ff02::1 3600s 2405:201:6813:b06d::/64 3603s/3603s DNS 3603s 2405:201:6813:b06d::c0a8:1d01  which matches RA fe80::aada:cff:fe38:cba2 -> ff02::1 3600s 2405:201:6813:b06d::/64 3603s/3603s DNS 3603s 2405:201:6813:b06d::c0a8:1d01 
02-23 12:41:19.507  2137  2375 D TemperatureStateSource: sequence=6329 actualDelay=10001
02-23 12:41:19.508  2137  2375 D TemperatureStateSource: Reading temperature: sequence=6330
02-23 12:41:19.513  1602  1602 I pixel-thermal: VIRTUAL-SKIN:38.1497 raw data: VIRTUAL-NEUTRAL:38149.7 VIRTUAL-NEUTRAL-SKIN2:37782.2 VIRTUAL-QUIET-NEUTRAL:36849.3 VIRTUAL-SKIN:38149.7 disp_therm:36024 gnss_tcxo_therm:38918 neutral_therm:36647 quiet_therm:36936 skin_therm1:39363 skin_therm2:40431 
02-23 12:41:19.514  2137  2375 D TemperatureStateSource: getDeviceTemperatures: sequence=6330 deviceTemperatureType=3 temperatureSource=0 temperatures=[38.149704]
02-23 12:41:19.514  2137  2375 D BusinessScope: Enqueuing the block
02-23 12:41:19.515  2137  2375 D TemperatureStateSource: sequence=6330 waitTime=10000
02-23 12:41:19.515  2137  2375 D BusinessScope: Start running the #12848 block
02-23 12:41:19.517  1203  1203 D AOC     : A3:MSG: lsm6dsr_device.cc, 763: USF: Lsm6dsrDevice: Sensor 3: Enabled 0, odr_index 0.
02-23 12:41:19.519  1203  1203 D AOC     : A3:MSG: lsm6dsr_fifo.cc, 750: USF: Lsm6dsrFifo: ODR: XL/G/T/TS: 52/208/13/26 WM: 1 Intr: 208.
02-23 12:41:19.519  1203  1203 D AOC     : A3:MSG: lsm6dsr_device.cc, 671: USF: Lsm6dsrDevice: Fifo was disabled for 547608ns.
02-23 12:41:19.520  1203  1203 D AOC     : A3:MSG: usf_sensor.cc, 1581: USF: Received stop sampling request for LSM6DSR Motion Detect (active:-1).
02-23 12:41:19.520  1203  1203 D AOC     : A3:MSG: usf_sensor.cc, 2037: USF: Sampling configuration 15147 not found.
02-23 12:41:19.520  1203  1203 D AOC     : A3:MSG: usf_sensor_client.cc, 161: USF: Received kErrNotFound when disabling one shot sensor.
02-23 12:41:19.520  1203  1203 D AOC     : A3:MSG: usf_sensor.cc, 1573: USF: Received start sampling request for LSM6DSR Stationary Detect (active:1).
02-23 12:41:19.520  1203  1203 D AOC     : A3:MSG: lsm6dsr_device.cc, 763: USF: Lsm6dsrDevice: Sensor 4: Enabled 1, odr_index 1.
02-23 12:41:19.520  1203  1203 D AOC     : A3:MSG: lsm6dsr_fifo.cc, 750: USF: Lsm6dsrFifo: ODR: XL/G/T/TS: 52/208/13/26 WM: 1 Intr: 208.
02-23 12:41:19.520  1203  1203 D AOC     : A3:MSG: lsm6dsr_device.cc, 671: USF: Lsm6dsrDevice: Fifo was disabled for 739746ns.
02-23 12:41:19.521  1203  1203 D AOC     : A3:MSG: motion_state_sensor.cc, 327: USF: MoSt: StationaryDetect sampling started with sampling ID 15149.
02-23 12:41:19.522  1602  1602 I pixel-thermal: VIRTUAL-SKIN:38.1497 raw data: VIRTUAL-SKIN:38149.7 
02-23 12:41:19.522  2137  2375 I TemperatureStateSource: temperature was set
02-23 12:41:19.522  2137  2375 D BusinessScope: Enqueuing the block
02-23 12:41:19.522  2137  2375 D ImpulseStateSource: Notify clients: 6423
02-23 12:41:19.522  2137  2375 D BusinessScope: Finish running the #12848 block
02-23 12:41:19.523  2137  2375 D BusinessScope: Start running the #12849 block
02-23 12:41:19.523  1203  1203 D AOC     : A3:MSG: usf_sensor.cc, 1573: USF: Received start sampling request for LSM6DSR FreeFall Detect (active:1).
02-23 12:41:19.525  1203  1203 D AOC     : A3:MSG: lsm6dsr_device.cc, 763: USF: Lsm6dsrDevice: Sensor 5: Enabled 1, odr_index 1.
02-23 12:41:19.526  1203  1203 D AOC     : A3:MSG: lsm6dsr_fifo.cc, 750: USF: Lsm6dsrFifo: ODR: XL/G/T/TS: 52/208/13/26 WM: 1 Intr: 208.
02-23 12:41:19.526  1203  1203 D AOC     : A3:MSG: lsm6dsr_device.cc, 671: USF: Lsm6dsrDevice: Fifo was disabled for 463623ns.
02-23 12:41:19.526  1203  1203 D AOC     : A3:MSG: usf_sensor.cc, 1573: USF: Received start sampling request for LSM6DSR Stationary Detect (active:2).
02-23 12:41:19.527  2137  3214 D BusinessScope: Finish running the #12849 block
02-23 12:41:19.528  1203  1203 D AOC     : A3:MSG: usf_sensor.cc, 1581: USF: Received stop sampling request for LSM6DSR Motion Detect (active:-1).
02-23 12:41:19.528  1203  1203 D AOC     : A3:MSG: usf_sensor.cc, 2037: USF: Sampling configuration 15148 not found.
02-23 12:41:19.528  1203  1203 D AOC     : A3:MSG: usf_sensor_client.cc, 145: USF: Received kErrNotFound when disabling one shot sensor.
02-23 12:41:19.541 18564 13276 W Turbo.DeviceHealthLeversManagerImpl: applyLeversWithMaintenanceWindow: ignore the same request
02-23 12:41:19.784  1203  1203 D AOC     : A3:MSG: usf_vsc_log.cc, 53: USF: [WO] Gyro finds rotation while in swing_time check
02-23 12:41:19.784  1203  1203 D AOC     : A3:MSG: usf_vsc_log.cc, 53: USF: [WO] Gyro finds rotation while in swing_time check
02-23 12:41:19.784  1203  1203 D AOC     : A3:MSG: usf_vsc_log.cc, 53: USF: [WO] Gyro finds rotation while in swing_time check
02-23 12:41:19.838  1203  1203 D AOC     : A3:MSG: usf_vsc_log.cc, 53: USF: [WO] Gyro finds rotation while in swing_time check
02-23 12:41:19.838  1203  1203 D AOC     : A3:MSG: usf_vsc_log.cc, 53: USF: [WO] Gyro finds rotation while in swing_time check
02-23 12:41:19.838  1203  1203 D AOC     : A3:MSG: usf_vsc_log.cc, 53: USF: [WO] Gyro finds rotation while in swing_time check
02-23 12:41:19.891  1203  1203 D AOC     : A3:MSG: usf_vsc_log.cc, 53: USF: [WO] Gyro finds rotation while in swing_time check
02-23 12:41:20.201   986   986 I WifiHAL : Creating message to get link statistics; iface = 47
02-23 12:41:20.323  2518  2566 D IwlanDataService: onCapabilitiesChanged: 122 [ Transports: WIFI Capabilities: NOT_METERED&INTERNET&NOT_RESTRICTED&TRUSTED&NOT_VPN&VALIDATED&NOT_ROAMING&FOREGROUND&NOT_CONGESTED&NOT_SUSPENDED&NOT_VCN_MANAGED&NOT_BANDWIDTH_CONSTRAINED LinkUpBandwidth>=25119Kbps LinkDnBandwidth>=26144Kbps TransportInfo: <SSID: "JioFiber-vaibhav 5g", BSSID: a8:da:0c:38:cb:a4, MAC: 02:23:cd:2a:72:6c, IP: /192.168.29.2, Security type: 2, Supplicant state: COMPLETED, Wi-Fi standard: 11ac, RSSI: -56, Link speed: 650Mbps, Tx Link speed: 650Mbps, Max Supported Tx Link speed: 866Mbps, Rx Link speed: 702Mbps, Max Supported Rx Link speed: 866Mbps, Frequency: 5785MHz, Net ID: 55, Metered hint: false, score: 60, isUsable: true, CarrierMerged: false, SubscriptionId: -1, IsPrimary: 1, Trusted: true, Restricted: false, Ephemeral: false, OEM paid: false, OEM private: false, OSU AP: false, FQDN: <none>, Provider friendly name: <none>, Requesting package name: <none>"JioFiber-vaibhav 5g"wpa2-pskMLO Information: , Is TID-To-Link negotiation supported by the AP: false, AP MLD Address: <none>, AP MLO Link Id: <none>, AP MLO Affiliated links: <none>, Vendor Data: <none>> SignalStrength: -56 OwnerUid: 1000 AdminUids: [1000] SSID: "JioFiber-vaibhav 5g" UnderlyingNetworks: Null]
02-23 12:41:20.323  2518  2566 D IwlanDataService: Network 122 connected using transport WIFI
02-23 12:41:20.326  2518  2746 D IwlanNetworkService: onCapabilitiesChanged: 122
02-23 12:41:20.332  2200  3072 D SHANNON_RCS: 5714 [0][PROX][TELE] onCapabilitiesChanged, Network: 122, NetworkCapabilities: [ Transports: WIFI Capabilities: NOT_METERED&INTERNET&NOT_RESTRICTED&TRUSTED&NOT_VPN&VALIDATED&NOT_ROAMING&FOREGROUND&NOT_CONGESTED&NOT_SUSPENDED&NOT_VCN_MANAGED&NOT_BANDWIDTH_CONSTRAINED LinkUpBandwidth>=25119Kbps LinkDnBandwidth>=26144Kbps TransportInfo: <SSID: <unknown ssid>, BSSID: 02:00:00:00:00:00, MAC: 02:00:00:00:00:00, IP: /192.168.29.2, Security type: 2, Supplicant state: COMPLETED, Wi-Fi standard: 11ac, RSSI: -56, Link speed: 650Mbps, Tx Link speed: 650Mbps, Max Supported Tx Link speed: 866Mbps, Rx Link speed: 702Mbps, Max Supported Rx Link speed: 866Mbps, Frequency: 5785MHz, Net ID: -1, Metered hint: false, score: 60, isUsable: true, CarrierMerged: false, SubscriptionId: -1, IsPrimary: -1, Trusted: true, Restricted: false, Ephemeral: false, OEM paid: false, OEM private: false, OSU AP: false, FQDN: <none>, Provider friendly name: <none>, Requesting package name: <none><none>MLO Information: , Is TID-To-Link negotiation supported by the AP: false, AP MLD Address: <none>, AP MLO Link Id: <none>, AP MLO Affiliated links: <none>, Vendor Data: <none>> SignalStrength: -56 UnderlyingNetworks: Null] (DefaultNetworkCallback%onCapabilitiesChanged:76)
02-23 12:41:20.333  2241  3190 W SHANNON_IMS: 8176 [CONN] NetworkSpecifier and TransportInfo are not valid (DefaultNetworkCallback%updateSubscriptionId:121)
02-23 12:41:20.333  2241  3190 I SHANNON_IMS: 8177 [CONN] network:122 WIFI connected, subId: -1 [SLID:0] (DefaultNetworkCallback%onCapabilitiesChanged:76)
02-23 12:41:20.334 25853 25930 I WifiSignalInfo: onCapabilitiesChanged: rssi:-56
02-23 12:41:20.334 25853 25925 D DeviceStateHelper: Wifi freq: 5785
02-23 12:41:20.337  4221  5150 I BugleRcsEngine: handleMessage processing message:[NOTIFY_UPTIME_IGNORE_STATE_CHANGED] with [non-null]:RcsEngineImpl reference [CONTEXT log_prefix="RcsEngineImpl[DUAL_REG]:[7321d208-4616]>Handler" thread_id=64 ]
02-23 12:41:20.339  4221  4925 I BugleRcsEngine: Connected state: [1], networkType: [WIFI] [CONTEXT thread_id=53 ]
02-23 12:41:20.340  1596  1889 D ConnectivityService: NetReassign [no changes] [c 1] [a 1] [i 4]
02-23 12:41:20.345  1596  5030 D ActivityManager: sync unfroze 11521 com.google.android.apps.messaging for 7
02-23 12:41:20.346  1596  1940 D BackgroundInstallControlService: Package event received: 0
02-23 12:41:20.347 11521 12770 I ForwardSyncCache: reclaimMemory: Clearing caches
02-23 12:41:20.347   929   966 D CHRE    : @ 113303.132: Parsed nanoapp message from host: app ID 0x476f6f676c00100b endpoint 0xd msgType 112 payload size 14
02-23 12:41:20.347   929   966 I CHRE    : @ 113303.132: [NanoMinion] received MSG Type 0x70, Version 1, 10 bytes
02-23 12:41:20.347 11521 12770 W BugleSpam: trimming memory: closing msg model.
02-23 12:41:20.347   929   966 I CHRE    : @ 113303.132: [AR] context-signal: has_bt=0, bt=0, has_wifi=1, wifi=1
02-23 12:41:20.347 11521 12770 W Bugle   : TextClassifierLibManagerImpl: Reclaiming memory at level: 40
02-23 12:41:20.354  4221  5150 I BugleRcsEngine: Rcs is enabled from user settings: true [CONTEXT log_prefix="ProvisioningEngineDataRetriever" thread_id=64 ]
02-23 12:41:21.067  4105  4356 I ProtoXDBBufferWrapper: ProtoXDBBufferWrapper.flushToStorage():158 Flushed 32 data item(s) to storage.
02-23 12:41:23.060  1596  1824 D ActivityManager: freezing 13350 com.android.settings
02-23 12:41:23.329   986   986 I WifiHAL : Creating message to get link statistics; iface = 47
02-23 12:41:23.482  1596  1889 D ConnectivityService: NetReassign [no changes] [c 3] [a 4] [i 8]
02-23 12:41:23.929  1596  1824 D ActivityManager: freezing 30486 com.reddit.frontpage
02-23 12:41:23.942  1596  1889 D InetDiagMessage: Destroyed 0 sockets, proto=IPPROTO_TCP, family=AF_INET, states=14
02-23 12:41:23.944  1596  1889 D InetDiagMessage: Destroyed 0 sockets, proto=IPPROTO_TCP, family=AF_INET6, states=14
02-23 12:41:23.945  1596  1889 D InetDiagMessage: Destroyed live tcp sockets for uids={10251} in 7ms
02-23 12:41:24.423  1602  1608 I pixel-thermal: cellular-emergency:38.1497 raw data: VIRTUAL-NEUTRAL:38149.7 VIRTUAL-NEUTRAL-SKIN2:37782.2 VIRTUAL-QUIET-NEUTRAL:36849.3 VIRTUAL-SKIN:38149.7 cellular-emergency:38149.7 disp_therm:36024 gnss_tcxo_therm:38918 neutral_therm:36647 quiet_therm:36936 skin_therm1:39363 skin_therm2:40431 
02-23 12:41:24.429  1602  1608 I pixel-thermal: VIRTUAL-SKIN-CPU:38.1497 raw data: VIRTUAL-SKIN:38149.7 VIRTUAL-SKIN-CPU:38149.7 
02-23 12:41:24.429  1602  1608 I pixel-thermal: VIRTUAL-SKIN-CPU power_budget=1978.29 err=2.8503 s_power=800 time_elapsed_ms=7012 p=1140.12 i=38.1711 d=-0 compensation=0 budget transient=0 control target=3 excluded power budget=0
02-23 12:41:24.429  1602  1608 I pixel-thermal: VIRTUAL-SKIN-CPU binded power rails: (S4M_VDD_CPUCL0: 59.25 mW)(S2M_VDD_CPUCL2: 0.86 mW)(S3M_VDD_CPUCL1: 9.52 mW)
02-23 12:41:24.429  1602  1608 I pixel-thermal: neutral_therm:36.647 raw data: neutral_therm:36647 
02-23 12:41:24.429  1602  1608 I pixel-thermal: VIRTUAL-SKIN:38.1497 raw data: VIRTUAL-SKIN:38149.7 
02-23 12:41:24.430  1602  1608 I pixel-thermal: VIRTUAL-SKIN-CPU-GPU:38.1497 raw data: VIRTUAL-SKIN:38149.7 VIRTUAL-SKIN-CPU-GPU:38149.7 
02-23 12:41:24.430  1602  1608 I pixel-thermal: VIRTUAL-SKIN-CPU-GPU power_budget=2855.09 err=6.8503 s_power=800 time_elapsed_ms=7012 p=2055.09 i=0 d=-0 compensation=0 budget transient=0 control target=3 excluded power budget=0
02-23 12:41:24.430  1602  1608 I pixel-thermal: VIRTUAL-SKIN-CPU-GPU binded power rails: (S4M_VDD_CPUCL0: 59.25 mW)(S2M_VDD_CPUCL2: 0.86 mW)(S3M_VDD_CPUCL1: 9.52 mW)(S2S_VDD_G3D: 2.66 mW)
02-23 12:41:24.430  1602  1608 I pixel-thermal: VIRTUAL-SKIN-HINT:38.1497 raw data: VIRTUAL-SKIN:38149.7 VIRTUAL-SKIN-HINT:38149.7 
02-23 12:41:24.430  1602  1608 I pixel-thermal: VIRTUAL-SKIN-CHARGE:38.1497 raw data: VIRTUAL-SKIN:38149.7 VIRTUAL-SKIN-CHARGE:38149.7 
02-23 12:41:24.430  1602  1608 I pixel-thermal: VIRTUAL-SKIN-CHARGE's fcc binded power rail POWER_FOR_CHARGING_THROTTLING: power threshold = 500, avg power = 548.469
02-23 12:41:25.186  1203  1203 D AOC     : A3:MSG: lsm6dsr_device.cc, 763: USF: Lsm6dsrDevice: Sensor 4: Enabled 0, odr_index 0.
02-23 12:41:25.188  1203  1203 D AOC     : A3:MSG: lsm6dsr_fifo.cc, 750: USF: Lsm6dsrFifo: ODR: XL/G/T/TS: 52/208/13/26 WM: 1 Intr: 208.
02-23 12:41:25.188  1203  1203 D AOC     : A3:MSG: lsm6dsr_device.cc, 671: USF: Lsm6dsrDevice: Fifo was disabled for 644043ns.
02-23 12:41:25.189  1203  1203 D AOC     : A3:MSG: usf_sensor.cc, 1581: USF: Received stop sampling request for LSM6DSR Stationary Detect (active:-1).
02-23 12:41:25.189  1203  1203 D AOC     : A3:MSG: usf_sensor.cc, 2037: USF: Sampling configuration 15149 not found.
02-23 12:41:25.189  1203  1203 D AOC     : A3:MSG: usf_sensor_client.cc, 161: USF: Received kErrNotFound when disabling one shot sensor.
02-23 12:41:25.189  1203  1203 D AOC     : A3:MSG: usf_sensor.cc, 1573: USF: Received start sampling request for LSM6DSR Motion Detect (active:1).
02-23 12:41:25.190  1203  1203 D AOC     : A3:MSG: lsm6dsr_device.cc, 763: USF: Lsm6dsrDevice: Sensor 3: Enabled 1, odr_index 1.
02-23 12:41:25.190  1203  1203 D AOC     : A3:MSG: lsm6dsr_fifo.cc, 750: USF: Lsm6dsrFifo: ODR: XL/G/T/TS: 52/208/13/26 WM: 1 Intr: 208.
02-23 12:41:25.190  1203  1203 D AOC     : A3:MSG: lsm6dsr_device.cc, 671: USF: Lsm6dsrDevice: Fifo was disabled for 552490ns.
02-23 12:41:25.190  1203  1203 D AOC     : A3:MSG: motion_state_sensor.cc, 327: USF: MoSt: MotionDetect sampling started with sampling ID 15152.
02-23 12:41:25.190  1203  1203 D AOC     : A3:MSG: usf_sensor.cc, 1573: USF: Received start sampling request for LSM6DSR Motion Detect (active:2).
02-23 12:41:25.194  1203  1203 D AOC     : A3:MSG: usf_sensor.cc, 1581: USF: Received stop sampling request for LSM6DSR FreeFall Detect (active:0).
02-23 12:41:25.194  1203  1203 D AOC     : A3:MSG: lsm6dsr_device.cc, 763: USF: Lsm6dsrDevice: Sensor 5: Enabled 0, odr_index 0.
02-23 12:41:25.194  1203  1203 D AOC     : A3:MSG: lsm6dsr_fifo.cc, 750: USF: Lsm6dsrFifo: ODR: XL/G/T/TS: 52/208/13/26 WM: 1 Intr: 208.
02-23 12:41:25.195  1203  1203 D AOC     : A3:MSG: lsm6dsr_device.cc, 671: USF: Lsm6dsrDevice: Fifo was disabled for 436035ns.
02-23 12:41:25.198  1203  1203 D AOC     : A3:MSG: usf_sensor.cc, 1581: USF: Received stop sampling request for LSM6DSR Stationary Detect (active:-1).
02-23 12:41:25.198  1203  1203 D AOC     : A3:MSG: usf_sensor.cc, 2037: USF: Sampling configuration 15151 not found.
02-23 12:41:25.198  1203  1203 D AOC     : A3:MSG: usf_sensor_client.cc, 145: USF: Received kErrNotFound when disabling one shot sensor.
02-23 12:41:25.389  1596  5032 W ProcessStats: Tracking association SourceState{553e642 com.google.android.gms.persistent/10156 BFgs #174960} whose proc state 4 is better than process ProcessState{c3a55eb com.google.android.gms/10156 pkg=com.google.android.gms} proc state 14 (51 skipped)
02-23 12:41:25.389  1602  1608 I pixel-thermal: VIRTUAL-USB-UI:0 raw data: USB2-MINUS-CHG:-4729 VIRTUAL-USB-UI:0 charger_skin_therm:41754 usb_pwr_therm2:37025 
02-23 12:41:25.395  1602  1608 I pixel-thermal: VIRTUAL-USB-THROTTLING:0 raw data: USB2-MINUS-CHG:-4729 VIRTUAL-USB-THROTTLING:0 usb_pwr_therm2:37025 
02-23 12:41:25.396  1602  1608 I pixel-thermal: Power rails total power: 1067.23 mW for 60014 ms
02-23 12:41:25.396  1602  1608 I pixel-thermal: Power rails [L8S_UFS_VCCQ: 82.38 mW] [S2S_VDD_G3D: 14.30 mW] [S10S_VDD2L: 20.45 mW] [S5S_VDDQ_MEM: 10.53 mW] [S4S_VDD2H_MEM: 51.09 mW] [S9S_VDD_AOC: 20.88 mW] 
02-23 12:41:25.396  1602  1608 I pixel-thermal: Power rails [S10M_VDD_TPU: 1.87 mW] [L2S_VDD_AOC_RET: 7.14 mW] [L9S_GNSS_CORE: 0.68 mW] [S1M_VDD_MIF: 66.47 mW] [S5M_VDD_INT: 36.40 mW] [S4M_VDD_CPUCL0: 134.25 mW] 
02-23 12:41:25.396  1602  1608 I pixel-thermal: Power rails [S2M_VDD_CPUCL2: 71.06 mW] [S3M_VDD_CPUCL1: 49.27 mW] [L15M_VDD_SLC_M: 12.48 mW] [VSYS_PWR_DISPLAY: 487.99 mW] 
02-23 12:41:25.413 29008 29008 D BoundBrokerSvc: onUnbind: Intent { act=com.google.android.gms.wallet.service.BIND xflg=0x4 pkg=com.google.android.gms }
02-23 12:41:25.802  1596  1824 D ActivityManager: freezing 15859 com.Dominos
02-23 12:41:25.813  1596  1889 D InetDiagMessage: Destroyed 0 sockets, proto=IPPROTO_TCP, family=AF_INET, states=14
02-23 12:41:25.816  1596  1889 D InetDiagMessage: Destroyed 0 sockets, proto=IPPROTO_TCP, family=AF_INET6, states=14
02-23 12:41:25.816  1596  1889 D InetDiagMessage: Destroyed live tcp sockets for uids={10282} in 6ms
02-23 12:41:26.292  1596  5034 I ActivityManager: Killing 14771:com.instagram.android/u0a237 (adj 905): remove task
02-23 12:41:26.302  1596  1678 W ActivityManager: ProcessRecord{95040d7 14771:com.instagram.android/u0a237} is attached to a previous process
02-23 12:41:26.302  1596  1678 W ActivityManager: Existing proc ProcessRecord{95040d7 14771:com.instagram.android/u0a237} was killed 3ms ago when adding ProcessRecord{fc471df 0:com.instagram.android/u0a237}
02-23 12:41:26.303  1596  1678 V GrammaticalInflectionUtils: AttributionSource: android.content.AttributionSource@419831c8 does not have READ_SYSTEM_GRAMMATICAL_GENDER permission.
02-23 12:41:26.468   986   986 I WifiHAL : Creating message to get link statistics; iface = 47
02-23 12:41:26.568  1596  1889 D ConnectivityService: NetReassign [no changes] [c 1] [a 3] [i 7]
02-23 12:41:26.624  1596  1889 D ConnectivityService: releasing NetworkRequest [ REQUEST id=7648, [ Capabilities: INTERNET&NOT_RESTRICTED&TRUSTED&NOT_VCN_MANAGED&NOT_BANDWIDTH_CONSTRAINED Uid: 10237 RequestorUid: 10237 RequestorPkg: com.instagram.android UnderlyingNetworks: Null] ] (release request)
02-23 12:41:26.625  1596  1679 W ActivityManager: Slow operation: 322ms so far, now at startProcess: asking zygote to start proc
02-23 12:41:26.625  1596  1669 W ActivityManager: setHasOverlayUi called on unknown pid: 14771
02-23 12:41:26.628  1596  1889 D ConnectivityService: releasing NetworkRequest [ REQUEST id=7638, [ Capabilities: INTERNET&NOT_RESTRICTED&TRUSTED&NOT_VCN_MANAGED&NOT_BANDWIDTH_CONSTRAINED Uid: 10237 RequestorUid: 10237 RequestorPkg: com.instagram.android UnderlyingNetworks: Null] ] (release request)
02-23 12:41:26.628  1596  1889 D ConnectivityService: releasing NetworkRequest [ REQUEST id=7642, [ Capabilities: INTERNET&NOT_RESTRICTED&TRUSTED&NOT_VCN_MANAGED&NOT_BANDWIDTH_CONSTRAINED Uid: 10237 RequestorUid: 10237 RequestorPkg: com.instagram.android UnderlyingNetworks: Null] ] (release request)
02-23 12:41:26.629  1596  1889 D ConnectivityService: releasing NetworkRequest [ REQUEST id=7640, [ Capabilities: INTERNET&NOT_RESTRICTED&TRUSTED&NOT_VCN_MANAGED&NOT_BANDWIDTH_CONSTRAINED Uid: 10237 RequestorUid: 10237 RequestorPkg: com.instagram.android UnderlyingNetworks: Null] ] (release request)
02-23 12:41:26.629   950   950 D usf_sensor_hal: ambient light: Enter Batch. Period = 250000000, latency = 0.
02-23 12:41:26.629  1596  1889 D ConnectivityService: releasing NetworkRequest [ REQUEST id=7645, [ Capabilities: INTERNET&NOT_RESTRICTED&TRUSTED&NOT_VCN_MANAGED&NOT_BANDWIDTH_CONSTRAINED Uid: 10237 RequestorUid: 10237 RequestorPkg: com.instagram.android UnderlyingNetworks: Null] ] (release request)
02-23 12:41:26.629  1596  1889 D ConnectivityService: releasing NetworkRequest [ REQUEST id=7636, [ Capabilities: INTERNET&NOT_RESTRICTED&TRUSTED&NOT_VCN_MANAGED&NOT_BANDWIDTH_CONSTRAINED Uid: 10237 RequestorUid: 10237 RequestorPkg: com.instagram.android UnderlyingNetworks: Null] ] (release request)
02-23 12:41:26.630  1203  1203 D AOC     : A3:MSG: usf_sensor.cc, 2085: USF: Received reconfig sampling request for TMD3719 Ambient Light.
02-23 12:41:26.632  1596  1680 I libprocessgroup: Removed cgroup /sys/fs/cgroup/apps/uid_10237/pid_14771
02-23 12:41:26.632   950  1551 I sensor-suez: Vendor atom [id = 100243] reported.
02-23 12:41:26.632  1596  1680 E libprocessgroup: Failed to write 1 to /sys/fs/cgroup/apps/uid_10237/pid_14771/cgroup.kill: No such file or directory
02-23 12:41:26.632  1596  1680 E libprocessgroup: Failed to open /sys/fs/cgroup/apps/uid_10237/pid_14771/cgroup.procs: No such file or directory
02-23 12:41:26.643   897   897 D Zygote  : Forked child process 16015
02-23 12:41:26.645   897   897 I Zygote  : Process 14771 exited due to signal 9 (Killed)
02-23 12:41:26.646  1596  1679 W ActivityManager: Slow operation: 343ms so far, now at startProcess: returned from zygote!
02-23 12:41:26.646  1596  1679 W ActivityManager: Slow operation: 343ms so far, now at startProcess: done updating battery stats
02-23 12:41:26.646  1596  1679 W ActivityManager: Slow operation: 343ms so far, now at startProcess: building log message
02-23 12:41:26.646  1596  1679 I ActivityManager: Start proc 16015:com.instagram.android/u0a237 for broadcast {com.instagram.android/com.instagram.util.startup.appwarmer.KeepWarmReceiver}
02-23 12:41:26.646  1596  1679 W ActivityManager: Slow operation: 343ms so far, now at startProcess: starting to update pids map
02-23 12:41:26.646  1596  1679 I ActivityManager: ProcessObserver broadcast disabled
02-23 12:41:26.646  1596  1679 W ActivityManager: Slow operation: 343ms so far, now at startProcess: done updating pids map
02-23 12:41:26.653 16015 16015 W zygote64: Activation of cgroup controller +memory failed in path /sys/fs/cgroup/apps/uid_10237: Invalid argument
02-23 12:41:26.665 16015 16015 I stagram.android: Using CollectorTypeCMC GC.
02-23 12:41:26.674 16015 16015 D nativeloader: Load libframework-connectivity-tiramisu-jni.so using APEX ns com_android_tethering for caller /apex/com.android.tethering/javalib/framework-connectivity-t.jar: ok
02-23 12:41:26.693 16015 16015 D ApplicationLoaders: Returning zygote-cached class loader: /system/framework/org.apache.http.legacy.jar
