02-23 12:41:26.700 16015 16015 D nativeloader: Configuring clns-9 for other apk /system_ext/framework/com.google.android.camerax.extensions.jar. target_sdk_version=36, uses_libraries=ALL, library_path=/data/app/~~HP-5ww1_67Hxw1PHW-oBLw==/com.instagram.android-zcg1WShpcwLEK7Q3XB4oeg==/lib/arm64:/data/app/~~HP-5ww1_67Hxw1PHW-oBLw==/com.instagram.android-zcg1WShpcwLEK7Q3XB4oeg==/base.apk!/lib/arm64-v8a:/data/app/~~HP-5ww1_67Hxw1PHW-oBLw==/com.instagram.android-zcg1WShpcwLEK7Q3XB4oeg==/split_arservicesforbodytracking.apk!/lib/arm64-v8a:/data/app/~~HP-5ww1_67Hxw1PHW-oBLw==/com.instagram.android-zcg1WShpcwLEK7Q3XB4oeg==/split_arservicesforexpressionfitting.apk!/lib/arm64-v8a:/data/app/~~HP-5ww1_67Hxw1PHW-oBLw==/com.instagram.android-zcg1WShpcwLEK7Q3XB4oeg==/split_arservicesforhairsegmentation.apk!/lib/arm64-v8a:/data/app/~~HP-5ww1_67Hxw1PHW-oBLw==/com.instagram.android-zcg1WShpcwLEK7Q3XB4oeg==/split_arservicesforhandtracking.apk!/lib/arm64-v8a:/data/app/~~HP-5ww1_67Hxw1PHW-oBLw==/com.instagram.android-zcg1WShpcwLEK7Q3XB4oeg==/split_arservicesforpersonsegmentat
02-23 12:41:26.702 16015 16015 D ApplicationLoaders: Returning zygote-cached class loader: /system_ext/framework/androidx.window.extensions.jar
02-23 12:41:26.702 16015 16015 D ApplicationLoaders: Returning zygote-cached class loader: /system_ext/framework/androidx.window.sidecar.jar
02-23 12:41:26.814 16015 16015 W stagram.android: Failed to find entry 'classes.dex': Entry not found
02-23 12:41:26.815 16015 16015 W stagram.android: Failed to find entry 'classes.dex': Entry not found
02-23 12:41:26.816 16015 16015 W stagram.android: Failed to find entry 'classes.dex': Entry not found
02-23 12:41:26.816 16015 16015 W stagram.android: Failed to find entry 'classes.dex': Entry not found
02-23 12:41:26.816 16015 16015 W stagram.android: Failed to find entry 'classes.dex': Entry not found
02-23 12:41:26.817 16015 16015 W stagram.android: Failed to find entry 'classes.dex': Entry not found
02-23 12:41:26.818 16015 16015 W stagram.android: Failed to find entry 'classes.dex': Entry not found
02-23 12:41:26.820 16015 16015 W stagram.android: Failed to find entry 'classes.dex': Entry not found
02-23 12:41:26.820 16015 16015 W stagram.android: Failed to find entry 'classes.dex': Entry not found
02-23 12:41:26.820 16015 16015 W stagram.android: Failed to find entry 'classes.dex': Entry not found
02-23 12:41:26.821 16015 16015 W stagram.android: Failed to find entry 'classes.dex': Entry not found
02-23 12:41:26.822 16015 16015 W stagram.android: Failed to find entry 'classes.dex': Entry not found
02-23 12:41:26.822 16015 16015 W stagram.android: Failed to find entry 'classes.dex': Entry not found
02-23 12:41:26.823 16015 16015 W stagram.android: Failed to find entry 'classes.dex': Entry not found
02-23 12:41:26.824 16015 16015 D nativeloader: Configuring clns-10 for other apk /data/app/~~HP-5ww1_67Hxw1PHW-oBLw==/com.instagram.android-zcg1WShpcwLEK7Q3XB4oeg==/base.apk:/data/app/~~HP-5ww1_67Hxw1PHW-oBLw==/com.instagram.android-zcg1WShpcwLEK7Q3XB4oeg==/split_arservicesforbodytracking.apk:/data/app/~~HP-5ww1_67Hxw1PHW-oBLw==/com.instagram.android-zcg1WShpcwLEK7Q3XB4oeg==/split_arservicesforexpressionfitting.apk:/data/app/~~HP-5ww1_67Hxw1PHW-oBLw==/com.instagram.android-zcg1WShpcwLEK7Q3XB4oeg==/split_arservicesforhairsegmentation.apk:/data/app/~~HP-5ww1_67Hxw1PHW-oBLw==/com.instagram.android-zcg1WShpcwLEK7Q3XB4oeg==/split_arservicesforhandtracking.apk:/data/app/~~HP-5ww1_67Hxw1PHW-oBLw==/com.instagram.android-zcg1WShpcwLEK7Q3XB4oeg==/split_arservicesforpersonsegmentation.apk:/data/app/~~HP-5ww1_67Hxw1PHW-oBLw==/com.instagram.android-zcg1WShpcwLEK7Q3XB4oeg==/split_arservicesforunifiedtargettracking.apk:/data/app/~~HP-5ww1_67Hxw1PHW-oBLw==/com.instagram.android-zcg1WShpcwLEK7Q3XB4oeg==/split_arservicesforwolf.apk:/data/app/~~HP-5ww1_67Hxw1PHW-oBLw==/com
02-23 12:41:26.838 16015 16015 I stagram.android: AssetManager2(0xb400006f586e2198) locale list changing from [] to [en-US]
02-23 12:41:26.842 16015 16015 V GraphicsEnvironment: Currently set values for:
02-23 12:41:26.842 16015 16015 V GraphicsEnvironment:   angle_gl_driver_selection_pkgs=[com.android.angle, com.linecorp.b612.android, com.campmobile.snow, com.google.android.apps.tachyon]
02-23 12:41:26.842 16015 16015 V GraphicsEnvironment:   angle_gl_driver_selection_values=[angle, native, native, native]
02-23 12:41:26.842 16015 16015 V GraphicsEnvironment: com.instagram.android is not listed in per-application setting
02-23 12:41:26.842 16015 16015 V GraphicsEnvironment: ANGLE allowlist from config: 
02-23 12:41:26.842 16015 16015 V GraphicsEnvironment: com.instagram.android is not listed in ANGLE allowlist or settings, returning default
02-23 12:41:26.842 16015 16015 V GraphicsEnvironment: Neither updatable production driver nor prerelease driver is supported.
02-23 12:41:26.863 16015 16031 W SoLoader: Initializing SoLoader: 2
02-23 12:41:26.864 16015 16031 W SoLoader: context.getApplicationContext returned null, holding reference to original context.ApplicationSoSource fallbacks to: /data/app/~~HP-5ww1_67Hxw1PHW-oBLw==/com.instagram.android-zcg1WShpcwLEK7Q3XB4oeg==/lib/arm64
02-23 12:41:26.864 16015 16031 W SoLoader: Recording new base apk path: /data/app/~~HP-5ww1_67Hxw1PHW-oBLw==/com.instagram.android-zcg1WShpcwLEK7Q3XB4oeg==/base.apk
02-23 12:41:26.864 16015 16031 W SoLoader: Previously recorded 0 base apk paths.
02-23 12:41:26.881 16015 16030 W CrashLoopRemedyLog: unable to delete remedy log, instaCrash: false
02-23 12:41:26.882 16015 16030 W CrashLoopRemedyLog: unable to delete remedy log, instaCrash: true
02-23 12:41:26.891 16015 16030 W lacrima : LacrimaConfigBuilder.setUserIdActorId not called, using 0
02-23 12:41:26.891 16015 16030 W lacrima : LacrimaConfigBuilder.setUserIdActingAccountId not called, using 0
02-23 12:41:26.901 16015 16030 W lacrima : Start JavaAppDeathCrashDetector... X.1AJ
02-23 12:41:26.902 16015 16030 W lacrima : Sending pending reports
02-23 12:41:26.904 16015 16033 E ashmem  : Pinning is deprecated since Android Q. Please use trim or other methods.
02-23 12:41:26.903 16015 16015 W Lacrima_single_: type=1400 audit(0.0:25361): avc:  denied  { read } for  name="sdcard" dev="tmpfs" ino=34 scontext=u:r:untrusted_app:s0:c237,c256,c512,c768 tcontext=u:object_r:mnt_sdcard_file:s0 tclass=lnk_file permissive=0 app=com.instagram.android
02-23 12:41:26.907 16015 16015 W Lacrima_single_: type=1400 audit(0.0:25362): avc:  denied  { read } for  name="sdcard" dev="tmpfs" ino=34 scontext=u:r:untrusted_app:s0:c237,c256,c512,c768 tcontext=u:object_r:mnt_sdcard_file:s0 tclass=lnk_file permissive=0 app=com.instagram.android
02-23 12:41:26.927 16015 16031 W BackupSoSource: adding backup source from split: ExtractFromZipSoSource[/data/app/~~HP-5ww1_67Hxw1PHW-oBLw==/com.instagram.android-zcg1WShpcwLEK7Q3XB4oeg==/split_heliumcore.apk]
02-23 12:41:26.927 16015 16031 W BackupSoSource: adding backup source from split: ExtractFromZipSoSource[/data/app/~~HP-5ww1_67Hxw1PHW-oBLw==/com.instagram.android-zcg1WShpcwLEK7Q3XB4oeg==/split_heliumiab.apk]
02-23 12:41:26.928 16015 16031 W SoLoader: SoLoader initialized: 2
02-23 12:41:26.930 16015 16031 W FbSoLoader: Will use precomputed native lib dependencies file, reading directly from the APK using AssetManager true
02-23 12:41:26.930 16015 16031 W SoLoader: Prepending SoSource lib-compressed: SuperpackSoSource[root = /data/data/com.instagram.android/lib-compressed flags = 1 zipSource = /data/app/~~HP-5ww1_67Hxw1PHW-oBLw==/com.instagram.android-zcg1WShpcwLEK7Q3XB4oeg==/base.apk compressedPath = assets/lib/libs.spo identity = ]
02-23 12:41:26.932 16015 16031 W FbSoLoader: Initialized FBSoLoader
02-23 12:41:26.934 16015 16015 W ClassLoadsTracer: ClassTracingLogger not initialized, waiting for callback.
02-23 12:41:26.935 16015 16015 W ClassLoadsTracer: Installed ClassLoadsTracer to com.facebook.common.dextricks.MultiDexClassLoaderLight@4bba45b.
02-23 12:41:26.935 16015 16015 W MultiDexInstaller: MultiDexClassLoaderLight installed
02-23 12:41:26.935 16015 16015 W MultiDexInstaller: Using Dextricks Multidex solution.
02-23 12:41:26.944 16015 16039 D nativeloader: Load /data/app/~~HP-5ww1_67Hxw1PHW-oBLw==/com.instagram.android-zcg1WShpcwLEK7Q3XB4oeg==/lib/arm64/libbreakpad.so using class loader ns clns-10 (caller=/data/app/~~HP-5ww1_67Hxw1PHW-oBLw==/com.instagram.android-zcg1WShpcwLEK7Q3XB4oeg==/base.apk!classes11.dex): ok
02-23 12:41:26.943 16015 16015 W Lacrima_startup: type=1400 audit(0.0:25363): avc:  granted  { execute } for  path="/data/data/com.instagram.android/lib-compressed/libearlystartup.so" dev="dm-55" ino=848328 scontext=u:r:untrusted_app:s0:c237,c256,c512,c768 tcontext=u:object_r:app_data_file:s0:c237,c256,c512,c768 tclass=file app=com.instagram.android
02-23 12:41:26.948 16015 16039 D nativeloader: Load /data/data/com.instagram.android/lib-compressed/libearlystartup.so using class loader ns clns-10 (caller=/data/app/~~HP-5ww1_67Hxw1PHW-oBLw==/com.instagram.android-zcg1WShpcwLEK7Q3XB4oeg==/base.apk!classes11.dex): ok
02-23 12:41:26.957 16015 16015 W MDCLLight: MultiDexClassLoaderLight already installed
02-23 12:41:26.957 16015 16015 W MultiDexInstaller: MultiDexClassLoaderLight installed
02-23 12:41:26.957 16015 16015 W MultiDexInstaller: Using Dextricks Multidex solution.
02-23 12:41:26.957 16015 16015 W IgProfiloInitializer: Using loom default init
02-23 12:41:26.959 16015 16015 W SoLoader: Loading fbjni on the main thread
02-23 12:41:26.960 16015 16015 W SoLoader: Loading profilo_apiimpl on the main thread
02-23 12:41:26.960 16015 16015 W SoLoader: Loading fb on the main thread
02-23 12:41:26.960 16015 16015 W SoLoader: Loading fb on the main thread
02-23 12:41:26.964 16015 16015 W SoLoader: Loading profilo_configjni on the main thread
02-23 12:41:26.965 16015 16015 W SoLoader: Loading profilo_configjni on the main thread
02-23 12:41:26.966 16015 16015 W SoLoader: Loading profilo_mmapbuf on the main thread
02-23 12:41:26.966 16015 16015 W SoLoader: Loading profilo on the main thread
02-23 12:41:26.966 16015 16015 W Profilo/TraceControl: Loom client config id: -1690766080319781119
02-23 12:41:26.966 16015 16015 W AppProfiloInitializer: Cold start marker: 0
02-23 12:41:26.966 16015 16015 E AppProfiloInitializer: Cold start trace failed: no marker
02-23 12:41:26.967 16015 16015 W Profilo/TraceControl: Loom client config id: -1690766080319781119
02-23 12:41:26.968 16015 16015 W Profilo/TraceControl: START PROFILO_TRACEID: EIUYE642Gi7 30539777
02-23 12:41:26.969 16015 16015 W SoLoader: Loading profilo_mmapbuf on the main thread
02-23 12:41:26.995 16015 16039 W lacrima : The minidump file is empty!
02-23 12:41:26.997 16015 16015 W SoLoader: Loading profilo on the main thread
02-23 12:41:26.998 16015 16015 W SoLoader: Loading profilo on the main thread
02-23 12:41:26.998 16015 16015 W SoLoader: Loading profilo on the main thread
02-23 12:41:26.998 16015 16015 W SoLoader: Loading profilo on the main thread
02-23 12:41:27.001 16015 16015 W AppProfiloInitializer: Cold start marker: 0
02-23 12:41:27.001 16015 16015 E AppProfiloInitializer: Cold start trace failed: no marker
02-23 12:41:27.002 16015 16039 W lacrima : Start AnrAppDeathDetector... X.1gr
02-23 12:41:27.004 16015 16039 E HeliumCrashReporter: Pending crash path /data/data/com.instagram.android/cache/webview_embedded/Helium Crashpad/pending/ is not a directory
02-23 12:41:27.003 16015 16015 W Prflo:TraceCtl: type=1400 audit(0.0:25364): avc:  granted  { execute } for  path="/data/data/com.instagram.android/lib-compressed/libstartup.so" dev="dm-55" ino=646016 scontext=u:r:untrusted_app:s0:c237,c256,c512,c768 tcontext=u:object_r:app_data_file:s0:c237,c256,c512,c768 tclass=file app=com.instagram.android
02-23 12:41:27.008 16015 16015 W MDCLLight: Failed to load class from parent: kotlinx.coroutines.test.internal.TestMainDispatcherFactory
02-23 12:41:27.008 16015 16015 W MDCLLight: java.lang.ClassNotFoundException: kotlinx.coroutines.test.internal.TestMainDispatcherFactory
02-23 12:41:27.008 16015 16015 W MDCLLight: 	at java.lang.Class.classForName(Native Method)
02-23 12:41:27.008 16015 16015 W MDCLLight: 	at java.lang.BootClassLoader.findClass(ClassLoader.java:2703)
02-23 12:41:27.008 16015 16015 W MDCLLight: 	at java.lang.BootClassLoader.loadClass(ClassLoader.java:2763)
02-23 12:41:27.008 16015 16015 W MDCLLight: 	at java.lang.ClassLoader.loadClass(ClassLoader.java:578)
02-23 12:41:27.008 16015 16015 W MDCLLight: 	at com.facebook.common.dextricks.MultiDexClassLoaderLight.loadFromParent(:4)
02-23 12:41:27.008 16015 16015 W MDCLLight: 	at com.facebook.common.dextricks.MultiDexClassLoaderLight.loadClass(:38)
02-23 12:41:27.008 16015 16015 W MDCLLight: 	at java.lang.ClassLoader.loadClass(ClassLoader.java:630)
02-23 12:41:27.008 16015 16015 W MDCLLight: 	at java.lang.ClassLoader.loadClass(ClassLoader.java:578)
02-23 12:41:27.008 16015 16015 W MDCLLight: 	at java.lang.Class.classForName(Native Method)
02-23 12:41:27.008 16015 16015 W MDCLLight: 	at java.lang.Class.forName(Class.java:591)
02-23 12:41:27.008 16015 16015 W MDCLLight: 	at X.1qa.<clinit>(:57)
02-23 12:41:27.008 16015 16015 W MDCLLight: 	at X.6hS.<init>(:268435469)
02-23 12:41:27.008 16015 16015 W MDCLLight: 	at X.6hR.<clinit>(:2)
02-23 12:41:27.008 16015 16015 W MDCLLight: 	at com.instagram.app.InstagramAppShell.onCreate(:1695)
02-23 12:41:27.008 16015 16015 W MDCLLight: 	at android.app.Instrumentation.callApplicationOnCreate(Instrumentation.java:1381)
02-23 12:41:27.008 16015 16015 W MDCLLight: 	at android.app.ActivityThread.handleBindApplication(ActivityThread.java:7830)
02-23 12:41:27.008 16015 16015 W MDCLLight: 	at android.app.ActivityThread.-$$Nest$mhandleBindApplication(Unknown Source:0)
02-23 12:41:27.008 16015 16015 W MDCLLight: 	at android.app.ActivityThread$H.handleMessage(ActivityThread.java:2546)
02-23 12:41:27.008 16015 16015 W MDCLLight: 	at android.os.Handler.dispatchMessage(Handler.java:110)
02-23 12:41:27.008 16015 16015 W MDCLLight: 	at android.os.Looper.loopOnce(Looper.java:248)
02-23 12:41:27.008 16015 16015 W MDCLLight: 	at android.os.Looper.loop(Looper.java:338)
02-23 12:41:27.008 16015 16015 W MDCLLight: 	at android.app.ActivityThread.main(ActivityThread.java:9067)
02-23 12:41:27.008 16015 16015 W MDCLLight: 	at java.lang.reflect.Method.invoke(Native Method)
02-23 12:41:27.008 16015 16015 W MDCLLight: 	at com.android.internal.os.RuntimeInit$MethodAndArgsCaller.run(RuntimeInit.java:593)
02-23 12:41:27.008 16015 16015 W MDCLLight: 	at com.android.internal.os.ZygoteInit.main(ZygoteInit.java:932)
02-23 12:41:27.008 16015 16015 W MDCLLight: Caused by: java.lang.NoClassDefFoundError: Class not found using the boot class loader; no stack trace available
02-23 12:41:27.008 16015 16015 W MDCLLight: tryFallbackLoadDex: fallbackLoader is null, unable to fallback load dex for kotlinx.coroutines.test.internal.TestMainDispatcherFactory
02-23 12:41:27.008 16015 16015 E MDCLLight: Fallback load dex failed for kotlinx.coroutines.test.internal.TestMainDispatcherFactory
02-23 12:41:27.011 16015 16042 D nativeloader: Load /data/data/com.instagram.android/lib-compressed/libstartup.so using class loader ns clns-10 (caller=/data/app/~~HP-5ww1_67Hxw1PHW-oBLw==/com.instagram.android-zcg1WShpcwLEK7Q3XB4oeg==/base.apk!classes11.dex): ok
02-23 12:41:27.013 16015 16039 V v9p     : Not disabled
02-23 12:41:27.014 16015 16039 I rtvip   : done
02-23 12:41:27.018 16015 16033 E libEGL  : call to OpenGL ES API with no current context (logged once per thread)
02-23 12:41:27.018 16015 16033 E libEGL  : call to OpenGL ES API with no current context (logged once per thread)
02-23 12:41:27.018 16015 16033 E libEGL  : call to OpenGL ES API with no current context (logged once per thread)
02-23 12:41:27.019 16015 16015 W AppInitScheduler|Schedule: Schedule 1:EarlyCpuBoostInitializer, deps=[] (0 pending tasks)
02-23 12:41:27.019 16015 16015 W AppInitScheduler|Schedule:   Executing 1:EarlyCpuBoostInitializer
02-23 12:41:27.019 16015 16015 W AppInitScheduler|Schedule: Schedule 2:DnsInitializer, deps=[1] (1 pending tasks)
02-23 12:41:27.019 16015 16015 W AppInitScheduler|Schedule: Schedule 3:MlockInitializer, deps=[] (2 pending tasks)
02-23 12:41:27.019 16015 16015 W AppInitScheduler|Schedule:   Executing 3:MlockInitializer
02-23 12:41:27.019 16015 16068 W AppInitScheduler|Run: DeadlockMonitor active...
02-23 12:41:27.019 16015 16015 W AppInitScheduler|Schedule: Schedule 107:IgFixieEarlyInitializer, deps=[3] (3 pending tasks)
02-23 12:41:27.019 16015 16015 W AppInitScheduler|Schedule: Schedule 4:StartupTypeDetectorInitializer, deps=[107] (4 pending tasks)
02-23 12:41:27.019 16015 16015 W AppInitScheduler|Schedule: Schedule 5:SessionInitializer, deps=[4] (5 pending tasks)
02-23 12:41:27.019 16015 16015 W AppInitScheduler|Schedule: Schedule 7:LiteProviderInitializer, deps=[5] (6 pending tasks)
02-23 12:41:27.019 16015 16069 W AppInitScheduler|Run: Running EarlyCpuBoostInitializer
02-23 12:41:27.019 16015 16015 W AppInitScheduler|Schedule: Schedule 8:LightweightQPLInitializerImpl, deps=[7] (7 pending tasks)
02-23 12:41:27.019 16015 16015 W AppInitScheduler|Schedule: Schedule 9:LacrimaHealthInitializer, deps=[8] (8 pending tasks)
02-23 12:41:27.019 16015 16015 W AppInitScheduler|Schedule: Schedule 10:IgSharedPreferencesQPLInitializer, deps=[9] (9 pending tasks)
02-23 12:41:27.019 16015 16015 W AppInitScheduler|Schedule: Schedule 11:QEInitializer, deps=[10] (10 pending tasks)
02-23 12:41:27.019 16015 16070 W AppInitScheduler|Run: Running MlockInitializer
02-23 12:41:27.019 16015 16015 W AppInitScheduler|Schedule: Schedule 12:StorageInitializer, deps=[134] (11 pending tasks)
02-23 12:41:27.019 16015 16015 W AppInitScheduler|Schedule: Schedule 135:SDBInitializer, deps=[5, 79] (12 pending tasks)
02-23 12:41:27.020 16015 16015 W AppInitScheduler|Schedule: Schedule 136:TNTSPostInitializer, deps=[15, 17] (13 pending tasks)
02-23 12:41:27.020 16015 16015 W AppInitScheduler|Schedule: Schedule 134:UserPreferencesInitializer, deps=[11, 120] (14 pending tasks)
02-23 12:41:27.020 16015 16015 W AppInitScheduler|Schedule: Schedule 44:DevToolInitializer, deps=[12] (15 pending tasks)
02-23 12:41:27.020 16015 16015 W AppInitScheduler|Schedule: Schedule 15:TNTSInitializer, deps=[115] (16 pending tasks)
02-23 12:41:27.020 16015 16015 W AppInitScheduler|Schedule: Schedule 16:HttpServiceInitializer, deps=[15] (17 pending tasks)
02-23 12:41:27.020 16015 16015 W AppInitScheduler|Schedule: Schedule 133:HttpStoresInitializer, deps=[16] (18 pending tasks)
02-23 12:41:27.020 16015 16015 W AppInitScheduler|Schedule: Schedule 17:FeedRequestInitializer, deps=[133] (19 pending tasks)
02-23 12:41:27.020 16015 16015 W AppInitScheduler|Schedule: Schedule 120:MainFeedRequestHeaderInitializer, deps=[11] (20 pending tasks)
02-23 12:41:27.020 16015 16033 E libEGL  : call to OpenGL ES API with no current context (logged once per thread)
02-23 12:41:27.020 16015 16015 W AppInitScheduler|Schedule: Schedule 60:IndependentSingletonInitializer, deps=[41] (21 pending tasks)
02-23 12:41:27.020 16015 16015 W AppInitScheduler|Schedule: Schedule 25:AppStartupTrackerInitializer, deps=[72] (22 pending tasks)
02-23 12:41:27.020 16015 16015 W AppInitScheduler|Schedule: Schedule 89:PushNotificationInitializer, deps=[99] (23 pending tasks)
02-23 12:41:27.020 16015 16015 W AppInitScheduler|Schedule: Schedule 41:ConfigFromQEInitializer, deps=[59] (24 pending tasks)
02-23 12:41:27.020 16015 16015 W AppInitScheduler|Schedule: Schedule 66:LanguageInitializer, deps=[100] (25 pending tasks)
02-23 12:41:27.020 16015 16015 W AppInitScheduler|Schedule: Schedule 47:FacebookAccountInitializer, deps=[25] (26 pending tasks)
02-23 12:41:27.020 16015 16015 W AppInitScheduler|Schedule: Schedule 117:IgSharedPreferencesInitializer, deps=[114] (27 pending tasks)
02-23 12:41:27.020 16015 16015 W AppInitScheduler|Schedule: Schedule 122:IgDataStoreInitializer, deps=[117] (28 pending tasks)
02-23 12:41:27.020 16015 16015 W AppInitScheduler|Schedule: Schedule 142:DirectBootstrapInitializer, deps=[5, 79, 127, 135] (29 pending tasks)
02-23 12:41:27.020 16015 16015 W AppInitScheduler|Schedule: Schedule 18:QPLInitializer, deps=[122] (30 pending tasks)
02-23 12:41:27.020 16015 16015 W AppInitScheduler|Schedule: Schedule 129:LwQPLReplay, deps=[18] (31 pending tasks)
02-23 12:41:27.020 16015 16015 W AppInitScheduler|Schedule: Schedule 124:MessageQueueRedInitializer, deps=[129] (32 pending tasks)
02-23 12:41:27.020 16015 16015 W AppInitScheduler|Schedule: Schedule 103:UnexpectedEventReporterInitializer, deps=[124] (33 pending tasks)
02-23 12:41:27.020 16015 16015 W AppInitScheduler|Schedule: Schedule 74:MessageQueueTimelineInitializer, deps=[103] (34 pending tasks)
02-23 12:41:27.020 16015 16015 W AppInitScheduler|Schedule: Schedule 19:QplXplatDelayedInitializer, deps=[96] (35 pending tasks)
02-23 12:41:27.020 16015 16015 W AppInitScheduler|Schedule: Schedule 24:AppBackgroundListenerInitializer, deps=[128] (36 pending tasks)
02-23 12:41:27.020 16015 16015 W AppInitScheduler|Schedule: Schedule 95:ShareToFeedInitializer, deps=[57] (37 pending tasks)
02-23 12:41:27.020 16015 16015 W AppInitScheduler|Schedule: Schedule 48:FeedCacheInitializer, deps=[95] (38 pending tasks)
02-23 12:41:27.020 16015 16015 W AppInitScheduler|Schedule: Schedule 22:AdsCacheInitializer, deps=[48] (39 pending tasks)
02-23 12:41:27.020 16015 16015 W AppInitScheduler|Schedule: Schedule 23:AnalyticsInitializer, deps=[61] (40 pending tasks)
02-23 12:41:27.020 16015 16015 W AppInitScheduler|Schedule: Schedule 114:EagerReelNetworkRequestInitializer, deps=[136] (41 pending tasks)
02-23 12:41:27.020 16015 16015 W AppInitScheduler|Schedule: Schedule 91:ReelRequestInitializer, deps=[66] (42 pending tasks)
02-23 12:41:27.020 16015 16015 W AppInitScheduler|Schedule: Schedule 64:JestE2EInitializer, deps=[91] (43 pending tasks)
02-23 12:41:27.020 16015 16015 W AppInitScheduler|Schedule: Schedule 108:ReelsCacheInitializer, deps=[22] (44 pending tasks)
02-23 12:41:27.020 16015 16015 W AppInitScheduler|Schedule: Schedule 128:ClipsTabInitializer, deps=[108, 11] (45 pending tasks)
02-23 12:41:27.020 16015 16015 W AppInitScheduler|Schedule: Schedule 80:PendingMediaInitializer, deps=[23] (46 pending tasks)
02-23 12:41:27.020 16015 16015 W AppInitScheduler|Schedule: Schedule 71:MemoryDumperInitializer, deps=[55] (47 pending tasks)
02-23 12:41:27.020 16015 16015 W AppInitScheduler|Schedule: Schedule 56:IgMemoryTimelineInitializer, deps=[93] (48 pending tasks)
02-23 12:41:27.020 16015 16015 W AppInitScheduler|Schedule: Schedule 55:IgMemoryProgramQplInitializer, deps=[56] (49 pending tasks)
02-23 12:41:27.020 16015 16015 W AppInitScheduler|Schedule: Schedule 72:MemoryManagerInitializer, deps=[74] (50 pending tasks)
02-23 12:41:27.020 16015 16015 W AppInitScheduler|Schedule: Schedule 57:ImageInfraInitializer, deps=[119] (51 pending tasks)
02-23 12:41:27.020 16015 16015 W AppInitScheduler|Schedule: Schedule 144:MarkSequentialLoadComplete, deps=[57] (52 pending tasks)
02-23 12:41:27.020 16015 16015 W AppInitScheduler|Schedule: Schedule 99:SystemMessageInitializer, deps=[54] (53 pending tasks)
02-23 12:41:27.020 16015 16015 W AppInitScheduler|Schedule: Schedule 69:MapConfigInitializer, deps=[89] (54 pending tasks)
02-23 12:41:27.020 16015 16015 W AppInitScheduler|Schedule: Schedule 59:IndependentColdStartJobs, deps=[69] (55 pending tasks)
02-23 12:41:27.021 16015 16015 W AppInitScheduler|Schedule: Schedule 100:ThemeInitializer, deps=[20] (56 pending tasks)
02-23 12:41:27.021 16015 16015 W AppInitScheduler|Schedule: Schedule 132:TypefaceInitializer, deps=[24] (57 pending tasks)
02-23 12:41:27.021 16015 16015 W AppInitScheduler|Schedule: Schedule 127:ActivityViewInflaterInitializer, deps=[132] (58 pending tasks)
02-23 12:41:27.021 16015 16015 W AppInitScheduler|Schedule: Schedule 43:DebugHeadInitializer, deps=[51] (59 pending tasks)
02-23 12:41:27.021 16015 16015 W AppInitScheduler|Schedule: Schedule 61:PluginInitializer, deps=[127] (60 pending tasks)
02-23 12:41:27.021 16015 16015 W AppInitScheduler|Schedule: Schedule 140:DirectInitializer, deps=[18, 80] (61 pending tasks)
02-23 12:41:27.021 16015 16015 W AppInitScheduler|Schedule: Schedule 93:SessionScopedProviderInitializer, deps=[79, 142] (62 pending tasks)
02-23 12:41:27.021 16015 16015 W AppInitScheduler|Schedule: Schedule 126:SessionScopedProviderInitializerCompletion, deps=[125] (63 pending tasks)
02-23 12:41:27.021 16015 16015 W AppInitScheduler|Schedule: Schedule 81:PeriodicThreadBoostInitializer, deps=[60] (64 pending tasks)
02-23 12:41:27.021 16015 16015 W AppInitScheduler|Schedule: Schedule 37:BloksInitializer, deps=[64] (65 pending tasks)
02-23 12:41:27.021 16015 16015 W AppInitScheduler|Schedule: Schedule 76:MultiProcessTrackerInitializer, deps=[86] (66 pending tasks)
02-23 12:41:27.021 16015 16015 W AppInitScheduler|Schedule: Schedule 106:IgMmapBufferProcessJob, deps=[76] (67 pending tasks)
02-23 12:41:27.021 16015 16015 W AppInitScheduler|Schedule: Schedule 83:PrivacyFlowInitializer, deps=[106] (68 pending tasks)
02-23 12:41:27.021 16015 16015 W AppInitScheduler|Schedule: Schedule 121:QpLoginInterstitialNeedInitInitializer, deps=[83] (69 pending tasks)
02-23 12:41:27.021 16015 16015 W AppInitScheduler|Schedule: Schedule 92:ScreenTimeInitializer, deps=[121] (70 pending tasks)
02-23 12:41:27.021 16015 16015 W AppInitScheduler|Schedule: Schedule 90:QuietModeInitializer, deps=[92] (71 pending tasks)
02-23 12:41:27.021 16015 16015 W AppInitScheduler|Schedule: Schedule 20:IgFixieAppInitializer, deps=[38] (72 pending tasks)
02-23 12:41:27.021 16015 16015 W AppInitScheduler|Schedule: Schedule 86:PushBlockingTestExecutor, deps=[52] (73 pending tasks)
02-23 12:41:27.021 16015 16015 W AppInitScheduler|Schedule: Schedule 123:ComposeInitializer, deps=[67] (74 pending tasks)
02-23 12:41:27.021 16015 16015 W AppInitScheduler|Schedule: Schedule 67:LithoInitializer, deps=[90] (75 pending tasks)
02-23 12:41:27.021 16015 16015 W AppInitScheduler|Schedule: Schedule 104:YogaInitializer, deps=[37] (76 pending tasks)
02-23 12:41:27.021 16015 16015 W AppInitScheduler|Schedule: Schedule 73:MessageQueueInterceptorInitializer, deps=[82] (77 pending tasks)
02-23 12:41:27.021 16015 16015 W AppInitScheduler|Schedule: Schedule 79:PandoGraphQLInitializer, deps=[140, 80] (78 pending tasks)
02-23 12:41:27.021 16015 16015 W AppInitScheduler|Schedule: Schedule 84:ProxyServiceInitializer, deps=[73] (79 pending tasks)
02-23 12:41:27.021 16015 16015 W AppInitScheduler|Schedule: Schedule 96:SignalManagerEarlyInitializer, deps=[104] (80 pending tasks)
02-23 12:41:27.021 16015 16015 W AppInitScheduler|Schedule: Schedule 54:IgMemoryLoggingManagerInitializer, deps=[71] (81 pending tasks)
02-23 12:41:27.021 16015 16015 W AppInitScheduler|Schedule: Schedule 85:PulsarSchedulerInitializer, deps=[84] (82 pending tasks)
02-23 12:41:27.021 16015 16015 W AppInitScheduler|Schedule: Schedule 26:BackgroundColdStartInitializer, deps=[85] (83 pending tasks)
02-23 12:41:27.021 16015 16015 W AppInitScheduler|Schedule: Schedule 102:UXLoggingInitializer, deps=[26] (84 pending tasks)
02-23 12:41:27.021 16015 16015 W AppInitScheduler|Schedule: Schedule 58:ImageUltraHdrModeInitializer, deps=[102] (85 pending tasks)
02-23 12:41:27.021 16015 16015 W AppInitScheduler|Schedule: Schedule 52:HeroServiceControllerInitializer, deps=[81] (86 pending tasks)
02-23 12:41:27.021 16015 16015 W AppInitScheduler|Schedule: Schedule 119:HeroServiceControllerEarlyInitializer, deps=[19] (87 pending tasks)
02-23 12:41:27.021 16015 16015 W AppInitScheduler|Schedule: Schedule 38:CacheKeyGeneratorInitializer, deps=[47] (88 pending tasks)
02-23 12:41:27.021 16015 16015 W AppInitScheduler|Schedule: Schedule 70:MediaCodecTrackingInitializer, deps=[58] (89 pending tasks)
02-23 12:41:27.021 16015 16015 W AppInitScheduler|Schedule: Schedule 82:PreinflateInitializer, deps=[123] (90 pending tasks)
02-23 12:41:27.021 16015 16015 W AppInitScheduler|Schedule: Schedule 51:HeliumInitializer, deps=[70] (91 pending tasks)
02-23 12:41:27.021 16015 16015 W AppInitScheduler|Schedule: Schedule 53:IgLinkifyInitializer, deps=[43] (92 pending tasks)
02-23 12:41:27.021 16015 16015 W AppInitScheduler|Schedule: Schedule 36:BitmapDebugInitializer, deps=[53] (93 pending tasks)
02-23 12:41:27.021 16015 16015 W AppInitScheduler|Schedule: Schedule 115:EagerReelRequestBuilder, deps=[44] (94 pending tasks)
02-23 12:41:27.021 16015 16015 W AppInitScheduler|Schedule: Schedule 118:ActivityBackstackManagerInitializer, deps=[36] (95 pending tasks)
02-23 12:41:27.021 16015 16015 W AppInitScheduler|Schedule: Schedule 125:PendingWorkInitializer, deps=[118] (96 pending tasks)
02-23 12:41:27.021 16015 16015 W AppInitScheduler|Schedule: Schedule 130:MarkAppInitCriticalWorkComplete, deps=[23, 16, 117, 57, 64, 66, 67, 83, 89, 11, 18, 5, 93, 12, 100, 102, 137] (97 pending tasks)
02-23 12:41:27.021 16015 16015 W AppInitScheduler|Schedule: Schedule 131:CobraInitializer, deps=[126] (98 pending tasks)
02-23 12:41:27.021 16015 16015 W AppInitScheduler|Schedule: Schedule 137:LruCacheTrackerInitializer, deps=[131] (99 pending tasks)
02-23 12:41:27.021 16015 16015 W AppInitScheduler|Schedule: Schedule 138:ResponseObserverInitializer, deps=[133, 130] (100 pending tasks)
02-23 12:41:27.022 16015 16015 W AppInitScheduler|Schedule: Schedule 141:UsdidInitializer, deps=[18, 138] (101 pending tasks)
02-23 12:41:27.022 16015 16015 W AppInitScheduler|Schedule: Schedule 143:PreloadsFirstAppOpenFlagInitializer, deps=[25, 141] (102 pending tasks)
02-23 12:41:27.022 16015 16015 W AppInitScheduler: Shutting down scheduler and waiting for critical work to finish
02-23 12:41:27.022 16015 16015 W AppInitScheduler|Schedule: Shutting down, all work scheduled.
02-23 12:41:27.022 16015 16015 W AppInitScheduler|Schedule: java.lang.RuntimeException
02-23 12:41:27.022 16015 16015 W AppInitScheduler|Schedule: 	at com.instagram.process.instagram.InstagramApplicationForMainProcess.A00(:78094)
02-23 12:41:27.022 16015 16015 W AppInitScheduler|Schedule: 	at com.instagram.process.instagram.InstagramApplicationForMainProcess.initializeAllColdStartJobs(:1404)
02-23 12:41:27.022 16015 16015 W AppInitScheduler|Schedule: 	at com.instagram.process.instagram.InstagramApplicationForMainProcess.scheduleInitializers(:358)
02-23 12:41:27.022 16015 16015 W AppInitScheduler|Schedule: 	at com.instagram.process.instagram.InstagramApplicationForMainProcess.onCreate(:83)
02-23 12:41:27.022 16015 16015 W AppInitScheduler|Schedule: 	at com.instagram.app.InstagramAppShell.onCreate(:1956)
02-23 12:41:27.022 16015 16015 W AppInitScheduler|Schedule: 	at android.app.Instrumentation.callApplicationOnCreate(Instrumentation.java:1381)
02-23 12:41:27.022 16015 16015 W AppInitScheduler|Schedule: 	at android.app.ActivityThread.handleBindApplication(ActivityThread.java:7830)
02-23 12:41:27.022 16015 16015 W AppInitScheduler|Schedule: 	at android.app.ActivityThread.-$$Nest$mhandleBindApplication(Unknown Source:0)
02-23 12:41:27.022 16015 16015 W AppInitScheduler|Schedule: 	at android.app.ActivityThread$H.handleMessage(ActivityThread.java:2546)
02-23 12:41:27.022 16015 16015 W AppInitScheduler|Schedule: 	at android.os.Handler.dispatchMessage(Handler.java:110)
02-23 12:41:27.022 16015 16015 W AppInitScheduler|Schedule: 	at android.os.Looper.loopOnce(Looper.java:248)
02-23 12:41:27.022 16015 16015 W AppInitScheduler|Schedule: 	at android.os.Looper.loop(Looper.java:338)
02-23 12:41:27.022 16015 16015 W AppInitScheduler|Schedule: 	at android.app.ActivityThread.main(ActivityThread.java:9067)
02-23 12:41:27.022 16015 16015 W AppInitScheduler|Schedule: 	at java.lang.reflect.Method.invoke(Native Method)
02-23 12:41:27.022 16015 16015 W AppInitScheduler|Schedule: 	at com.android.internal.os.RuntimeInit$MethodAndArgsCaller.run(RuntimeInit.java:593)
02-23 12:41:27.022 16015 16015 W AppInitScheduler|Schedule: 	at com.android.internal.os.ZygoteInit.main(ZygoteInit.java:932)
02-23 12:41:27.022 16015 16015 W AppInitScheduler|Schedule: Shut down called with 103 pending tasks
02-23 12:41:27.023 16015 16070 W ExperimentConfigurator: Initializing experiment with config: [{"matcher":".odex","op":1,"bg_undo":true,"redo_bg":true},{"matcher":".vdex","op":2,"bg_undo":true,"redo_bg":true},{"matcher":"layouts.bin","op":2,"bg_undo":true,"redo_bg":true}]
02-23 12:41:27.024 16015 16070 W ExperimentConfigurator: Experiment initialized: 3 configs ready
02-23 12:41:27.034 16015 16069 W AppInitScheduler|Run:   Finished EarlyCpuBoostInitializer in 15ms
02-23 12:41:27.034 16015 16069 W AppInitScheduler|Schedule:   Executing 2:DnsInitializer
02-23 12:41:27.035 16015 16072 W AppInitScheduler|Run: Running DnsInitializer
02-23 12:41:27.035 16015 16072 W AppInitScheduler|Run:   Finished DnsInitializer in 0ms
02-23 12:41:27.043 16015 16039 D nativeloader: Load /data/app/~~HP-5ww1_67Hxw1PHW-oBLw==/com.instagram.android-zcg1WShpcwLEK7Q3XB4oeg==/lib/arm64/libbreakpad_cpp_helper.so using class loader ns clns-10 (caller=/data/app/~~HP-5ww1_67Hxw1PHW-oBLw==/com.instagram.android-zcg1WShpcwLEK7Q3XB4oeg==/base.apk!classes11.dex): ok
02-23 12:41:27.045 16015 16039 W lacrima : Start AnrDetector... com.facebook.acra.anr.multisignal.MultiSignalANRDetector
02-23 12:41:27.045 16015 16039 W MultiSignalANRDetectorLacrima: Starting
02-23 12:41:27.045 16015 16039 W ProcessAnrErrorMonitor: startMonitoring with delay: 0
02-23 12:41:27.045 16015 16074 W SigquitDetectorLacrima: nativeInit
02-23 12:41:27.046 16015 16075 W ProcessAnrErrorMonitor: Starting process monitor checks for process 'com.instagram.android'
02-23 12:41:27.046 16015 16075 W MultiSignalANRDetectorLacrima: Started monitoring
02-23 12:41:27.050 16015 16039 E HiddenApis2: Failed to init DecodeJObjectFuncPtr
02-23 12:41:27.053 16015 16039 W dalvik-internals: sigaction64 succeeded
02-23 12:41:27.053 16015 16039 D dalvik-internals: SuspendAndroid11: Found all symbols
02-23 12:41:27.053 16015 16039 D dalvik-internals: SuspendAndroid11: Suspending threads.
02-23 12:41:27.053 16015 16039 D dalvik-internals: SuspendAndroid11: Resuming threads.
02-23 12:41:27.055 16015 16039 V dalvik-internals: hooked signal using trap ()
02-23 12:41:27.056 16015 16039 V dalvik-internals: hooked sigaction using trap ()
02-23 12:41:27.056 16015 16039 I dalvik-internals: integrateWithCrashLog crashlog: /data/user/0/com.instagram.android/crash_log, insta_crashlog: /data/user/0/com.instagram.android/insta_crash_log
02-23 12:41:27.056 16015 16039 I dalvik-internals: installed sigmux crash handler for crash log
02-23 12:41:27.056 16015 16039 W lacrima : LacrimaInitializer.init
02-23 12:41:27.056 16015 16039 W lacrima : Cannot find registered detector
02-23 12:41:27.064 16015 16039 D nativeloader: Load /data/app/~~HP-5ww1_67Hxw1PHW-oBLw==/com.instagram.android-zcg1WShpcwLEK7Q3XB4oeg==/lib/arm64/libfbunwindstack.so using class loader ns clns-10 (caller=/data/app/~~HP-5ww1_67Hxw1PHW-oBLw==/com.instagram.android-zcg1WShpcwLEK7Q3XB4oeg==/base.apk!classes11.dex): ok
02-23 12:41:27.063 16015 16015 W Lacrima_startup: type=1400 audit(0.0:25365): avc:  granted  { execute } for  path="/data/data/com.instagram.android/lib-compressed/libscrollmerged.so" dev="dm-55" ino=602451 scontext=u:r:untrusted_app:s0:c237,c256,c512,c768 tcontext=u:object_r:app_data_file:s0:c237,c256,c512,c768 tclass=file app=com.instagram.android
02-23 12:41:27.072 16015 16039 D nativeloader: Load /data/data/com.instagram.android/lib-compressed/libscrollmerged.so using class loader ns clns-10 (caller=/data/app/~~HP-5ww1_67Hxw1PHW-oBLw==/com.instagram.android-zcg1WShpcwLEK7Q3XB4oeg==/base.apk!classes11.dex): ok
02-23 12:41:27.074 16015 16038 W lacrima : FixedLengthFiles.init() called twice.
02-23 12:41:27.074 16015 16038 W lacrima : FixedLengthFiles.init() called twice.
02-23 12:41:27.100 16015 16070 W OptimizationRunner: Optimization plan executed but processed 0 bytes
02-23 12:41:27.100 16015 16070 W MlockOptimization: mlock2 0x6d60c10000 128196608 failed for 6d60c10000-6d68652000 rw-p 00000000 fe:37 945137                         /data/app/~~HP-5ww1_67Hxw1PHW-oBLw==/com.instagram.android-zcg1WShpcwLEK7Q3XB4oeg==/oat/arm64/base.vdex, falling back to mlock
02-23 12:41:27.100 16015 16070 E MlockOptimization: mlock 0x6d60c10000 128196608 failed for 6d60c10000-6d68652000 rw-p 00000000 fe:37 945137                         /data/app/~~HP-5ww1_67Hxw1PHW-oBLw==/com.instagram.android-zcg1WShpcwLEK7Q3XB4oeg==/oat/arm64/base.vdex
02-23 12:41:27.100 16015 16070 W OptimizationRunner: Optimization plan executed but processed 0 bytes
02-23 12:41:27.100 16015 16070 W OptimizationRunner: Optimization plan executed but processed 0 bytes
02-23 12:41:27.100 16015 16070 W ExperimentConfigurator: onAppInit completed: 0 configs executed
02-23 12:41:27.100 16015 16070 W AppInitScheduler|Run:   Finished MlockInitializer in 80ms
02-23 12:41:27.100 16015 16070 W AppInitScheduler|Schedule:   Executing 107:IgFixieEarlyInitializer
02-23 12:41:27.101 16015 16081 W AppInitScheduler|Run: Running IgFixieEarlyInitializer
02-23 12:41:27.101 16015 16081 W AppInitScheduler|Run:   Finished IgFixieEarlyInitializer in 1ms
02-23 12:41:27.101 16015 16081 W AppInitScheduler|Schedule:   Executing 4:StartupTypeDetectorInitializer
02-23 12:41:27.102 16015 16083 W AppInitScheduler|Run: Running StartupTypeDetectorInitializer
02-23 12:41:27.102 16015 16083 W AppInitScheduler|Run:   Finished StartupTypeDetectorInitializer in 0ms
02-23 12:41:27.102 16015 16083 W AppInitScheduler|Schedule:   Executing 5:SessionInitializer
02-23 12:41:27.103 16015 16084 W AppInitScheduler|Run: Running SessionInitializer
02-23 12:41:27.107 16015 16082 W stagram.android: JNI RegisterNativeMethods: attempt to register 0 native methods for com.facebook.pando.PandoDataJNI
02-23 12:41:27.120 16015 16084 W IgMetaConfig: Could not obtain MC: null_factory 
02-23 12:41:27.120 16015 16084 W IgMetaConfig: java.lang.RuntimeException: Could not obtain MC, call-site will receive default values
02-23 12:41:27.120 16015 16084 W IgMetaConfig: 	at X.2kA.A06(:4)
02-23 12:41:27.120 16015 16084 W IgMetaConfig: 	at X.2kA.A05(:8)
02-23 12:41:27.120 16015 16084 W IgMetaConfig: 	at X.2kA.A03(:2)
02-23 12:41:27.120 16015 16084 W IgMetaConfig: 	at X.9vp.invoke(:119)
02-23 12:41:27.120 16015 16084 W IgMetaConfig: 	at X.458.getValue(:25)
02-23 12:41:27.120 16015 16084 W IgMetaConfig: 	at X.2jt.invoke(:96)
02-23 12:41:27.120 16015 16084 W IgMetaConfig: 	at X.458.getValue(:25)
02-23 12:41:27.120 16015 16084 W IgMetaConfig: 	at X.9vk.A02(:573)
02-23 12:41:27.120 16015 16084 W IgMetaConfig: 	at X.9vk.invoke(:5)
02-23 12:41:27.120 16015 16084 W IgMetaConfig: 	at X.458.getValue(:25)
02-23 12:41:27.120 16015 16084 W IgMetaConfig: 	at X.6mT.A04(:30)
02-23 12:41:27.120 16015 16084 W IgMetaConfig: 	at X.2io.A01(:320)
02-23 12:41:27.120 16015 16084 W IgMetaConfig: 	at X.2bl.<init>(:246)
02-23 12:41:27.120 16015 16084 W IgMetaConfig: 	at X.AHa.invoke(:1866)
02-23 12:41:27.120 16015 16084 W IgMetaConfig: 	at X.458.getValue(:25)
02-23 12:41:27.120 16015 16084 W IgMetaConfig: 	at X.2bn.A00(:4)
02-23 12:41:27.120 16015 16084 W IgMetaConfig: 	at X.2bn.A07(:4)
02-23 12:41:27.120 16015 16084 W IgMetaConfig: 	at X.1uv.A05(:49)
02-23 12:41:27.120 16015 16084 W IgMetaConfig: 	at X.1ss.DIg(:78)
02-23 12:41:27.120 16015 16084 W IgMetaConfig: 	at X.1bn.A00(:82)
02-23 12:41:27.120 16015 16084 W IgMetaConfig: 	at X.1bn.run(:0)
02-23 12:41:27.120 16015 16084 W IgMetaConfig: 	at java.util.concurrent.ThreadPoolExecutor.runWorker(ThreadPoolExecutor.java:1154)
02-23 12:41:27.120 16015 16084 W IgMetaConfig: 	at java.util.concurrent.ThreadPoolExecutor$Worker.run(ThreadPoolExecutor.java:652)
02-23 12:41:27.120 16015 16084 W IgMetaConfig: 	at X.1bp.run(:15)
02-23 12:41:27.120 16015 16084 W IgMetaConfig: 	at java.lang.Thread.run(Thread.java:1564)
02-23 12:41:27.121 16015 16084 W IgMetaConfig: Could not obtain MC: null_factory 
02-23 12:41:27.121 16015 16084 W IgMetaConfig: java.lang.RuntimeException: Could not obtain MC, call-site will receive default values
02-23 12:41:27.121 16015 16084 W IgMetaConfig: 	at X.2kA.A06(:4)
02-23 12:41:27.121 16015 16084 W IgMetaConfig: 	at X.2kA.A05(:8)
02-23 12:41:27.121 16015 16084 W IgMetaConfig: 	at X.2kA.A03(:2)
02-23 12:41:27.121 16015 16084 W IgMetaConfig: 	at X.9vp.invoke(:976)
02-23 12:41:27.121 16015 16084 W IgMetaConfig: 	at X.Asd.invoke(:209)
02-23 12:41:27.121 16015 16084 W IgMetaConfig: 	at X.458.getValue(:25)
02-23 12:41:27.121 16015 16084 W IgMetaConfig: 	at X.8Sm.A01(:8)
02-23 12:41:27.121 16015 16084 W IgMetaConfig: 	at X.2kh.A00(:10)
02-23 12:41:27.121 16015 16084 W IgMetaConfig: 	at X.2jt.invoke(:121)
02-23 12:41:27.121 16015 16084 W IgMetaConfig: 	at X.458.getValue(:25)
02-23 12:41:27.121 16015 16084 W IgMetaConfig: 	at X.9vk.A02(:573)
02-23 12:41:27.121 16015 16084 W IgMetaConfig: 	at X.9vk.invoke(:5)
02-23 12:41:27.121 16015 16084 W IgMetaConfig: 	at X.458.getValue(:25)
02-23 12:41:27.121 16015 16084 W IgMetaConfig: 	at X.6mT.A04(:30)
02-23 12:41:27.121 16015 16084 W IgMetaConfig: 	at X.2io.A01(:320)
02-23 12:41:27.121 16015 16084 W IgMetaConfig: 	at X.2bl.<init>(:246)
02-23 12:41:27.121 16015 16084 W IgMetaConfig: 	at X.AHa.invoke(:1866)
02-23 12:41:27.121 16015 16084 W IgMetaConfig: 	at X.458.getValue(:25)
02-23 12:41:27.121 16015 16084 W IgMetaConfig: 	at X.2bn.A00(:4)
02-23 12:41:27.121 16015 16084 W IgMetaConfig: 	at X.2bn.A07(:4)
02-23 12:41:27.121 16015 16084 W IgMetaConfig: 	at X.1uv.A05(:49)
02-23 12:41:27.121 16015 16084 W IgMetaConfig: 	at X.1ss.DIg(:78)
02-23 12:41:27.121 16015 16084 W IgMetaConfig: 	at X.1bn.A00(:82)
02-23 12:41:27.121 16015 16084 W IgMetaConfig: 	at X.1bn.run(:0)
02-23 12:41:27.121 16015 16084 W IgMetaConfig: 	at java.util.concurrent.ThreadPoolExecutor.runWorker(ThreadPoolExecutor.java:1154)
02-23 12:41:27.121 16015 16084 W IgMetaConfig: 	at java.util.concurrent.ThreadPoolExecutor$Worker.run(ThreadPoolExecutor.java:652)
02-23 12:41:27.121 16015 16084 W IgMetaConfig: 	at X.1bp.run(:15)
02-23 12:41:27.121 16015 16084 W IgMetaConfig: 	at java.lang.Thread.run(Thread.java:1564)
02-23 12:41:27.121 16015 16084 W IgMetaConfig: Could not obtain MC: null_factory 
02-23 12:41:27.121 16015 16084 W IgMetaConfig: java.lang.RuntimeException: Could not obtain MC, call-site will receive default values
02-23 12:41:27.121 16015 16084 W IgMetaConfig: 	at X.2kA.A06(:4)
02-23 12:41:27.121 16015 16084 W IgMetaConfig: 	at X.2kA.A05(:8)
02-23 12:41:27.121 16015 16084 W IgMetaConfig: 	at X.2kA.A03(:2)
02-23 12:41:27.121 16015 16084 W IgMetaConfig: 	at X.9vp.invoke(:991)
02-23 12:41:27.121 16015 16084 W IgMetaConfig: 	at X.Asd.invoke(:209)
02-23 12:41:27.121 16015 16084 W IgMetaConfig: 	at X.458.getValue(:25)
02-23 12:41:27.121 16015 16084 W IgMetaConfig: 	at X.8Sm.A01(:8)
02-23 12:41:27.121 16015 16084 W IgMetaConfig: 	at X.2kh.A00(:10)
02-23 12:41:27.121 16015 16084 W IgMetaConfig: 	at X.2jt.invoke(:121)
02-23 12:41:27.121 16015 16084 W IgMetaConfig: 	at X.458.getValue(:25)
02-23 12:41:27.121 16015 16084 W IgMetaConfig: 	at X.9vk.A02(:573)
02-23 12:41:27.121 16015 16084 W IgMetaConfig: 	at X.9vk.invoke(:5)
02-23 12:41:27.121 16015 16084 W IgMetaConfig: 	at X.458.getValue(:25)
02-23 12:41:27.121 16015 16084 W IgMetaConfig: 	at X.6mT.A04(:30)
02-23 12:41:27.121 16015 16084 W IgMetaConfig: 	at X.2io.A01(:320)
02-23 12:41:27.121 16015 16084 W IgMetaConfig: 	at X.2bl.<init>(:246)
02-23 12:41:27.121 16015 16084 W IgMetaConfig: 	at X.AHa.invoke(:1866)
02-23 12:41:27.121 16015 16084 W IgMetaConfig: 	at X.458.getValue(:25)
02-23 12:41:27.121 16015 16084 W IgMetaConfig: 	at X.2bn.A00(:4)
02-23 12:41:27.121 16015 16084 W IgMetaConfig: 	at X.2bn.A07(:4)
02-23 12:41:27.121 16015 16084 W IgMetaConfig: 	at X.1uv.A05(:49)
02-23 12:41:27.121 16015 16084 W IgMetaConfig: 	at X.1ss.DIg(:78)
02-23 12:41:27.121 16015 16084 W IgMetaConfig: 	at X.1bn.A00(:82)
02-23 12:41:27.121 16015 16084 W IgMetaConfig: 	at X.1bn.run(:0)
02-23 12:41:27.121 16015 16084 W IgMetaConfig: 	at java.util.concurrent.ThreadPoolExecutor.runWorker(ThreadPoolExecutor.java:1154)
02-23 12:41:27.121 16015 16084 W IgMetaConfig: 	at java.util.concurrent.ThreadPoolExecutor$Worker.run(ThreadPoolExecutor.java:652)
02-23 12:41:27.121 16015 16084 W IgMetaConfig: 	at X.1bp.run(:15)
02-23 12:41:27.121 16015 16084 W IgMetaConfig: 	at java.lang.Thread.run(Thread.java:1564)
02-23 12:41:27.123 16015 16084 W AppInitScheduler|Run:   Finished SessionInitializer in 20ms
02-23 12:41:27.123 16015 16084 W AppInitScheduler|Schedule:   Executing 7:LiteProviderInitializer
02-23 12:41:27.123 16015 16090 W AppInitScheduler|Run: Running LiteProviderInitializer
02-23 12:41:27.123 16015 16090 W AppInitScheduler|Run:   Finished LiteProviderInitializer in 1ms
02-23 12:41:27.123 16015 16090 W AppInitScheduler|Schedule:   Executing 8:LightweightQPLInitializerImpl
02-23 12:41:27.124 16015 16091 W AppInitScheduler|Run: Running LightweightQPLInitializerImpl
02-23 12:41:27.124 16015 16091 W AppInitScheduler|Run:   Finished LightweightQPLInitializerImpl in 1ms
02-23 12:41:27.124 16015 16091 W AppInitScheduler|Schedule:   Executing 9:LacrimaHealthInitializer
02-23 12:41:27.125 16015 16092 W AppInitScheduler|Run: Running LacrimaHealthInitializer
02-23 12:41:27.125 16015 16092 W AppInitScheduler|Run:   Finished LacrimaHealthInitializer in 0ms
02-23 12:41:27.125 16015 16092 W AppInitScheduler|Schedule:   Executing 10:IgSharedPreferencesQPLInitializer
02-23 12:41:27.125 16015 16092 W AppInitScheduler|Run: Running IgSharedPreferencesQPLInitializer
02-23 12:41:27.125 16015 16092 W AppInitScheduler|Run:   Finished IgSharedPreferencesQPLInitializer in 0ms
02-23 12:41:27.125 16015 16092 W AppInitScheduler|Schedule:   Executing 11:QEInitializer
02-23 12:41:27.125 16015 16092 W AppInitScheduler|Run: Running QEInitializer
02-23 12:41:27.130 16015 16092 W IgMetaConfig: Could not obtain MC: not_user_session session=X.AqB@e003959
02-23 12:41:27.130 16015 16092 W IgMetaConfig: java.lang.RuntimeException: Could not obtain MC, call-site will receive default values
02-23 12:41:27.130 16015 16092 W IgMetaConfig: 	at X.2kA.A06(:4)
02-23 12:41:27.130 16015 16092 W IgMetaConfig: 	at X.2kA.A05(:8)
02-23 12:41:27.130 16015 16092 W IgMetaConfig: 	at X.2kA.A03(:2)
02-23 12:41:27.130 16015 16092 W IgMetaConfig: 	at X.2li.A00(:8)
02-23 12:41:27.130 16015 16092 W IgMetaConfig: 	at X.2li.A01(:2)
02-23 12:41:27.130 16015 16092 W IgMetaConfig: 	at X.2lg.A00(:8)
02-23 12:41:27.130 16015 16092 W IgMetaConfig: 	at X.AHU.invoke(:994)
02-23 12:41:27.130 16015 16092 W IgMetaConfig: 	at X.458.getValue(:25)
02-23 12:41:27.130 16015 16092 W IgMetaConfig: 	at X.2lf.A01(:2)
02-23 12:41:27.130 16015 16092 W IgMetaConfig: 	at X.AHU.invoke(:1050)
02-23 12:41:27.130 16015 16092 W IgMetaConfig: 	at X.1su.A04(:32)
02-23 12:41:27.130 16015 16092 W IgMetaConfig: 	at X.1vg.A05(:155)
02-23 12:41:27.130 16015 16092 W IgMetaConfig: 	at X.1ss.DIg(:78)
02-23 12:41:27.130 16015 16092 W IgMetaConfig: 	at X.1bn.A00(:82)
02-23 12:41:27.130 16015 16092 W IgMetaConfig: 	at X.1bn.run(:0)
02-23 12:41:27.130 16015 16092 W IgMetaConfig: 	at java.util.concurrent.ThreadPoolExecutor.runWorker(ThreadPoolExecutor.java:1154)
02-23 12:41:27.130 16015 16092 W IgMetaConfig: 	at java.util.concurrent.ThreadPoolExecutor$Worker.run(ThreadPoolExecutor.java:652)
02-23 12:41:27.130 16015 16092 W IgMetaConfig: 	at X.1bp.run(:15)
02-23 12:41:27.130 16015 16092 W IgMetaConfig: 	at java.lang.Thread.run(Thread.java:1564)
02-23 12:41:27.141 16015 16092 W AppInitScheduler|Run:   Finished QEInitializer in 15ms
02-23 12:41:27.141 16015 16092 W AppInitScheduler|Schedule:   Executing 120:MainFeedRequestHeaderInitializer
02-23 12:41:27.141 16015 16092 W AppInitScheduler|Run: Running MainFeedRequestHeaderInitializer
02-23 12:41:27.141 16015 16092 W AppInitScheduler|Run:   Finished MainFeedRequestHeaderInitializer in 0ms
02-23 12:41:27.141 16015 16092 W AppInitScheduler|Schedule:   Executing 134:UserPreferencesInitializer
02-23 12:41:27.141 16015 16092 W AppInitScheduler|Run: Running UserPreferencesInitializer
02-23 12:41:27.141 16015 16092 W AppInitScheduler|Run:   Finished UserPreferencesInitializer in 0ms
02-23 12:41:27.141 16015 16092 W AppInitScheduler|Schedule:   Executing 12:StorageInitializer
02-23 12:41:27.142 16015 16083 W AppInitScheduler|Run: Running StorageInitializer
02-23 12:41:27.142 16015 16083 E QPLProvider: QuickPerformanceLogger instance wasn't installed in provider, returning noop. Please call QuickPerformanceLoggerProvider.setQuickPerformanceLogger() before getting the instance.
02-23 12:41:27.142 16015 16083 E QPLProvider: java.lang.IllegalStateException: No QPL instance provided
02-23 12:41:27.142 16015 16083 E QPLProvider: 	at com.facebook.quicklog.QuickPerformanceLoggerProvider.getQPLInstance(:8)
02-23 12:41:27.142 16015 16083 E QPLProvider: 	at X.6oR.<init>(:3)
02-23 12:41:27.142 16015 16083 E QPLProvider: 	at X.2on.<init>(:0)
02-23 12:41:27.142 16015 16083 E QPLProvider: 	at X.2om.A00(:17)
02-23 12:41:27.142 16015 16083 E QPLProvider: 	at X.2oe.<init>(:0)
02-23 12:41:27.142 16015 16083 E QPLProvider: 	at X.2ol.A00(:18)
02-23 12:41:27.142 16015 16083 E QPLProvider: 	at X.2nx.<init>(:16)
02-23 12:41:27.142 16015 16083 E QPLProvider: 	at X.1vh.A05(:36)
02-23 12:41:27.142 16015 16083 E QPLProvider: 	at X.1ss.DIg(:78)
02-23 12:41:27.142 16015 16083 E QPLProvider: 	at X.1bn.A00(:82)
02-23 12:41:27.142 16015 16083 E QPLProvider: 	at X.1bn.run(:0)
02-23 12:41:27.142 16015 16083 E QPLProvider: 	at java.util.concurrent.ThreadPoolExecutor.runWorker(ThreadPoolExecutor.java:1154)
02-23 12:41:27.142 16015 16083 E QPLProvider: 	at java.util.concurrent.ThreadPoolExecutor$Worker.run(ThreadPoolExecutor.java:652)
02-23 12:41:27.142 16015 16083 E QPLProvider: 	at X.1bp.run(:15)
02-23 12:41:27.142 16015 16083 E QPLProvider: 	at java.lang.Thread.run(Thread.java:1564)
02-23 12:41:27.143 16015 16083 E QPLProvider: QuickPerformanceLogger instance wasn't installed in provider, returning noop. Please call QuickPerformanceLoggerProvider.setQuickPerformanceLogger() before getting the instance.
